Archive member included to satisfy reference by file (symbol)

C:/ST/STM32CubeIDE_2.2.0/STM32CubeIDE/plugins/com.st.stm32cube.ide.mcu.externaltools.gnu-tools-for-stm32.14.3.rel1.win32_1.0.100.202602081740/tools/bin/../lib/gcc/arm-none-eabi/14.3.1/../../../../arm-none-eabi/lib/thumb/v7e-m+dp/hard\libc_nano.a(libc_a-exit.o)
                              C:/ST/STM32CubeIDE_2.2.0/STM32CubeIDE/plugins/com.st.stm32cube.ide.mcu.externaltools.gnu-tools-for-stm32.14.3.rel1.win32_1.0.100.202602081740/tools/bin/../lib/gcc/arm-none-eabi/14.3.1/../../../../arm-none-eabi/lib/thumb/v7e-m+dp/hard/crt0.o (exit)
C:/ST/STM32CubeIDE_2.2.0/STM32CubeIDE/plugins/com.st.stm32cube.ide.mcu.externaltools.gnu-tools-for-stm32.14.3.rel1.win32_1.0.100.202602081740/tools/bin/../lib/gcc/arm-none-eabi/14.3.1/../../../../arm-none-eabi/lib/thumb/v7e-m+dp/hard\libc_nano.a(libc_a-findfp.o)
                              C:/ST/STM32CubeIDE_2.2.0/STM32CubeIDE/plugins/com.st.stm32cube.ide.mcu.externaltools.gnu-tools-for-stm32.14.3.rel1.win32_1.0.100.202602081740/tools/bin/../lib/gcc/arm-none-eabi/14.3.1/../../../../arm-none-eabi/lib/thumb/v7e-m+dp/hard\libc_nano.a(libc_a-exit.o) (__stdio_exit_handler)
C:/ST/STM32CubeIDE_2.2.0/STM32CubeIDE/plugins/com.st.stm32cube.ide.mcu.externaltools.gnu-tools-for-stm32.14.3.rel1.win32_1.0.100.202602081740/tools/bin/../lib/gcc/arm-none-eabi/14.3.1/../../../../arm-none-eabi/lib/thumb/v7e-m+dp/hard\libc_nano.a(libc_a-fwalk.o)
                              C:/ST/STM32CubeIDE_2.2.0/STM32CubeIDE/plugins/com.st.stm32cube.ide.mcu.externaltools.gnu-tools-for-stm32.14.3.rel1.win32_1.0.100.202602081740/tools/bin/../lib/gcc/arm-none-eabi/14.3.1/../../../../arm-none-eabi/lib/thumb/v7e-m+dp/hard\libc_nano.a(libc_a-findfp.o) (_fwalk_sglue)
C:/ST/STM32CubeIDE_2.2.0/STM32CubeIDE/plugins/com.st.stm32cube.ide.mcu.externaltools.gnu-tools-for-stm32.14.3.rel1.win32_1.0.100.202602081740/tools/bin/../lib/gcc/arm-none-eabi/14.3.1/../../../../arm-none-eabi/lib/thumb/v7e-m+dp/hard\libc_nano.a(libc_a-stdio.o)
                              C:/ST/STM32CubeIDE_2.2.0/STM32CubeIDE/plugins/com.st.stm32cube.ide.mcu.externaltools.gnu-tools-for-stm32.14.3.rel1.win32_1.0.100.202602081740/tools/bin/../lib/gcc/arm-none-eabi/14.3.1/../../../../arm-none-eabi/lib/thumb/v7e-m+dp/hard\libc_nano.a(libc_a-findfp.o) (__sread)
C:/ST/STM32CubeIDE_2.2.0/STM32CubeIDE/plugins/com.st.stm32cube.ide.mcu.externaltools.gnu-tools-for-stm32.14.3.rel1.win32_1.0.100.202602081740/tools/bin/../lib/gcc/arm-none-eabi/14.3.1/../../../../arm-none-eabi/lib/thumb/v7e-m+dp/hard\libc_nano.a(libc_a-memset.o)
                              C:/ST/STM32CubeIDE_2.2.0/STM32CubeIDE/plugins/com.st.stm32cube.ide.mcu.externaltools.gnu-tools-for-stm32.14.3.rel1.win32_1.0.100.202602081740/tools/bin/../lib/gcc/arm-none-eabi/14.3.1/../../../../arm-none-eabi/lib/thumb/v7e-m+dp/hard/crt0.o (memset)
C:/ST/STM32CubeIDE_2.2.0/STM32CubeIDE/plugins/com.st.stm32cube.ide.mcu.externaltools.gnu-tools-for-stm32.14.3.rel1.win32_1.0.100.202602081740/tools/bin/../lib/gcc/arm-none-eabi/14.3.1/../../../../arm-none-eabi/lib/thumb/v7e-m+dp/hard\libc_nano.a(libc_a-closer.o)
                              C:/ST/STM32CubeIDE_2.2.0/STM32CubeIDE/plugins/com.st.stm32cube.ide.mcu.externaltools.gnu-tools-for-stm32.14.3.rel1.win32_1.0.100.202602081740/tools/bin/../lib/gcc/arm-none-eabi/14.3.1/../../../../arm-none-eabi/lib/thumb/v7e-m+dp/hard\libc_nano.a(libc_a-stdio.o) (_close_r)
C:/ST/STM32CubeIDE_2.2.0/STM32CubeIDE/plugins/com.st.stm32cube.ide.mcu.externaltools.gnu-tools-for-stm32.14.3.rel1.win32_1.0.100.202602081740/tools/bin/../lib/gcc/arm-none-eabi/14.3.1/../../../../arm-none-eabi/lib/thumb/v7e-m+dp/hard\libc_nano.a(libc_a-reent.o)
                              C:/ST/STM32CubeIDE_2.2.0/STM32CubeIDE/plugins/com.st.stm32cube.ide.mcu.externaltools.gnu-tools-for-stm32.14.3.rel1.win32_1.0.100.202602081740/tools/bin/../lib/gcc/arm-none-eabi/14.3.1/../../../../arm-none-eabi/lib/thumb/v7e-m+dp/hard\libc_nano.a(libc_a-closer.o) (errno)
C:/ST/STM32CubeIDE_2.2.0/STM32CubeIDE/plugins/com.st.stm32cube.ide.mcu.externaltools.gnu-tools-for-stm32.14.3.rel1.win32_1.0.100.202602081740/tools/bin/../lib/gcc/arm-none-eabi/14.3.1/../../../../arm-none-eabi/lib/thumb/v7e-m+dp/hard\libc_nano.a(libc_a-impure.o)
                              C:/ST/STM32CubeIDE_2.2.0/STM32CubeIDE/plugins/com.st.stm32cube.ide.mcu.externaltools.gnu-tools-for-stm32.14.3.rel1.win32_1.0.100.202602081740/tools/bin/../lib/gcc/arm-none-eabi/14.3.1/../../../../arm-none-eabi/lib/thumb/v7e-m+dp/hard\libc_nano.a(libc_a-reent.o) (_impure_ptr)
C:/ST/STM32CubeIDE_2.2.0/STM32CubeIDE/plugins/com.st.stm32cube.ide.mcu.externaltools.gnu-tools-for-stm32.14.3.rel1.win32_1.0.100.202602081740/tools/bin/../lib/gcc/arm-none-eabi/14.3.1/../../../../arm-none-eabi/lib/thumb/v7e-m+dp/hard\libc_nano.a(libc_a-lseekr.o)
[...]
Memory Configuration

Name             Origin             Length             Attributes
ITCMRAM          0x00000000         0x00010000         xrw
DTCMRAM          0x20000000         0x00020000         xrw
FLASH            0x08000000         0x00100000         xr
RAM_D1           0x24000000         0x00050000         xrw
RAM_D2           0x30000000         0x00008000         xrw
RAM_D3           0x38000000         0x00004000         xrw
*default*        0x00000000         0xffffffff

Linker script and memory map

LOAD C:/ST/STM32CubeIDE_2.2.0/STM32CubeIDE/plugins/com.st.stm32cube.ide.mcu.externaltools.gnu-tools-for-stm32.14.3.rel1.win32_1.0.100.202602081740/tools/bin/../lib/gcc/arm-none-eabi/14.3.1/thumb/v7e-m+dp/hard/crti.o
LOAD C:/ST/STM32CubeIDE_2.2.0/STM32CubeIDE/plugins/com.st.stm32cube.ide.mcu.externaltools.gnu-tools-for-stm32.14.3.rel1.win32_1.0.100.202602081740/tools/bin/../lib/gcc/arm-none-eabi/14.3.1/thumb/v7e-m+dp/hard/crtbegin.o
LOAD C:/ST/STM32CubeIDE_2.2.0/STM32CubeIDE/plugins/com.st.stm32cube.ide.mcu.externaltools.gnu-tools-for-stm32.14.3.rel1.win32_1.0.100.202602081740/tools/bin/../lib/gcc/arm-none-eabi/14.3.1/../../../../arm-none-eabi/lib/thumb/v7e-m+dp/hard/crt0.o
LOAD ./Core/Src/icm45686_data.o
LOAD ./Core/Src/icm45686_spi.o
LOAD ./Core/Src/main.o
LOAD ./Core/Src/stm32h7xx_it.o
LOAD ./Core/Src/syscalls.o
LOAD ./Core/Src/sysmem.o
LOAD ./Core/Src/system_stm32h7xx.o
LOAD ./Core/Src/uart_telemetry.o
LOAD ./Core/Startup/startup_stm32h723zgtx.o
LOAD ./Drivers/STM32H7xx_HAL_Driver/Src/stm32h7xx_ll_bdma.o
LOAD ./Drivers/STM32H7xx_HAL_Driver/Src/stm32h7xx_ll_dma.o
LOAD ./Drivers/STM32H7xx_HAL_Driver/Src/stm32h7xx_ll_exti.o
LOAD ./Drivers/STM32H7xx_HAL_Driver/Src/stm32h7xx_ll_gpio.o
LOAD ./Drivers/STM32H7xx_HAL_Driver/Src/stm32h7xx_ll_pwr.o
LOAD ./Drivers/STM32H7xx_HAL_Driver/Src/stm32h7xx_ll_rcc.o
LOAD ./Drivers/STM32H7xx_HAL_Driver/Src/stm32h7xx_ll_spi.o
LOAD ./Drivers/STM32H7xx_HAL_Driver/Src/stm32h7xx_ll_tim.o
LOAD ./Drivers/STM32H7xx_HAL_Driver/Src/stm32h7xx_ll_usart.o
LOAD ./Drivers/STM32H7xx_HAL_Driver/Src/stm32h7xx_ll_utils.o
START GROUP
LOAD C:/ST/STM32CubeIDE_2.2.0/STM32CubeIDE/plugins/com.st.stm32cube.ide.mcu.externaltools.gnu-tools-for-stm32.14.3.rel1.win32_1.0.100.202602081740/tools/bin/../lib/gcc/arm-none-eabi/14.3.1/../../../../arm-none-eabi/lib/thumb/v7e-m+dp/hard\libc_nano.a
LOAD C:/ST/STM32CubeIDE_2.2.0/STM32CubeIDE/plugins/com.st.stm32cube.ide.mcu.externaltools.gnu-tools-for-stm32.14.3.rel1.win32_1.0.100.202602081740/tools/bin/../lib/gcc/arm-none-eabi/14.3.1/../../../../arm-none-eabi/lib/thumb/v7e-m+dp/hard\libm.a
END GROUP
START GROUP
LOAD C:/ST/STM32CubeIDE_2.2.0/STM32CubeIDE/plugins/com.st.stm32cube.ide.mcu.externaltools.gnu-tools-for-stm32.14.3.rel1.win32_1.0.100.202602081740/tools/bin/../lib/gcc/arm-none-eabi/14.3.1/thumb/v7e-m+dp/hard\libgcc.a
LOAD C:/ST/STM32CubeIDE_2.2.0/STM32CubeIDE/plugins/com.st.stm32cube.ide.mcu.externaltools.gnu-tools-for-stm32.14.3.rel1.win32_1.0.100.202602081740/tools/bin/../lib/gcc/arm-none-eabi/14.3.1/../../../../arm-none-eabi/lib/thumb/v7e-m+dp/hard\libc_nano.a
END GROUP
START GROUP
LOAD C:/ST/STM32CubeIDE_2.2.0/STM32CubeIDE/plugins/com.st.stm32cube.ide.mcu.externaltools.gnu-tools-for-stm32.14.3.rel1.win32_1.0.100.202602081740/tools/bin/../lib/gcc/arm-none-eabi/14.3.1/thumb/v7e-m+dp/hard\libgcc.a
LOAD C:/ST/STM32CubeIDE_2.2.0/STM32CubeIDE/plugins/com.st.stm32cube.ide.mcu.externaltools.gnu-tools-for-stm32.14.3.rel1.win32_1.0.100.202602081740/tools/bin/../lib/gcc/arm-none-eabi/14.3.1/../../../../arm-none-eabi/lib/thumb/v7e-m+dp/hard\libc_nano.a
LOAD C:/ST/STM32CubeIDE_2.2.0/STM32CubeIDE/plugins/com.st.stm32cube.ide.mcu.externaltools.gnu-tools-for-stm32.14.3.rel1.win32_1.0.100.202602081740/tools/bin/../lib/gcc/arm-none-eabi/14.3.1/../../../../arm-none-eabi/lib/thumb/v7e-m+dp/hard\libnosys.a
END GROUP
START GROUP
LOAD C:/ST/STM32CubeIDE_2.2.0/STM32CubeIDE/plugins/com.st.stm32cube.ide.mcu.externaltools.gnu-tools-for-stm32.14.3.rel1.win32_1.0.100.202602081740/tools/bin/../lib/gcc/arm-none-eabi/14.3.1/thumb/v7e-m+dp/hard\libgcc.a
LOAD C:/ST/STM32CubeIDE_2.2.0/STM32CubeIDE/plugins/com.st.stm32cube.ide.mcu.externaltools.gnu-tools-for-stm32.14.3.rel1.win32_1.0.100.202602081740/tools/bin/../lib/gcc/arm-none-eabi/14.3.1/../../../../arm-none-eabi/lib/thumb/v7e-m+dp/hard\libc_nano.a
LOAD C:/ST/STM32CubeIDE_2.2.0/STM32CubeIDE/plugins/com.st.stm32cube.ide.mcu.externaltools.gnu-tools-for-stm32.14.3.rel1.win32_1.0.100.202602081740/tools/bin/../lib/gcc/arm-none-eabi/14.3.1/../../../../arm-none-eabi/lib/thumb/v7e-m+dp/hard\libnosys.a
END GROUP
LOAD C:/ST/STM32CubeIDE_2.2.0/STM32CubeIDE/plugins/com.st.stm32cube.ide.mcu.externaltools.gnu-tools-for-stm32.14.3.rel1.win32_1.0.100.202602081740/tools/bin/../lib/gcc/arm-none-eabi/14.3.1/thumb/v7e-m+dp/hard/crtend.o
LOAD C:/ST/STM32CubeIDE_2.2.0/STM32CubeIDE/plugins/com.st.stm32cube.ide.mcu.externaltools.gnu-tools-for-stm32.14.3.rel1.win32_1.0.100.202602081740/tools/bin/../lib/gcc/arm-none-eabi/14.3.1/thumb/v7e-m+dp/hard/crtn.o
                0x24050000                        _estack = (ORIGIN (RAM_D1) + LENGTH (RAM_D1))
                0x00000200                        _Min_Heap_Size = 0x200
                0x00000400                        _Min_Stack_Size = 0x400

.isr_vector     0x08000000      0x2cc
                0x08000000                        . = ALIGN (0x4)
 *(.isr_vector)
 .isr_vector    0x08000000      0x2cc ./Core/Startup/startup_stm32h723zgtx.o
                0x08000000                g_pfnVectors
                0x080002cc                        . = ALIGN (0x4)

.text           0x080002cc     0x5564
                0x080002cc                        . = ALIGN (0x4)
 *(.text)
 .text          0x080002cc       0x40 C:/ST/STM32CubeIDE_2.2.0/STM32CubeIDE/plugins/com.st.stm32cube.ide.mcu.externaltools.gnu-tools-for-stm32.14.3.rel1.win32_1.0.100.202602081740/tools/bin/../lib/gcc/arm-none-eabi/14.3.1/thumb/v7e-m+dp/hard/crtbegin.o
 *(.text*)
 .text.ICM_ParseFIFOBuffer
                0x0800030c      0x152 ./Core/Src/icm45686_data.o
                0x0800030c                ICM_ParseFIFOBuffer
 *fill*         0x0800045e        0x2 
 .text.ICM_ParseAllFIFO
                0x08000460       0xe0 ./Core/Src/icm45686_data.o
                0x08000460                ICM_ParseAllFIFO
 .text.LL_DMA_EnableStream
                0x08000540       0x44 ./Core/Src/icm45686_spi.o
 .text.LL_DMA_DisableStream
                0x08000584       0x44 ./Core/Src/icm45686_spi.o
 .text.LL_DMA_IsEnabledStream
                0x080005c8       0x3c ./Core/Src/icm45686_spi.o
 .text.LL_DMA_SetDataLength
                0x08000604       0x50 ./Core/Src/icm45686_spi.o
 .text.LL_DMA_SetMemoryAddress
                0x08000654       0x34 ./Core/Src/icm45686_spi.o
 .text.LL_DMA_SetPeriphAddress
                0x08000688       0x34 ./Core/Src/icm45686_spi.o
 .text.LL_DMA_ClearFlag_HT0
                0x080006bc       0x1a ./Core/Src/icm45686_spi.o
 .text.LL_DMA_ClearFlag_HT1
                0x080006d6       0x1c ./Core/Src/icm45686_spi.o
 .text.LL_DMA_ClearFlag_HT2
                0x080006f2       0x1c ./Core/Src/icm45686_spi.o
 .text.LL_DMA_ClearFlag_HT3
                0x0800070e       0x1c ./Core/Src/icm45686_spi.o
 .text.LL_DMA_ClearFlag_TC0
                0x0800072a       0x1a ./Core/Src/icm45686_spi.o
 .text.LL_DMA_ClearFlag_TC1
                0x08000744       0x1c ./Core/Src/icm45686_spi.o
 .text.LL_DMA_ClearFlag_TC2
                0x08000760       0x1c ./Core/Src/icm45686_spi.o
 .text.LL_DMA_ClearFlag_TC3
                0x0800077c       0x1c ./Core/Src/icm45686_spi.o
 .text.LL_DMA_ClearFlag_TE0
                0x08000798       0x1a ./Core/Src/icm45686_spi.o
 .text.LL_DMA_ClearFlag_TE1
                0x080007b2       0x1c ./Core/Src/icm45686_spi.o
 .text.LL_DMA_ClearFlag_TE2
                0x080007ce       0x1c ./Core/Src/icm45686_spi.o
 .text.LL_DMA_ClearFlag_TE3
                0x080007ea       0x1c ./Core/Src/icm45686_spi.o
 *fill*         0x08000806        0x2 
 .text.LL_DMA_EnableIT_TC
                0x08000808       0x44 ./Core/Src/icm45686_spi.o
 .text.LL_SPI_Enable
                0x0800084c       0x20 ./Core/Src/icm45686_spi.o
 .text.LL_SPI_Disable
                0x0800086c       0x20 ./Core/Src/icm45686_spi.o
 .text.LL_SPI_SetTransferSize
                0x0800088c       0x2c ./Core/Src/icm45686_spi.o
 .text.LL_SPI_StartMasterTransfer
                0x080008b8       0x20 ./Core/Src/icm45686_spi.o
 .text.LL_SPI_IsActiveFlag_TXP
                0x080008d8       0x26 ./Core/Src/icm45686_spi.o
 .text.LL_SPI_IsActiveFlag_EOT
                0x080008fe       0x26 ./Core/Src/icm45686_spi.o
 .text.LL_SPI_ClearFlag_EOT
                0x08000924       0x20 ./Core/Src/icm45686_spi.o
 .text.LL_SPI_ClearFlag_TXTF
                0x08000944       0x20 ./Core/Src/icm45686_spi.o
 .text.LL_SPI_EnableDMAReq_RX
                0x08000964       0x20 ./Core/Src/icm45686_spi.o
 .text.LL_SPI_DisableDMAReq_RX
                0x08000984       0x20 ./Core/Src/icm45686_spi.o
 .text.LL_SPI_EnableDMAReq_TX
                0x080009a4       0x20 ./Core/Src/icm45686_spi.o
 .text.LL_SPI_DisableDMAReq_TX
                0x080009c4       0x20 ./Core/Src/icm45686_spi.o
 .text.LL_SPI_DMA_GetTxRegAddr
                0x080009e4       0x18 ./Core/Src/icm45686_spi.o
 .text.LL_SPI_DMA_GetRxRegAddr
                0x080009fc       0x18 ./Core/Src/icm45686_spi.o
 .text.LL_SPI_ReceiveData8
                0x08000a14       0x1c ./Core/Src/icm45686_spi.o
 .text.LL_SPI_TransmitData8
                0x08000a30       0x20 ./Core/Src/icm45686_spi.o
 .text.LL_GPIO_SetOutputPin
                0x08000a50       0x1c ./Core/Src/icm45686_spi.o
 .text.LL_GPIO_ResetOutputPin
                0x08000a6c       0x1e ./Core/Src/icm45686_spi.o
 *fill*         0x08000a8a        0x2 
 .text.Bus_GetIdx
                0x08000a8c       0x38 ./Core/Src/icm45686_spi.o
 .text.Bus_FindNextOK
                0x08000ac4       0x40 ./Core/Src/icm45686_spi.o
 .text.SPI_WaitEOT
                0x08000b04       0x2a ./Core/Src/icm45686_spi.o
 .text.SPI_EnableDMA
                0x08000b2e       0x28 ./Core/Src/icm45686_spi.o
 .text.SPI_DisableDMA
                0x08000b56       0x3a ./Core/Src/icm45686_spi.o
 .text.Delay_ms
                0x08000b90       0x70 ./Core/Src/icm45686_spi.o
 .text.ICM_BusesInit
                0x08000c00      0x15c ./Core/Src/icm45686_spi.o
                0x08000c00                ICM_BusesInit
 .text.ICM_WriteReg
                0x08000d5c       0x94 ./Core/Src/icm45686_spi.o
                0x08000d5c                ICM_WriteReg
 .text.ICM_ReadReg
                0x08000df0       0xa4 ./Core/Src/icm45686_spi.o
                0x08000df0                ICM_ReadReg
 .text.ICM_WriteIReg
                0x08000e94       0x4c ./Core/Src/icm45686_spi.o
                0x08000e94                ICM_WriteIReg
 .text.ICM_ReadIReg
                0x08000ee0       0x40 ./Core/Src/icm45686_spi.o
                0x08000ee0                ICM_ReadIReg
 .text.ICM_InitAllSensors
                0x08000f20      0x15c ./Core/Src/icm45686_spi.o
                0x08000f20                ICM_InitAllSensors
 .text.BusBurstRead_Start
                0x0800107c      0x1a4 ./Core/Src/icm45686_spi.o
 .text.BusFinalize
                0x08001220       0xc8 ./Core/Src/icm45686_spi.o
 .text.BusBurstRead_Next
                0x080012e8       0x70 ./Core/Src/icm45686_spi.o
 .text.ICM_StartBurstRead
                0x08001358       0x78 ./Core/Src/icm45686_spi.o
                0x08001358                ICM_StartBurstRead
 .text.ICM_DMA_RxComplete_SPI1
                0x080013d0       0x1c ./Core/Src/icm45686_spi.o
                0x080013d0                ICM_DMA_RxComplete_SPI1
 .text.ICM_DMA_RxComplete_SPI4
                0x080013ec       0x1c ./Core/Src/icm45686_spi.o
                0x080013ec                ICM_DMA_RxComplete_SPI4
 .text.ICM_DMA_RxComplete_SPI5
                0x08001408       0x1c ./Core/Src/icm45686_spi.o
                0x08001408                ICM_DMA_RxComplete_SPI5
 .text.__NVIC_SetPriorityGrouping
                0x08001424       0x48 ./Core/Src/main.o
 .text.__NVIC_GetPriorityGrouping
                0x0800146c       0x1c ./Core/Src/main.o
 .text.__NVIC_EnableIRQ
                0x08001488       0x3c ./Core/Src/main.o
 .text.__NVIC_SetPriority
                0x080014c4       0x54 ./Core/Src/main.o
 .text.NVIC_EncodePriority
                0x08001518       0x66 ./Core/Src/main.o
 *fill*         0x0800157e        0x2 
 .text.LL_BDMA_SetDataTransferDirection
                0x08001580       0x50 ./Core/Src/main.o
 .text.LL_BDMA_SetMode
                0x080015d0       0x4c ./Core/Src/main.o
 .text.LL_BDMA_SetPeriphIncMode
                0x0800161c       0x4c ./Core/Src/main.o
 .text.LL_BDMA_SetMemoryIncMode
                0x08001668       0x4c ./Core/Src/main.o
 .text.LL_BDMA_SetPeriphSize
                0x080016b4       0x4c ./Core/Src/main.o
 .text.LL_BDMA_SetMemorySize
                0x08001700       0x4c ./Core/Src/main.o
 .text.LL_BDMA_SetChannelPriorityLevel
                0x0800174c       0x4c ./Core/Src/main.o
 .text.LL_BDMA_SetPeriphRequest
                0x08001798       0x3c ./Core/Src/main.o
 .text.LL_DMA_SetDataTransferDirection
                0x080017d4       0x4c ./Core/Src/main.o
 .text.LL_DMA_SetMode
                0x08001820       0x4c ./Core/Src/main.o
 .text.LL_DMA_SetPeriphIncMode
                0x0800186c       0x4c ./Core/Src/main.o
 .text.LL_DMA_SetMemoryIncMode
                0x080018b8       0x4c ./Core/Src/main.o
 .text.LL_DMA_SetPeriphSize
                0x08001904       0x4c ./Core/Src/main.o
 .text.LL_DMA_SetMemorySize
                0x08001950       0x4c ./Core/Src/main.o
 .text.LL_DMA_SetStreamPriorityLevel
                0x0800199c       0x4c ./Core/Src/main.o
 .text.LL_DMA_SetPeriphRequest
                0x080019e8       0x60 ./Core/Src/main.o
 .text.LL_DMA_DisableFifoMode
                0x08001a48       0x44 ./Core/Src/main.o
 .text.LL_RCC_HSE_Enable
                0x08001a8c       0x20 ./Core/Src/main.o
 .text.LL_RCC_HSE_IsReady
                0x08001aac       0x28 ./Core/Src/main.o
 .text.LL_RCC_SetSysClkSource
                0x08001ad4       0x28 ./Core/Src/main.o
 .text.LL_RCC_GetSysClkSource
                0x08001afc       0x1c ./Core/Src/main.o
 .text.LL_RCC_SetSysPrescaler
                0x08001b18       0x28 ./Core/Src/main.o
 .text.LL_RCC_SetAHBPrescaler
                0x08001b40       0x28 ./Core/Src/main.o
 .text.LL_RCC_SetAPB1Prescaler
                0x08001b68       0x28 ./Core/Src/main.o
 .text.LL_RCC_SetAPB2Prescaler
                0x08001b90       0x28 ./Core/Src/main.o
 .text.LL_RCC_SetAPB3Prescaler
                0x08001bb8       0x28 ./Core/Src/main.o
 .text.LL_RCC_SetAPB4Prescaler
                0x08001be0       0x28 ./Core/Src/main.o
 .text.LL_RCC_SetClockSource
                0x08001c08       0x54 ./Core/Src/main.o
 .text.LL_RCC_SetUSARTClockSource
                0x08001c5c       0x16 ./Core/Src/main.o
 .text.LL_RCC_SetSPIClockSource
                0x08001c72       0x16 ./Core/Src/main.o
 .text.LL_RCC_PLL_SetSource
                0x08001c88       0x28 ./Core/Src/main.o
 .text.LL_RCC_PLL1_Enable
                0x08001cb0       0x20 ./Core/Src/main.o
 .text.LL_RCC_PLL1_IsReady
                0x08001cd0       0x28 ./Core/Src/main.o
 .text.LL_RCC_PLL1P_Enable
                0x08001cf8       0x20 ./Core/Src/main.o
 .text.LL_RCC_PLL1R_Enable
                0x08001d18       0x20 ./Core/Src/main.o
 .text.LL_RCC_PLL1FRACN_Enable
                0x08001d38       0x20 ./Core/Src/main.o
 .text.LL_RCC_PLL1_SetVCOOutputRange
                0x08001d58       0x2c ./Core/Src/main.o
 .text.LL_RCC_PLL1_SetVCOInputRange
                0x08001d84       0x2c ./Core/Src/main.o
 .text.LL_RCC_PLL1_SetN
                0x08001db0       0x30 ./Core/Src/main.o
 .text.LL_RCC_PLL1_SetM
                0x08001de0       0x2c ./Core/Src/main.o
 .text.LL_RCC_PLL1_SetP
                0x08001e0c       0x2c ./Core/Src/main.o
 .text.LL_RCC_PLL1_SetQ
                0x08001e38       0x2c ./Core/Src/main.o
 .text.LL_RCC_PLL1_SetR
                0x08001e64       0x2c ./Core/Src/main.o
 .text.LL_RCC_PLL1_SetFRACN
                0x08001e90       0x30 ./Core/Src/main.o
 .text.LL_RCC_PLL2_Enable
                0x08001ec0       0x20 ./Core/Src/main.o
 .text.LL_RCC_PLL2_IsReady
                0x08001ee0       0x28 ./Core/Src/main.o
 .text.LL_RCC_PLL2P_Enable
                0x08001f08       0x20 ./Core/Src/main.o
 .text.LL_RCC_PLL2Q_Enable
                0x08001f28       0x20 ./Core/Src/main.o
 .text.LL_RCC_PLL2FRACN_Enable
                0x08001f48       0x20 ./Core/Src/main.o
 .text.LL_RCC_PLL2_SetVCOOutputRange
                0x08001f68       0x2c ./Core/Src/main.o
 .text.LL_RCC_PLL2_SetVCOInputRange
                0x08001f94       0x2c ./Core/Src/main.o
 .text.LL_RCC_PLL2_SetN
                0x08001fc0       0x30 ./Core/Src/main.o
 .text.LL_RCC_PLL2_SetM
                0x08001ff0       0x2c ./Core/Src/main.o
 .text.LL_RCC_PLL2_SetP
                0x0800201c       0x2c ./Core/Src/main.o
 .text.LL_RCC_PLL2_SetQ
                0x08002048       0x2c ./Core/Src/main.o
 .text.LL_RCC_PLL2_SetR
                0x08002074       0x2c ./Core/Src/main.o
 .text.LL_RCC_PLL2_SetFRACN
                0x080020a0       0x30 ./Core/Src/main.o
 .text.LL_AHB1_GRP1_EnableClock
                0x080020d0       0x38 ./Core/Src/main.o
 .text.LL_AHB4_GRP1_EnableClock
                0x08002108       0x38 ./Core/Src/main.o
 .text.LL_APB1_GRP1_EnableClock
                0x08002140       0x38 ./Core/Src/main.o
 .text.LL_APB2_GRP1_EnableClock
                0x08002178       0x38 ./Core/Src/main.o
 .text.LL_APB4_GRP1_EnableClock
                0x080021b0       0x38 ./Core/Src/main.o
 .text.LL_FLASH_SetLatency
                0x080021e8       0x28 ./Core/Src/main.o
 .text.LL_FLASH_GetLatency
                0x08002210       0x1c ./Core/Src/main.o
 .text.LL_MPU_Enable
                0x0800222c       0x30 ./Core/Src/main.o
 .text.LL_MPU_Disable
                0x0800225c       0x20 ./Core/Src/main.o
 .text.LL_MPU_ConfigRegion
                0x0800227c       0x40 ./Core/Src/main.o
 .text.LL_PWR_ConfigSupply
                0x080022bc       0x28 ./Core/Src/main.o
 .text.LL_PWR_SetRegulVoltageScaling
                0x080022e4       0x28 ./Core/Src/main.o
 .text.LL_PWR_IsActiveFlag_VOS
                0x0800230c       0x28 ./Core/Src/main.o
 .text.LL_SPI_SetStandard
                0x08002334       0x26 ./Core/Src/main.o
 .text.LL_SPI_SetFIFOThreshold
                0x0800235a       0x26 ./Core/Src/main.o
 .text.LL_SPI_DisableNSSPulseMgt
                0x08002380       0x20 ./Core/Src/main.o
 .text.LL_TIM_EnableCounter
                0x080023a0       0x20 ./Core/Src/main.o
 .text.LL_TIM_DisableARRPreload
                0x080023c0       0x20 ./Core/Src/main.o
 .text.LL_TIM_SetCounter
                0x080023e0       0x1c ./Core/Src/main.o
 .text.LL_TIM_SetTriggerOutput
                0x080023fc       0x26 ./Core/Src/main.o
 .text.LL_TIM_DisableMasterSlaveMode
                0x08002422       0x20 ./Core/Src/main.o
 .text.LL_TIM_EnableIT_UPDATE
                0x08002442       0x20 ./Core/Src/main.o
 .text.LL_USART_Enable
                0x08002462       0x20 ./Core/Src/main.o
 .text.LL_USART_DisableFIFO
                0x08002482       0x20 ./Core/Src/main.o
 .text.LL_USART_SetTXFIFOThreshold
                0x080024a2       0x4e ./Core/Src/main.o
 .text.LL_USART_SetRXFIFOThreshold
                0x080024f0       0x4e ./Core/Src/main.o
 .text.LL_USART_ConfigAsyncMode
                0x0800253e       0x2c ./Core/Src/main.o
 .text.LL_USART_IsActiveFlag_TEACK
                0x0800256a       0x28 ./Core/Src/main.o
 .text.LL_USART_IsActiveFlag_REACK
                0x08002592       0x28 ./Core/Src/main.o
 .text.LL_GPIO_SetOutputPin
                0x080025ba       0x1c ./Core/Src/main.o
 *fill*         0x080025d6        0x2 
 .text.main     0x080025d8       0xc0 ./Core/Src/main.o
                0x080025d8                main
 .text.SystemClock_Config
                0x08002698       0xe4 ./Core/Src/main.o
                0x08002698                SystemClock_Config
 .text.PeriphCommonClock_Config
                0x0800277c       0x58 ./Core/Src/main.o
                0x0800277c                PeriphCommonClock_Config
 .text.MX_SPI1_Init
                0x080027d4      0x19c ./Core/Src/main.o
 .text.MX_SPI2_Init
                0x08002970      0x1c8 ./Core/Src/main.o
 .text.MX_SPI3_Init
                0x08002b38      0x1c8 ./Core/Src/main.o
 .text.MX_SPI4_Init
                0x08002d00      0x19c ./Core/Src/main.o
 .text.MX_SPI5_Init
                0x08002e9c      0x19c ./Core/Src/main.o
 .text.MX_SPI6_Init
                0x08003038      0x1b4 ./Core/Src/main.o
 .text.MX_TIM6_Init
                0x080031ec       0x74 ./Core/Src/main.o
 .text.MX_TIM7_Init
                0x08003260       0x54 ./Core/Src/main.o
 .text.MX_USART1_UART_Init
                0x080032b4      0x19c ./Core/Src/main.o
 .text.MX_BDMA_Init
                0x08003450       0x50 ./Core/Src/main.o
 .text.MX_DMA_Init
                0x080034a0      0x194 ./Core/Src/main.o
 .text.MX_GPIO_Init
                0x08003634      0x1f0 ./Core/Src/main.o
 .text.MPU_Config
                0x08003824       0x24 ./Core/Src/main.o
 .text.Error_Handler
                0x08003848        0xc ./Core/Src/main.o
                0x08003848                Error_Handler
 .text.LL_DMA_IsActiveFlag_TC0
                0x08003854       0x26 ./Core/Src/stm32h7xx_it.o
 .text.LL_DMA_IsActiveFlag_TC1
                0x0800387a       0x28 ./Core/Src/stm32h7xx_it.o
 .text.LL_DMA_IsActiveFlag_TC2
                0x080038a2       0x28 ./Core/Src/stm32h7xx_it.o
 .text.LL_DMA_ClearFlag_TC0
                0x080038ca       0x1a ./Core/Src/stm32h7xx_it.o
 .text.LL_DMA_ClearFlag_TC1
                0x080038e4       0x1c ./Core/Src/stm32h7xx_it.o
 .text.LL_DMA_ClearFlag_TC2
                0x08003900       0x1c ./Core/Src/stm32h7xx_it.o
 .text.LL_TIM_ClearFlag_UPDATE
                0x0800391c       0x1c ./Core/Src/stm32h7xx_it.o
 .text.LL_TIM_IsActiveFlag_UPDATE
                0x08003938       0x26 ./Core/Src/stm32h7xx_it.o
 .text.NMI_Handler
                0x0800395e        0x8 ./Core/Src/stm32h7xx_it.o
                0x0800395e                NMI_Handler
 .text.HardFault_Handler
                0x08003966        0x8 ./Core/Src/stm32h7xx_it.o
                0x08003966                HardFault_Handler
 .text.MemManage_Handler
                0x0800396e        0x8 ./Core/Src/stm32h7xx_it.o
                0x0800396e                MemManage_Handler
 .text.BusFault_Handler
                0x08003976        0x8 ./Core/Src/stm32h7xx_it.o
                0x08003976                BusFault_Handler
 .text.UsageFault_Handler
                0x0800397e        0x8 ./Core/Src/stm32h7xx_it.o
                0x0800397e                UsageFault_Handler
 .text.SVC_Handler
                0x08003986        0xe ./Core/Src/stm32h7xx_it.o
                0x08003986                SVC_Handler
 .text.DebugMon_Handler
                0x08003994        0xe ./Core/Src/stm32h7xx_it.o
                0x08003994                DebugMon_Handler
 .text.PendSV_Handler
                0x080039a2        0xe ./Core/Src/stm32h7xx_it.o
                0x080039a2                PendSV_Handler
 .text.SysTick_Handler
                0x080039b0        0xe ./Core/Src/stm32h7xx_it.o
                0x080039b0                SysTick_Handler
 .text.DMA1_Stream0_IRQHandler
                0x080039be        0xe ./Core/Src/stm32h7xx_it.o
                0x080039be                DMA1_Stream0_IRQHandler
 .text.DMA1_Stream1_IRQHandler
                0x080039cc       0x24 ./Core/Src/stm32h7xx_it.o
                0x080039cc                DMA1_Stream1_IRQHandler
 .text.DMA1_Stream2_IRQHandler
                0x080039f0       0x24 ./Core/Src/stm32h7xx_it.o
                0x080039f0                DMA1_Stream2_IRQHandler
 .text.DMA1_Stream3_IRQHandler
                0x08003a14        0xe ./Core/Src/stm32h7xx_it.o
                0x08003a14                DMA1_Stream3_IRQHandler
 .text.DMA1_Stream4_IRQHandler
                0x08003a22        0xe ./Core/Src/stm32h7xx_it.o
                0x08003a22                DMA1_Stream4_IRQHandler
 .text.DMA1_Stream5_IRQHandler
                0x08003a30        0xe ./Core/Src/stm32h7xx_it.o
                0x08003a30                DMA1_Stream5_IRQHandler
 .text.DMA1_Stream6_IRQHandler
                0x08003a3e        0xe ./Core/Src/stm32h7xx_it.o
                0x08003a3e                DMA1_Stream6_IRQHandler
 .text.SPI1_IRQHandler
                0x08003a4c        0xe ./Core/Src/stm32h7xx_it.o
                0x08003a4c                SPI1_IRQHandler
 .text.SPI2_IRQHandler
                0x08003a5a        0xe ./Core/Src/stm32h7xx_it.o
                0x08003a5a                SPI2_IRQHandler
 .text.DMA1_Stream7_IRQHandler
                0x08003a68        0xe ./Core/Src/stm32h7xx_it.o
                0x08003a68                DMA1_Stream7_IRQHandler
 .text.SPI3_IRQHandler
                0x08003a76        0xe ./Core/Src/stm32h7xx_it.o
                0x08003a76                SPI3_IRQHandler
 .text.TIM6_DAC_IRQHandler
                0x08003a84       0x24 ./Core/Src/stm32h7xx_it.o
                0x08003a84                TIM6_DAC_IRQHandler
 .text.DMA2_Stream0_IRQHandler
                0x08003aa8       0x24 ./Core/Src/stm32h7xx_it.o
                0x08003aa8                DMA2_Stream0_IRQHandler
 .text.DMA2_Stream1_IRQHandler
                0x08003acc        0xe ./Core/Src/stm32h7xx_it.o
                0x08003acc                DMA2_Stream1_IRQHandler
 *fill*         0x08003ada        0x2 
 .text.DMA2_Stream2_IRQHandler
                0x08003adc       0x24 ./Core/Src/stm32h7xx_it.o
                0x08003adc                DMA2_Stream2_IRQHandler
 .text.DMA2_Stream3_IRQHandler
                0x08003b00        0xe ./Core/Src/stm32h7xx_it.o
                0x08003b00                DMA2_Stream3_IRQHandler
 .text.SPI4_IRQHandler
                0x08003b0e        0xe ./Core/Src/stm32h7xx_it.o
                0x08003b0e                SPI4_IRQHandler
 .text.SPI5_IRQHandler
                0x08003b1c        0xe ./Core/Src/stm32h7xx_it.o
                0x08003b1c                SPI5_IRQHandler
 .text.SPI6_IRQHandler
                0x08003b2a        0xe ./Core/Src/stm32h7xx_it.o
                0x08003b2a                SPI6_IRQHandler
 .text.BDMA_Channel0_IRQHandler
                0x08003b38        0xe ./Core/Src/stm32h7xx_it.o
                0x08003b38                BDMA_Channel0_IRQHandler
 .text.BDMA_Channel1_IRQHandler
                0x08003b46        0xe ./Core/Src/stm32h7xx_it.o
                0x08003b46                BDMA_Channel1_IRQHandler
 .text.SystemInit
                0x08003b54      0x120 ./Core/Src/system_stm32h7xx.o
                0x08003b54                SystemInit
 .text.ExitRun0Mode
                0x08003c74       0x30 ./Core/Src/system_stm32h7xx.o
                0x08003c74                ExitRun0Mode
 .text.LL_DMA_EnableStream
                0x08003ca4       0x44 ./Core/Src/uart_telemetry.o
 .text.LL_DMA_DisableStream
                0x08003ce8       0x44 ./Core/Src/uart_telemetry.o
 .text.LL_DMA_IsEnabledStream
                0x08003d2c       0x3c ./Core/Src/uart_telemetry.o
 .text.LL_DMA_SetDataLength
                0x08003d68       0x50 ./Core/Src/uart_telemetry.o
 .text.LL_DMA_SetMemoryAddress
                0x08003db8       0x34 ./Core/Src/uart_telemetry.o
 .text.LL_DMA_SetPeriphAddress
                0x08003dec       0x34 ./Core/Src/uart_telemetry.o
 .text.LL_DMA_ClearFlag_TC1
                0x08003e20       0x1c ./Core/Src/uart_telemetry.o
 .text.LL_DMA_ClearFlag_TE1
                0x08003e3c       0x1c ./Core/Src/uart_telemetry.o
 .text.LL_DMA_EnableIT_TC
                0x08003e58       0x44 ./Core/Src/uart_telemetry.o
 .text.LL_USART_EnableDMAReq_TX
                0x08003e9c       0x46 ./Core/Src/uart_telemetry.o
 .text.LL_USART_DMA_GetRegAddr
                0x08003ee2       0x2c ./Core/Src/uart_telemetry.o
 .text.CRC16_CCITT
                0x08003f0e       0x74 ./Core/Src/uart_telemetry.o
 *fill*         0x08003f82        0x2 
 .text.UART_Telemetry_Init
                0x08003f84       0x34 ./Core/Src/uart_telemetry.o
                0x08003f84                UART_Telemetry_Init
 .text.UART_SendBatch
                0x08003fb8      0x13c ./Core/Src/uart_telemetry.o
                0x08003fb8                UART_SendBatch
 .text.UART_DMA_TxComplete
                0x080040f4       0x20 ./Core/Src/uart_telemetry.o
                0x080040f4                UART_DMA_TxComplete
 .text.Reset_Handler
                0x08004114       0x54 ./Core/Startup/startup_stm32h723zgtx.o
                0x08004114                Reset_Handler
 .text.Default_Handler
                0x08004168        0x2 ./Core/Startup/startup_stm32h723zgtx.o
                0x08004168                RTC_Alarm_IRQHandler
                0x08004168                EXTI2_IRQHandler
                0x08004168                TIM8_CC_IRQHandler
                0x08004168                UART8_IRQHandler
                0x08004168                FDCAN3_IT0_IRQHandler
                0x08004168                TIM1_CC_IRQHandler
                0x08004168                BDMA_Channel6_IRQHandler
                0x08004168                DMA2_Stream5_IRQHandler
                0x08004168                CORDIC_IRQHandler
                0x08004168                TAMP_STAMP_IRQHandler
                0x08004168                EXTI3_IRQHandler
                0x08004168                LPTIM4_IRQHandler
                0x08004168                TIM8_TRG_COM_TIM14_IRQHandler
                0x08004168                LPTIM2_IRQHandler
                0x08004168                DFSDM1_FLT1_IRQHandler
                0x08004168                DMAMUX2_OVR_IRQHandler
                0x08004168                TIM8_UP_TIM13_IRQHandler
                0x08004168                I2C3_ER_IRQHandler
                0x08004168                DFSDM1_FLT2_IRQHandler
                0x08004168                I2C5_EV_IRQHandler
                0x08004168                USART10_IRQHandler
                0x08004168                MDMA_IRQHandler
                0x08004168                LPTIM3_IRQHandler
                0x08004168                HSEM1_IRQHandler
                0x08004168                EXTI0_IRQHandler
                0x08004168                I2C2_EV_IRQHandler
                0x08004168                FPU_IRQHandler
                0x08004168                OTG_HS_WKUP_IRQHandler
                0x08004168                FDCAN1_IT1_IRQHandler
                0x08004168                LTDC_ER_IRQHandler
                0x08004168                OCTOSPI1_IRQHandler
                0x08004168                OCTOSPI2_IRQHandler
                0x08004168                DFSDM1_FLT3_IRQHandler
                0x08004168                TIM23_IRQHandler
                0x08004168                USART6_IRQHandler
                0x08004168                TIM17_IRQHandler
                0x08004168                USART3_IRQHandler
                0x08004168                BDMA_Channel7_IRQHandler
                0x08004168                LPTIM5_IRQHandler
                0x08004168                UART5_IRQHandler
                0x08004168                ADC3_IRQHandler
                0x08004168                TIM4_IRQHandler
                0x08004168                BDMA_Channel2_IRQHandler
                0x08004168                I2C1_EV_IRQHandler
                0x08004168                DMAMUX1_OVR_IRQHandler
                0x08004168                TIM16_IRQHandler
                0x08004168                UART4_IRQHandler
                0x08004168                BDMA_Channel5_IRQHandler
                0x08004168                TIM3_IRQHandler
                0x08004168                RCC_IRQHandler
                0x08004168                UART9_IRQHandler
                0x08004168                TIM8_BRK_TIM12_IRQHandler
                0x08004168                TIM1_TRG_COM_IRQHandler
                0x08004168                Default_Handler
                0x08004168                ECC_IRQHandler
                0x08004168                FMAC_IRQHandler
                0x08004168                CEC_IRQHandler
                0x08004168                EXTI15_10_IRQHandler
                0x08004168                ADC_IRQHandler
                0x08004168                I2C5_ER_IRQHandler
                0x08004168                TIM7_IRQHandler
                0x08004168                FDCAN3_IT1_IRQHandler
                0x08004168                SDMMC1_IRQHandler
                0x08004168                TIM5_IRQHandler
                0x08004168                DMA2_Stream7_IRQHandler
                0x08004168                TIM15_IRQHandler
                0x08004168                PVD_AVD_IRQHandler
                0x08004168                I2C3_EV_IRQHandler
                0x08004168                EXTI9_5_IRQHandler
                0x08004168                RTC_WKUP_IRQHandler
                0x08004168                LTDC_IRQHandler
                0x08004168                ETH_WKUP_IRQHandler
                0x08004168                SPDIF_RX_IRQHandler
                0x08004168                OTG_HS_EP1_IN_IRQHandler
                0x08004168                TIM24_IRQHandler
                0x08004168                CRS_IRQHandler
                0x08004168                EXTI4_IRQHandler
                0x08004168                RNG_IRQHandler
                0x08004168                FDCAN2_IT1_IRQHandler
                0x08004168                ETH_IRQHandler
                0x08004168                TIM1_UP_IRQHandler
                0x08004168                BDMA_Channel4_IRQHandler
                0x08004168                OTG_HS_EP1_OUT_IRQHandler
                0x08004168                WWDG_IRQHandler
                0x08004168                MDIOS_IRQHandler
                0x08004168                I2C4_EV_IRQHandler
                0x08004168                FDCAN2_IT0_IRQHandler
                0x08004168                LPUART1_IRQHandler
                0x08004168                FDCAN1_IT0_IRQHandler
                0x08004168                TIM2_IRQHandler
                0x08004168                OTG_HS_IRQHandler
                0x08004168                DMA2D_IRQHandler
                0x08004168                TIM1_BRK_IRQHandler
                0x08004168                EXTI1_IRQHandler
                0x08004168                SDMMC2_IRQHandler
                0x08004168                BDMA_Channel3_IRQHandler
                0x08004168                DTS_IRQHandler
                0x08004168                UART7_IRQHandler
                0x08004168                MDIOS_WKUP_IRQHandler
                0x08004168                USART2_IRQHandler
                0x08004168                DFSDM1_FLT0_IRQHandler
                0x08004168                SAI4_IRQHandler
                0x08004168                I2C2_ER_IRQHandler
                0x08004168                FLASH_IRQHandler
                0x08004168                DMA2_Stream4_IRQHandler
                0x08004168                USART1_IRQHandler
                0x08004168                WAKEUP_PIN_IRQHandler
                0x08004168                I2C1_ER_IRQHandler
                0x08004168                FMC_IRQHandler
                0x08004168                FDCAN_CAL_IRQHandler
                0x08004168                SWPMI1_IRQHandler
                0x08004168                COMP1_IRQHandler
                0x08004168                LPTIM1_IRQHandler
                0x08004168                DCMI_PSSI_IRQHandler
                0x08004168                I2C4_ER_IRQHandler
                0x08004168                DMA2_Stream6_IRQHandler
                0x08004168                SAI1_IRQHandler
 .text.LL_GPIO_SetPinMode
                0x0800416a       0x40 ./Drivers/STM32H7xx_HAL_Driver/Src/stm32h7xx_ll_gpio.o
 .text.LL_GPIO_SetPinOutputType
                0x080041aa       0x30 ./Drivers/STM32H7xx_HAL_Driver/Src/stm32h7xx_ll_gpio.o
 .text.LL_GPIO_SetPinSpeed
                0x080041da       0x40 ./Drivers/STM32H7xx_HAL_Driver/Src/stm32h7xx_ll_gpio.o
 .text.LL_GPIO_SetPinPull
                0x0800421a       0x40 ./Drivers/STM32H7xx_HAL_Driver/Src/stm32h7xx_ll_gpio.o
 .text.LL_GPIO_SetAFPin_0_7
                0x0800425a       0x58 ./Drivers/STM32H7xx_HAL_Driver/Src/stm32h7xx_ll_gpio.o
 .text.LL_GPIO_SetAFPin_8_15
                0x080042b2       0x6c ./Drivers/STM32H7xx_HAL_Driver/Src/stm32h7xx_ll_gpio.o
 .text.LL_GPIO_Init
                0x0800431e       0xdc ./Drivers/STM32H7xx_HAL_Driver/Src/stm32h7xx_ll_gpio.o
                0x0800431e                LL_GPIO_Init
 *fill*         0x080043fa        0x2 
 .text.LL_RCC_HSE_IsReady
                0x080043fc       0x28 ./Drivers/STM32H7xx_HAL_Driver/Src/stm32h7xx_ll_rcc.o
 .text.LL_RCC_HSI_IsReady
                0x08004424       0x24 ./Drivers/STM32H7xx_HAL_Driver/Src/stm32h7xx_ll_rcc.o
 .text.LL_RCC_HSI_GetDivider
                0x08004448       0x1c ./Drivers/STM32H7xx_HAL_Driver/Src/stm32h7xx_ll_rcc.o
 .text.LL_RCC_CSI_IsReady
                0x08004464       0x28 ./Drivers/STM32H7xx_HAL_Driver/Src/stm32h7xx_ll_rcc.o
 .text.LL_RCC_LSE_IsReady
                0x0800448c       0x24 ./Drivers/STM32H7xx_HAL_Driver/Src/stm32h7xx_ll_rcc.o
 .text.LL_RCC_GetSysClkSource
                0x080044b0       0x1c ./Drivers/STM32H7xx_HAL_Driver/Src/stm32h7xx_ll_rcc.o
 .text.LL_RCC_GetSysPrescaler
                0x080044cc       0x1c ./Drivers/STM32H7xx_HAL_Driver/Src/stm32h7xx_ll_rcc.o
 .text.LL_RCC_GetAHBPrescaler
                0x080044e8       0x1c ./Drivers/STM32H7xx_HAL_Driver/Src/stm32h7xx_ll_rcc.o
 .text.LL_RCC_GetAPB1Prescaler
                0x08004504       0x1c ./Drivers/STM32H7xx_HAL_Driver/Src/stm32h7xx_ll_rcc.o
 .text.LL_RCC_GetAPB2Prescaler
                0x08004520       0x1c ./Drivers/STM32H7xx_HAL_Driver/Src/stm32h7xx_ll_rcc.o
 .text.LL_RCC_GetClockSource
                0x0800453c       0x4c ./Drivers/STM32H7xx_HAL_Driver/Src/stm32h7xx_ll_rcc.o
 .text.LL_RCC_GetUSARTClockSource
                0x08004588       0x18 ./Drivers/STM32H7xx_HAL_Driver/Src/stm32h7xx_ll_rcc.o
 .text.LL_RCC_PLL_GetSource
                0x080045a0       0x1c ./Drivers/STM32H7xx_HAL_Driver/Src/stm32h7xx_ll_rcc.o
 .text.LL_RCC_PLL1P_IsEnabled
                0x080045bc       0x28 ./Drivers/STM32H7xx_HAL_Driver/Src/stm32h7xx_ll_rcc.o
 .text.LL_RCC_PLL1Q_IsEnabled
                0x080045e4       0x28 ./Drivers/STM32H7xx_HAL_Driver/Src/stm32h7xx_ll_rcc.o
 .text.LL_RCC_PLL1R_IsEnabled
                0x0800460c       0x28 ./Drivers/STM32H7xx_HAL_Driver/Src/stm32h7xx_ll_rcc.o
 .text.LL_RCC_PLL1FRACN_IsEnabled
                0x08004634       0x24 ./Drivers/STM32H7xx_HAL_Driver/Src/stm32h7xx_ll_rcc.o
 .text.LL_RCC_PLL1_GetN
                0x08004658       0x1c ./Drivers/STM32H7xx_HAL_Driver/Src/stm32h7xx_ll_rcc.o
 .text.LL_RCC_PLL1_GetM
                0x08004674       0x1c ./Drivers/STM32H7xx_HAL_Driver/Src/stm32h7xx_ll_rcc.o
 .text.LL_RCC_PLL1_GetP
                0x08004690       0x20 ./Drivers/STM32H7xx_HAL_Driver/Src/stm32h7xx_ll_rcc.o
 .text.LL_RCC_PLL1_GetQ
                0x080046b0       0x20 ./Drivers/STM32H7xx_HAL_Driver/Src/stm32h7xx_ll_rcc.o
 .text.LL_RCC_PLL1_GetR
                0x080046d0       0x20 ./Drivers/STM32H7xx_HAL_Driver/Src/stm32h7xx_ll_rcc.o
 .text.LL_RCC_PLL1_GetFRACN
                0x080046f0       0x1c ./Drivers/STM32H7xx_HAL_Driver/Src/stm32h7xx_ll_rcc.o
 .text.LL_RCC_PLL2_IsReady
                0x0800470c       0x28 ./Drivers/STM32H7xx_HAL_Driver/Src/stm32h7xx_ll_rcc.o
 .text.LL_RCC_PLL2P_IsEnabled
                0x08004734       0x28 ./Drivers/STM32H7xx_HAL_Driver/Src/stm32h7xx_ll_rcc.o
 .text.LL_RCC_PLL2Q_IsEnabled
                0x0800475c       0x28 ./Drivers/STM32H7xx_HAL_Driver/Src/stm32h7xx_ll_rcc.o
 .text.LL_RCC_PLL2R_IsEnabled
                0x08004784       0x28 ./Drivers/STM32H7xx_HAL_Driver/Src/stm32h7xx_ll_rcc.o
 .text.LL_RCC_PLL2FRACN_IsEnabled
                0x080047ac       0x24 ./Drivers/STM32H7xx_HAL_Driver/Src/stm32h7xx_ll_rcc.o
 .text.LL_RCC_PLL2_GetN
                0x080047d0       0x1c ./Drivers/STM32H7xx_HAL_Driver/Src/stm32h7xx_ll_rcc.o
 .text.LL_RCC_PLL2_GetM
                0x080047ec       0x1c ./Drivers/STM32H7xx_HAL_Driver/Src/stm32h7xx_ll_rcc.o
 .text.LL_RCC_PLL2_GetP
                0x08004808       0x20 ./Drivers/STM32H7xx_HAL_Driver/Src/stm32h7xx_ll_rcc.o
 .text.LL_RCC_PLL2_GetQ
                0x08004828       0x20 ./Drivers/STM32H7xx_HAL_Driver/Src/stm32h7xx_ll_rcc.o
 .text.LL_RCC_PLL2_GetR
                0x08004848       0x20 ./Drivers/STM32H7xx_HAL_Driver/Src/stm32h7xx_ll_rcc.o
 .text.LL_RCC_PLL2_GetFRACN
                0x08004868       0x1c ./Drivers/STM32H7xx_HAL_Driver/Src/stm32h7xx_ll_rcc.o
 .text.LL_RCC_PLL3_IsReady
                0x08004884       0x28 ./Drivers/STM32H7xx_HAL_Driver/Src/stm32h7xx_ll_rcc.o
 .text.LL_RCC_PLL3P_IsEnabled
                0x080048ac       0x28 ./Drivers/STM32H7xx_HAL_Driver/Src/stm32h7xx_ll_rcc.o
 .text.LL_RCC_PLL3Q_IsEnabled
                0x080048d4       0x28 ./Drivers/STM32H7xx_HAL_Driver/Src/stm32h7xx_ll_rcc.o
 .text.LL_RCC_PLL3R_IsEnabled
                0x080048fc       0x28 ./Drivers/STM32H7xx_HAL_Driver/Src/stm32h7xx_ll_rcc.o
 .text.LL_RCC_PLL3FRACN_IsEnabled
                0x08004924       0x28 ./Drivers/STM32H7xx_HAL_Driver/Src/stm32h7xx_ll_rcc.o
 .text.LL_RCC_PLL3_GetN
                0x0800494c       0x1c ./Drivers/STM32H7xx_HAL_Driver/Src/stm32h7xx_ll_rcc.o
 .text.LL_RCC_PLL3_GetM
                0x08004968       0x1c ./Drivers/STM32H7xx_HAL_Driver/Src/stm32h7xx_ll_rcc.o
 .text.LL_RCC_PLL3_GetP
                0x08004984       0x20 ./Drivers/STM32H7xx_HAL_Driver/Src/stm32h7xx_ll_rcc.o
 .text.LL_RCC_PLL3_GetQ
                0x080049a4       0x20 ./Drivers/STM32H7xx_HAL_Driver/Src/stm32h7xx_ll_rcc.o
 .text.LL_RCC_PLL3_GetR
                0x080049c4       0x20 ./Drivers/STM32H7xx_HAL_Driver/Src/stm32h7xx_ll_rcc.o
 .text.LL_RCC_PLL3_GetFRACN
                0x080049e4       0x1c ./Drivers/STM32H7xx_HAL_Driver/Src/stm32h7xx_ll_rcc.o
 .text.LL_RCC_GetPLL1ClockFreq
                0x08004a00      0x130 ./Drivers/STM32H7xx_HAL_Driver/Src/stm32h7xx_ll_rcc.o
                0x08004a00                LL_RCC_GetPLL1ClockFreq
 .text.LL_RCC_GetPLL2ClockFreq
                0x08004b30      0x130 ./Drivers/STM32H7xx_HAL_Driver/Src/stm32h7xx_ll_rcc.o
                0x08004b30                LL_RCC_GetPLL2ClockFreq
 .text.LL_RCC_GetPLL3ClockFreq
                0x08004c60      0x134 ./Drivers/STM32H7xx_HAL_Driver/Src/stm32h7xx_ll_rcc.o
                0x08004c60                LL_RCC_GetPLL3ClockFreq
 .text.LL_RCC_CalcPLLClockFreq
                0x08004d94       0x80 ./Drivers/STM32H7xx_HAL_Driver/Src/stm32h7xx_ll_rcc.o
                0x08004d94                LL_RCC_CalcPLLClockFreq
 .text.LL_RCC_GetUSARTClockFreq
                0x08004e14      0x1dc ./Drivers/STM32H7xx_HAL_Driver/Src/stm32h7xx_ll_rcc.o
                0x08004e14                LL_RCC_GetUSARTClockFreq
 .text.RCC_GetSystemClockFreq
                0x08004ff0       0xc4 ./Drivers/STM32H7xx_HAL_Driver/Src/stm32h7xx_ll_rcc.o
 .text.RCC_GetHCLKClockFreq
                0x080050b4       0x2c ./Drivers/STM32H7xx_HAL_Driver/Src/stm32h7xx_ll_rcc.o
 .text.RCC_GetPCLK1ClockFreq
                0x080050e0       0x30 ./Drivers/STM32H7xx_HAL_Driver/Src/stm32h7xx_ll_rcc.o
 .text.RCC_GetPCLK2ClockFreq
                0x08005110       0x30 ./Drivers/STM32H7xx_HAL_Driver/Src/stm32h7xx_ll_rcc.o
 .text.LL_SPI_IsEnabled
                0x08005140       0x26 ./Drivers/STM32H7xx_HAL_Driver/Src/stm32h7xx_ll_spi.o
 .text.LL_SPI_SetInternalSSLevel
                0x08005166       0x26 ./Drivers/STM32H7xx_HAL_Driver/Src/stm32h7xx_ll_spi.o
 .text.LL_SPI_GetNSSPolarity
                0x0800518c       0x1c ./Drivers/STM32H7xx_HAL_Driver/Src/stm32h7xx_ll_spi.o
 .text.LL_SPI_SetCRCPolynomial
                0x080051a8       0x1c ./Drivers/STM32H7xx_HAL_Driver/Src/stm32h7xx_ll_spi.o
 .text.LL_SPI_Init
                0x080051c4       0xfc ./Drivers/STM32H7xx_HAL_Driver/Src/stm32h7xx_ll_spi.o
                0x080051c4                LL_SPI_Init
 .text.LL_TIM_SetPrescaler
                0x080052c0       0x1c ./Drivers/STM32H7xx_HAL_Driver/Src/stm32h7xx_ll_tim.o
 .text.LL_TIM_SetAutoReload
                0x080052dc       0x1c ./Drivers/STM32H7xx_HAL_Driver/Src/stm32h7xx_ll_tim.o
 .text.LL_TIM_SetRepetitionCounter
                0x080052f8       0x1c ./Drivers/STM32H7xx_HAL_Driver/Src/stm32h7xx_ll_tim.o
 .text.LL_TIM_GenerateEvent_UPDATE
                0x08005314       0x20 ./Drivers/STM32H7xx_HAL_Driver/Src/stm32h7xx_ll_tim.o
 .text.LL_TIM_Init
                0x08005334      0x140 ./Drivers/STM32H7xx_HAL_Driver/Src/stm32h7xx_ll_tim.o
                0x08005334                LL_TIM_Init
 .text.LL_USART_IsEnabled
                0x08005474       0x26 ./Drivers/STM32H7xx_HAL_Driver/Src/stm32h7xx_ll_usart.o
 .text.LL_USART_SetPrescaler
                0x0800549a       0x28 ./Drivers/STM32H7xx_HAL_Driver/Src/stm32h7xx_ll_usart.o
 .text.LL_USART_SetStopBitsLength
                0x080054c2       0x26 ./Drivers/STM32H7xx_HAL_Driver/Src/stm32h7xx_ll_usart.o
 .text.LL_USART_SetHWFlowCtrl
                0x080054e8       0x26 ./Drivers/STM32H7xx_HAL_Driver/Src/stm32h7xx_ll_usart.o
 *fill*         0x0800550e        0x2 
 .text.LL_USART_SetBaudRate
                0x08005510       0xa0 ./Drivers/STM32H7xx_HAL_Driver/Src/stm32h7xx_ll_usart.o
 .text.LL_USART_Init
                0x080055b0      0x184 ./Drivers/STM32H7xx_HAL_Driver/Src/stm32h7xx_ll_usart.o
                0x080055b0                LL_USART_Init
 .text.LL_InitTick
                0x08005734       0x34 ./Drivers/STM32H7xx_HAL_Driver/Src/stm32h7xx_ll_utils.o
 .text.LL_Init1msTick
                0x08005768       0x1a ./Drivers/STM32H7xx_HAL_Driver/Src/stm32h7xx_ll_utils.o
                0x08005768                LL_Init1msTick
 *fill*         0x08005782        0x2 
 .text.LL_SetSystemCoreClock
                0x08005784       0x20 ./Drivers/STM32H7xx_HAL_Driver/Src/stm32h7xx_ll_utils.o
                0x08005784                LL_SetSystemCoreClock
 .text.memset   0x080057a4       0x10 C:/ST/STM32CubeIDE_2.2.0/STM32CubeIDE/plugins/com.st.stm32cube.ide.mcu.externaltools.gnu-tools-for-stm32.14.3.rel1.win32_1.0.100.202602081740/tools/bin/../lib/gcc/arm-none-eabi/14.3.1/../../../../arm-none-eabi/lib/thumb/v7e-m+dp/hard\libc_nano.a(libc_a-memset.o)
                0x080057a4                memset
 .text.__libc_init_array
                0x080057b4       0x48 C:/ST/STM32CubeIDE_2.2.0/STM32CubeIDE/plugins/com.st.stm32cube.ide.mcu.externaltools.gnu-tools-for-stm32.14.3.rel1.win32_1.0.100.202602081740/tools/bin/../lib/gcc/arm-none-eabi/14.3.1/../../../../arm-none-eabi/lib/thumb/v7e-m+dp/hard\libc_nano.a(libc_a-init.o)
                0x080057b4                __libc_init_array
 .text.memcpy   0x080057fc       0x1c C:/ST/STM32CubeIDE_2.2.0/STM32CubeIDE/plugins/com.st.stm32cube.ide.mcu.externaltools.gnu-tools-for-stm32.14.3.rel1.win32_1.0.100.202602081740/tools/bin/../lib/gcc/arm-none-eabi/14.3.1/../../../../arm-none-eabi/lib/thumb/v7e-m+dp/hard\libc_nano.a(libc_a-memcpy-stub.o)
                0x080057fc                memcpy
 *(.glue_7)
 .glue_7        0x08005818        0x0 linker stubs
 *(.glue_7t)
 .glue_7t       0x08005818        0x0 linker stubs
 *(.eh_frame)
 .eh_frame      0x08005818        0x0 C:/ST/STM32CubeIDE_2.2.0/STM32CubeIDE/plugins/com.st.stm32cube.ide.mcu.externaltools.gnu-tools-for-stm32.14.3.rel1.win32_1.0.100.202602081740/tools/bin/../lib/gcc/arm-none-eabi/14.3.1/thumb/v7e-m+dp/hard/crtbegin.o
 *(.init)
 .init          0x08005818        0x4 C:/ST/STM32CubeIDE_2.2.0/STM32CubeIDE/plugins/com.st.stm32cube.ide.mcu.externaltools.gnu-tools-for-stm32.14.3.rel1.win32_1.0.100.202602081740/tools/bin/../lib/gcc/arm-none-eabi/14.3.1/thumb/v7e-m+dp/hard/crti.o
                0x08005818                _init
 .init          0x0800581c        0x8 C:/ST/STM32CubeIDE_2.2.0/STM32CubeIDE/plugins/com.st.stm32cube.ide.mcu.externaltools.gnu-tools-for-stm32.14.3.rel1.win32_1.0.100.202602081740/tools/bin/../lib/gcc/arm-none-eabi/14.3.1/thumb/v7e-m+dp/hard/crtn.o
 *(.fini)
 .fini          0x08005824        0x4 C:/ST/STM32CubeIDE_2.2.0/STM32CubeIDE/plugins/com.st.stm32cube.ide.mcu.externaltools.gnu-tools-for-stm32.14.3.rel1.win32_1.0.100.202602081740/tools/bin/../lib/gcc/arm-none-eabi/14.3.1/thumb/v7e-m+dp/hard/crti.o
                0x08005824                _fini
 .fini          0x08005828        0x8 C:/ST/STM32CubeIDE_2.2.0/STM32CubeIDE/plugins/com.st.stm32cube.ide.mcu.externaltools.gnu-tools-for-stm32.14.3.rel1.win32_1.0.100.202602081740/tools/bin/../lib/gcc/arm-none-eabi/14.3.1/thumb/v7e-m+dp/hard/crtn.o
                0x08005830                        . = ALIGN (0x4)
                0x08005830                        _etext = .

.vfp11_veneer   0x08005830        0x0
 .vfp11_veneer  0x08005830        0x0 linker stubs

.v4_bx          0x08005830        0x0
 .v4_bx         0x08005830        0x0 linker stubs

.iplt           0x08005830        0x0
 .iplt          0x08005830        0x0 C:/ST/STM32CubeIDE_2.2.0/STM32CubeIDE/plugins/com.st.stm32cube.ide.mcu.externaltools.gnu-tools-for-stm32.14.3.rel1.win32_1.0.100.202602081740/tools/bin/../lib/gcc/arm-none-eabi/14.3.1/thumb/v7e-m+dp/hard/crtbegin.o

.rodata         0x08005830       0x6c
                0x08005830                        . = ALIGN (0x4)
 *(.rodata)
 .rodata        0x08005830        0xc ./Core/Src/icm45686_spi.o
 *(.rodata*)
 .rodata.LL_DMA_STR_OFFSET_TAB
                0x0800583c        0x8 ./Core/Src/icm45686_spi.o
 .rodata.LL_BDMA_CH_OFFSET_TAB
                0x08005844        0x8 ./Core/Src/main.o
 .rodata.LL_DMA_STR_OFFSET_TAB
                0x0800584c        0x8 ./Core/Src/main.o
 .rodata.LL_DMA_STR_OFFSET_TAB
                0x08005854        0x8 ./Core/Src/uart_telemetry.o
 .rodata.LL_RCC_PrescTable
                0x0800585c       0x10 ./Drivers/STM32H7xx_HAL_Driver/Src/stm32h7xx_ll_rcc.o
                0x0800585c                LL_RCC_PrescTable
 .rodata.USART_PRESCALER_TAB
                0x0800586c       0x30 ./Drivers/STM32H7xx_HAL_Driver/Src/stm32h7xx_ll_usart.o
                0x0800589c                        . = ALIGN (0x4)

.ARM.extab
 *(.ARM.extab* .gnu.linkonce.armextab.*)

.ARM            0x0800589c        0x0
                0x0800589c                        __exidx_start = .
 *(.ARM.exidx*)
                0x0800589c                        __exidx_end = .

.preinit_array  0x0800589c        0x0
                0x0800589c                        PROVIDE (__preinit_array_start = .)
 *(.preinit_array*)
                0x0800589c                        PROVIDE (__preinit_array_end = .)

.init_array     0x0800589c        0x4
                0x0800589c                        PROVIDE (__init_array_start = .)
 *(SORT_BY_NAME(.init_array.*))
 *(.init_array*)
 .init_array    0x0800589c        0x4 C:/ST/STM32CubeIDE_2.2.0/STM32CubeIDE/plugins/com.st.stm32cube.ide.mcu.externaltools.gnu-tools-for-stm32.14.3.rel1.win32_1.0.100.202602081740/tools/bin/../lib/gcc/arm-none-eabi/14.3.1/thumb/v7e-m+dp/hard/crtbegin.o
                0x080058a0                        PROVIDE (__init_array_end = .)

.fini_array     0x080058a0        0x4
                [!provide]                        PROVIDE (__fini_array_start = .)
 *(SORT_BY_NAME(.fini_array.*))
 *(.fini_array*)
 .fini_array    0x080058a0        0x4 C:/ST/STM32CubeIDE_2.2.0/STM32CubeIDE/plugins/com.st.stm32cube.ide.mcu.externaltools.gnu-tools-for-stm32.14.3.rel1.win32_1.0.100.202602081740/tools/bin/../lib/gcc/arm-none-eabi/14.3.1/thumb/v7e-m+dp/hard/crtbegin.o
                [!provide]                        PROVIDE (__fini_array_end = .)
                0x080058a4                        _sidata = LOADADDR (.data)

.rel.dyn        0x080058a4        0x0
 .rel.iplt      0x080058a4        0x0 C:/ST/STM32CubeIDE_2.2.0/STM32CubeIDE/plugins/com.st.stm32cube.ide.mcu.externaltools.gnu-tools-for-stm32.14.3.rel1.win32_1.0.100.202602081740/tools/bin/../lib/gcc/arm-none-eabi/14.3.1/thumb/v7e-m+dp/hard/crtbegin.o

.data           0x24000000      0x34c load address 0x080058a4
                0x24000000                        . = ALIGN (0x4)
                0x24000000                        _sdata = .
 *(.data)
 *(.data*)
 .data.g_bus_spi1
                0x24000000      0x118 ./Core/Src/icm45686_spi.o
                0x24000000                g_bus_spi1
 .data.g_bus_spi4
                0x24000118      0x118 ./Core/Src/icm45686_spi.o
                0x24000118                g_bus_spi4
 .data.g_bus_spi5
                0x24000230      0x118 ./Core/Src/icm45686_spi.o
                0x24000230                g_bus_spi5
 .data.SystemCoreClock
                0x24000348        0x4 ./Core/Src/system_stm32h7xx.o
                0x24000348                SystemCoreClock
 *(.RamFunc)
 *(.RamFunc*)
                0x2400034c                        . = ALIGN (0x4)
                0x2400034c                        _edata = .

.igot.plt       0x2400034c        0x0 load address 0x08005bf0
 .igot.plt      0x2400034c        0x0 C:/ST/STM32CubeIDE_2.2.0/STM32CubeIDE/plugins/com.st.stm32cube.ide.mcu.externaltools.gnu-tools-for-stm32.14.3.rel1.win32_1.0.100.202602081740/tools/bin/../lib/gcc/arm-none-eabi/14.3.1/thumb/v7e-m+dp/hard/crtbegin.o
                0x2400034c                        . = ALIGN (0x4)

.bss            0x2400034c     0x2264 load address 0x08005bf0
                0x2400034c                        _sbss = .
                0x2400034c                        __bss_start__ = _sbss
 *(.bss)
 .bss           0x2400034c       0x1c C:/ST/STM32CubeIDE_2.2.0/STM32CubeIDE/plugins/com.st.stm32cube.ide.mcu.externaltools.gnu-tools-for-stm32.14.3.rel1.win32_1.0.100.202602081740/tools/bin/../lib/gcc/arm-none-eabi/14.3.1/thumb/v7e-m+dp/hard/crtbegin.o
 *(.bss*)
 .bss.g_sensor_batches
                0x24000368      0xb64 ./Core/Src/icm45686_data.o
                0x24000368                g_sensor_batches
 .bss.g_fifo_data
                0x24000ecc      0xb64 ./Core/Src/icm45686_spi.o
                0x24000ecc                g_fifo_data
 .bss.g_fifo_batch_ready
                0x24001a30        0x1 ./Core/Src/icm45686_spi.o
                0x24001a30                g_fifo_batch_ready
 *fill*         0x24001a31        0x3 
 .bss.g_sensor_fault_mask
                0x24001a34        0x4 ./Core/Src/icm45686_spi.o
                0x24001a34                g_sensor_fault_mask
 .bss.g_buses_done_cnt
                0x24001a38        0x1 ./Core/Src/icm45686_spi.o
 *fill*         0x24001a39        0x3 
 .bss.g_uart_tx_buf
                0x24001a3c      0xb6e ./Core/Src/uart_telemetry.o
 .bss.g_uart_busy
                0x240025aa        0x1 ./Core/Src/uart_telemetry.o
 *fill*         0x240025ab        0x1 
 .bss.g_uart_pkt_counter
                0x240025ac        0x4 ./Core/Src/uart_telemetry.o
 *(COMMON)
                0x240025b0                        . = ALIGN (0x4)
                0x240025b0                        _ebss = .
                0x240025b0                        __bss_end__ = _ebss

._user_heap_stack
                0x240025b0      0x600 load address 0x08005bf0
                0x240025b0                        . = ALIGN (0x8)
                [!provide]                        PROVIDE (end = .)
                0x240025b0                        PROVIDE (_end = .)
                0x240027b0                        . = (. + _Min_Heap_Size)
 *fill*         0x240025b0      0x200 
                0x24002bb0                        . = (. + _Min_Stack_Size)
 *fill*         0x240027b0      0x400 
                0x24002bb0                        . = ALIGN (0x8)

.dma_buffers
 *(.DMA_Buffers)

/DISCARD/
 libc.a(*)
 libm.a(*)
 libgcc.a(*)

.ARM.attributes
                0x00000000       0x2e
 *(.ARM.attributes)
 .ARM.attributes
                0x00000000       0x20 C:/ST/STM32CubeIDE_2.2.0/STM32CubeIDE/plugins/com.st.stm32cube.ide.mcu.externaltools.gnu-tools-for-stm32.14.3.rel1.win32_1.0.100.202602081740/tools/bin/../lib/gcc/arm-none-eabi/14.3.1/thumb/v7e-m+dp/hard/crti.o
 .ARM.attributes
                0x00000020       0x32 C:/ST/STM32CubeIDE_2.2.0/STM32CubeIDE/plugins/com.st.stm32cube.ide.mcu.externaltools.gnu-tools-for-stm32.14.3.rel1.win32_1.0.100.202602081740/tools/bin/../lib/gcc/arm-none-eabi/14.3.1/thumb/v7e-m+dp/hard/crtbegin.o
 .ARM.attributes
                0x00000052       0x32 ./Core/Src/icm45686_data.o
 .ARM.attributes
                0x00000084       0x32 ./Core/Src/icm45686_spi.o
 .ARM.attributes
                0x000000b6       0x32 ./Core/Src/main.o
 .ARM.attributes
                0x000000e8       0x32 ./Core/Src/stm32h7xx_it.o
 .ARM.attributes
                0x0000011a       0x32 ./Core/Src/system_stm32h7xx.o
 .ARM.attributes
                0x0000014c       0x32 ./Core/Src/uart_telemetry.o
 .ARM.attributes
                0x0000017e       0x21 ./Core/Startup/startup_stm32h723zgtx.o
 .ARM.attributes
                0x0000019f       0x32 ./Drivers/STM32H7xx_HAL_Driver/Src/stm32h7xx_ll_gpio.o
 .ARM.attributes
                0x000001d1       0x32 ./Drivers/STM32H7xx_HAL_Driver/Src/stm32h7xx_ll_rcc.o
 .ARM.attributes
                0x00000203       0x32 ./Drivers/STM32H7xx_HAL_Driver/Src/stm32h7xx_ll_spi.o
 .ARM.attributes
                0x00000235       0x32 ./Drivers/STM32H7xx_HAL_Driver/Src/stm32h7xx_ll_tim.o
 .ARM.attributes
                0x00000267       0x32 ./Drivers/STM32H7xx_HAL_Driver/Src/stm32h7xx_ll_usart.o
 .ARM.attributes
                0x00000299       0x32 ./Drivers/STM32H7xx_HAL_Driver/Src/stm32h7xx_ll_utils.o
 .ARM.attributes
                0x000002cb       0x32 C:/ST/STM32CubeIDE_2.2.0/STM32CubeIDE/plugins/com.st.stm32cube.ide.mcu.externaltools.gnu-tools-for-stm32.14.3.rel1.win32_1.0.100.202602081740/tools/bin/../lib/gcc/arm-none-eabi/14.3.1/../../../../arm-none-eabi/lib/thumb/v7e-m+dp/hard\libc_nano.a(libc_a-memset.o)
 .ARM.attributes
                0x000002fd       0x32 C:/ST/STM32CubeIDE_2.2.0/STM32CubeIDE/plugins/com.st.stm32cube.ide.mcu.externaltools.gnu-tools-for-stm32.14.3.rel1.win32_1.0.100.202602081740/tools/bin/../lib/gcc/arm-none-eabi/14.3.1/../../../../arm-none-eabi/lib/thumb/v7e-m+dp/hard\libc_nano.a(libc_a-init.o)
 .ARM.attributes
                0x0000032f       0x32 C:/ST/STM32CubeIDE_2.2.0/STM32CubeIDE/plugins/com.st.stm32cube.ide.mcu.externaltools.gnu-tools-for-stm32.14.3.rel1.win32_1.0.100.202602081740/tools/bin/../lib/gcc/arm-none-eabi/14.3.1/../../../../arm-none-eabi/lib/thumb/v7e-m+dp/hard\libc_nano.a(libc_a-memcpy-stub.o)
 .ARM.attributes
                0x00000361       0x20 C:/ST/STM32CubeIDE_2.2.0/STM32CubeIDE/plugins/com.st.stm32cube.ide.mcu.externaltools.gnu-tools-for-stm32.14.3.rel1.win32_1.0.100.202602081740/tools/bin/../lib/gcc/arm-none-eabi/14.3.1/thumb/v7e-m+dp/hard/crtn.o
OUTPUT(Final version of MIIB.elf elf32-littlearm)
LOAD linker stubs
LOAD C:/ST/STM32CubeIDE_2.2.0/STM32CubeIDE/plugins/com.st.stm32cube.ide.mcu.externaltools.gnu-tools-for-stm32.14.3.rel1.win32_1.0.100.202602081740/tools/bin/../lib/gcc/arm-none-eabi/14.3.1/../../../../arm-none-eabi/lib/thumb/v7e-m+dp/hard\libc.a
LOAD C:/ST/STM32CubeIDE_2.2.0/STM32CubeIDE/plugins/com.st.stm32cube.ide.mcu.externaltools.gnu-tools-for-stm32.14.3.rel1.win32_1.0.100.202602081740/tools/bin/../lib/gcc/arm-none-eabi/14.3.1/../../../../arm-none-eabi/lib/thumb/v7e-m+dp/hard\libm.a
LOAD C:/ST/STM32CubeIDE_2.2.0/STM32CubeIDE/plugins/com.st.stm32cube.ide.mcu.externaltools.gnu-tools-for-stm32.14.3.rel1.win32_1.0.100.202602081740/tools/bin/../lib/gcc/arm-none-eabi/14.3.1/thumb/v7e-m+dp/hard\libgcc.a

.debug_info     0x00000000     0xb5c4
 .debug_info    0x00000000      0x432 ./Core/Src/icm45686_data.o
 .debug_info    0x00000432     0x1267 ./Core/Src/icm45686_spi.o
 .debug_info    0x00001699     0x2e87 ./Core/Src/main.o
 .debug_info    0x00004520      0x6ad ./Core/Src/stm32h7xx_it.o
 .debug_info    0x00004bcd      0xbf0 ./Core/Src/system_stm32h7xx.o
 .debug_info    0x000057bd      0x90d ./Core/Src/uart_telemetry.o
 .debug_info    0x000060ca       0x30 ./Core/Startup/startup_stm32h723zgtx.o
 .debug_info    0x000060fa      0x88d ./Drivers/STM32H7xx_HAL_Driver/Src/stm32h7xx_ll_gpio.o
 .debug_info    0x00006987     0x15f8 ./Drivers/STM32H7xx_HAL_Driver/Src/stm32h7xx_ll_rcc.o
 .debug_info    0x00007f7f      0xa86 ./Drivers/STM32H7xx_HAL_Driver/Src/stm32h7xx_ll_spi.o
 .debug_info    0x00008a05     0x1317 ./Drivers/STM32H7xx_HAL_Driver/Src/stm32h7xx_ll_tim.o
 .debug_info    0x00009d1c      0x96d ./Drivers/STM32H7xx_HAL_Driver/Src/stm32h7xx_ll_usart.o
 .debug_info    0x0000a689      0xf3b ./Drivers/STM32H7xx_HAL_Driver/Src/stm32h7xx_ll_utils.o

.debug_abbrev   0x00000000     0x1ab4
 .debug_abbrev  0x00000000      0x143 ./Core/Src/icm45686_data.o
 .debug_abbrev  0x00000143      0x2f6 ./Core/Src/icm45686_spi.o
 .debug_abbrev  0x00000439      0x3a3 ./Core/Src/main.o
 .debug_abbrev  0x000007dc      0x1b3 ./Core/Src/stm32h7xx_it.o
 .debug_abbrev  0x0000098f      0x153 ./Core/Src/system_stm32h7xx.o
 .debug_abbrev  0x00000ae2      0x2b2 ./Core/Src/uart_telemetry.o
 .debug_abbrev  0x00000d94       0x24 ./Core/Startup/startup_stm32h723zgtx.o
 .debug_abbrev  0x00000db8      0x231 ./Drivers/STM32H7xx_HAL_Driver/Src/stm32h7xx_ll_gpio.o
 .debug_abbrev  0x00000fe9      0x21d ./Drivers/STM32H7xx_HAL_Driver/Src/stm32h7xx_ll_rcc.o
 .debug_abbrev  0x00001206      0x233 ./Drivers/STM32H7xx_HAL_Driver/Src/stm32h7xx_ll_spi.o
 .debug_abbrev  0x00001439      0x22f ./Drivers/STM32H7xx_HAL_Driver/Src/stm32h7xx_ll_tim.o
 .debug_abbrev  0x00001668      0x1f9 ./Drivers/STM32H7xx_HAL_Driver/Src/stm32h7xx_ll_usart.o
 .debug_abbrev  0x00001861      0x253 ./Drivers/STM32H7xx_HAL_Driver/Src/stm32h7xx_ll_utils.o

.debug_aranges  0x00000000      0xf20
 .debug_aranges
                0x00000000       0x28 ./Core/Src/icm45686_data.o
 .debug_aranges
                0x00000028      0x1e0 ./Core/Src/icm45686_spi.o
 .debug_aranges
                0x00000208      0x380 ./Core/Src/main.o
 .debug_aranges
                0x00000588      0x148 ./Core/Src/stm32h7xx_it.o
 .debug_aranges
                0x000006d0       0x30 ./Core/Src/system_stm32h7xx.o
 .debug_aranges
                0x00000700       0x90 ./Core/Src/uart_telemetry.o
 .debug_aranges
                0x00000790       0x28 ./Core/Startup/startup_stm32h723zgtx.o
 .debug_aranges
                0x000007b8       0x70 ./Drivers/STM32H7xx_HAL_Driver/Src/stm32h7xx_ll_gpio.o
 .debug_aranges
                0x00000828      0x320 ./Drivers/STM32H7xx_HAL_Driver/Src/stm32h7xx_ll_rcc.o
 .debug_aranges
                0x00000b48       0xa0 ./Drivers/STM32H7xx_HAL_Driver/Src/stm32h7xx_ll_spi.o
 .debug_aranges
                0x00000be8      0x148 ./Drivers/STM32H7xx_HAL_Driver/Src/stm32h7xx_ll_tim.o
 .debug_aranges
                0x00000d30       0x88 ./Drivers/STM32H7xx_HAL_Driver/Src/stm32h7xx_ll_usart.o
 .debug_aranges
                0x00000db8      0x168 ./Drivers/STM32H7xx_HAL_Driver/Src/stm32h7xx_ll_utils.o

.debug_rnglists
                0x00000000      0xb5c
 .debug_rnglists
                0x00000000       0x1b ./Core/Src/icm45686_data.o
 .debug_rnglists
                0x0000001b      0x169 ./Core/Src/icm45686_spi.o
 .debug_rnglists
                0x00000184      0x2a6 ./Core/Src/main.o
 .debug_rnglists
                0x0000042a       0xf1 ./Core/Src/stm32h7xx_it.o
 .debug_rnglists
                0x0000051b       0x21 ./Core/Src/system_stm32h7xx.o
 .debug_rnglists
                0x0000053c       0x68 ./Core/Src/uart_telemetry.o
 .debug_rnglists
                0x000005a4       0x19 ./Core/Startup/startup_stm32h723zgtx.o
 .debug_rnglists
                0x000005bd       0x51 ./Drivers/STM32H7xx_HAL_Driver/Src/stm32h7xx_ll_gpio.o
 .debug_rnglists
                0x0000060e      0x268 ./Drivers/STM32H7xx_HAL_Driver/Src/stm32h7xx_ll_rcc.o
 .debug_rnglists
                0x00000876       0x76 ./Drivers/STM32H7xx_HAL_Driver/Src/stm32h7xx_ll_spi.o
 .debug_rnglists
                0x000008ec       0xfe ./Drivers/STM32H7xx_HAL_Driver/Src/stm32h7xx_ll_tim.o
 .debug_rnglists
                0x000009ea       0x64 ./Drivers/STM32H7xx_HAL_Driver/Src/stm32h7xx_ll_usart.o
 .debug_rnglists
                0x00000a4e      0x10e ./Drivers/STM32H7xx_HAL_Driver/Src/stm32h7xx_ll_utils.o

.debug_macro    0x00000000    0x2c07b
 .debug_macro   0x00000000      0x290 ./Core/Src/icm45686_data.o
 .debug_macro   0x00000290      0xb26 ./Core/Src/icm45686_data.o
 .debug_macro   0x00000db6       0x22 ./Core/Src/icm45686_data.o
 .debug_macro   0x00000dd8       0x8e ./Core/Src/icm45686_data.o
 .debug_macro   0x00000e66       0x51 ./Core/Src/icm45686_data.o
 .debug_macro   0x00000eb7      0x103 ./Core/Src/icm45686_data.o
 .debug_macro   0x00000fba       0x6a ./Core/Src/icm45686_data.o
 .debug_macro   0x00001024      0x1df ./Core/Src/icm45686_data.o
 .debug_macro   0x00001203      0x257 ./Core/Src/icm45686_data.o
 .debug_macro   0x0000145a       0x40 ./Core/Src/icm45686_data.o
 .debug_macro   0x0000149a      0x190 ./Core/Src/icm45686_data.o
 .debug_macro   0x0000162a       0x2e ./Core/Src/icm45686_data.o
 .debug_macro   0x00001658       0x3b ./Core/Src/icm45686_data.o
 .debug_macro   0x00001693       0x1c ./Core/Src/icm45686_data.o
 .debug_macro   0x000016af       0x22 ./Core/Src/icm45686_data.o
 .debug_macro   0x000016d1       0xfb ./Core/Src/icm45686_data.o
 .debug_macro   0x000017cc     0x1305 ./Core/Src/icm45686_data.o
 .debug_macro   0x00002ad1      0x11f ./Core/Src/icm45686_data.o
 .debug_macro   0x00002bf0       0x27 ./Core/Src/icm45686_data.o
 .debug_macro   0x00002c17    0x216c1 ./Core/Src/icm45686_data.o
 .debug_macro   0x000242d8       0x6d ./Core/Src/icm45686_data.o
 .debug_macro   0x00024345      0x7f5 ./Core/Src/icm45686_data.o
 .debug_macro   0x00024b3a      0x2c6 ./Core/Src/icm45686_data.o
 .debug_macro   0x00024e00      0x1b4 ./Core/Src/icm45686_data.o
 .debug_macro   0x00024fb4       0x61 ./Core/Src/icm45686_data.o
 .debug_macro   0x00025015       0x29 ./Core/Src/icm45686_data.o
 .debug_macro   0x0002503e       0x43 ./Core/Src/icm45686_data.o
 .debug_macro   0x00025081       0x34 ./Core/Src/icm45686_data.o
 .debug_macro   0x000250b5      0x364 ./Core/Src/icm45686_data.o
 .debug_macro   0x00025419       0x16 ./Core/Src/icm45686_data.o
 .debug_macro   0x0002542f       0x4a ./Core/Src/icm45686_data.o
 .debug_macro   0x00025479       0x34 ./Core/Src/icm45686_data.o
 .debug_macro   0x000254ad       0x10 ./Core/Src/icm45686_data.o
 .debug_macro   0x000254bd       0x58 ./Core/Src/icm45686_data.o
 .debug_macro   0x00025515       0x8e ./Core/Src/icm45686_data.o
 .debug_macro   0x000255a3       0x1c ./Core/Src/icm45686_data.o
 .debug_macro   0x000255bf      0x17e ./Core/Src/icm45686_data.o
 .debug_macro   0x0002573d      0x19b ./Core/Src/icm45686_data.o
 .debug_macro   0x000258d8      0x9ba ./Core/Src/icm45686_data.o
 .debug_macro   0x00026292       0xd0 ./Core/Src/icm45686_data.o
 .debug_macro   0x00026362      0x351 ./Core/Src/icm45686_data.o
 .debug_macro   0x000266b3      0x3bb ./Core/Src/icm45686_data.o
 .debug_macro   0x00026a6e      0x28e ./Core/Src/icm45686_data.o
 .debug_macro   0x00026cfc      0x1e0 ./Core/Src/icm45686_data.o
 .debug_macro   0x00026edc       0x77 ./Core/Src/icm45686_data.o
 .debug_macro   0x00026f53      0x1d0 ./Core/Src/icm45686_data.o
 .debug_macro   0x00027123      0x631 ./Core/Src/icm45686_data.o
 .debug_macro   0x00027754      0xaa3 ./Core/Src/icm45686_data.o
 .debug_macro   0x000281f7      0x40f ./Core/Src/icm45686_data.o
 .debug_macro   0x00028606      0x165 ./Core/Src/icm45686_data.o
 .debug_macro   0x0002876b      0x146 ./Core/Src/icm45686_data.o
 .debug_macro   0x000288b1       0x16 ./Core/Src/icm45686_data.o
 .debug_macro   0x000288c7       0x3c ./Core/Src/icm45686_data.o
 .debug_macro   0x00028903       0x20 ./Core/Src/icm45686_data.o
 .debug_macro   0x00028923      0x28e ./Core/Src/icm45686_spi.o
 .debug_macro   0x00028bb1      0x273 ./Core/Src/main.o
 .debug_macro   0x00028e24       0x28 ./Core/Src/main.o
 .debug_macro   0x00028e4c      0x279 ./Core/Src/stm32h7xx_it.o
 .debug_macro   0x000290c5      0x182 ./Core/Src/system_stm32h7xx.o
 .debug_macro   0x00029247      0x291 ./Core/Src/uart_telemetry.o
 .debug_macro   0x000294d8      0x10e ./Drivers/STM32H7xx_HAL_Driver/Src/stm32h7xx_ll_gpio.o
 .debug_macro   0x000295e6      0x15f ./Drivers/STM32H7xx_HAL_Driver/Src/stm32h7xx_ll_gpio.o
 .debug_macro   0x00029745      0x1b8 ./Drivers/STM32H7xx_HAL_Driver/Src/stm32h7xx_ll_rcc.o
 .debug_macro   0x000298fd      0x9c0 ./Drivers/STM32H7xx_HAL_Driver/Src/stm32h7xx_ll_rcc.o
 .debug_macro   0x0002a2bd      0x27b ./Drivers/STM32H7xx_HAL_Driver/Src/stm32h7xx_ll_spi.o
 .debug_macro   0x0002a538      0x62b ./Drivers/STM32H7xx_HAL_Driver/Src/stm32h7xx_ll_spi.o
 .debug_macro   0x0002ab63      0x183 ./Drivers/STM32H7xx_HAL_Driver/Src/stm32h7xx_ll_tim.o
 .debug_macro   0x0002ace6      0xa9d ./Drivers/STM32H7xx_HAL_Driver/Src/stm32h7xx_ll_tim.o
 .debug_macro   0x0002b783      0x1fd ./Drivers/STM32H7xx_HAL_Driver/Src/stm32h7xx_ll_usart.o
 .debug_macro   0x0002b980      0x409 ./Drivers/STM32H7xx_HAL_Driver/Src/stm32h7xx_ll_usart.o
 .debug_macro   0x0002bd89      0x2f2 ./Drivers/STM32H7xx_HAL_Driver/Src/stm32h7xx_ll_utils.o

.debug_line     0x00000000     0xa603
 .debug_line    0x00000000      0x957 ./Core/Src/icm45686_data.o
 .debug_line    0x00000957     0x10d8 ./Core/Src/icm45686_spi.o
 .debug_line    0x00001a2f     0x1a6f ./Core/Src/main.o
 .debug_line    0x0000349e      0xbbe ./Core/Src/stm32h7xx_it.o
 .debug_line    0x0000405c      0x83a ./Core/Src/system_stm32h7xx.o
 .debug_line    0x00004896      0xae6 ./Core/Src/uart_telemetry.o
 .debug_line    0x0000537c       0x7b ./Core/Startup/startup_stm32h723zgtx.o
 .debug_line    0x000053f7      0x724 ./Drivers/STM32H7xx_HAL_Driver/Src/stm32h7xx_ll_gpio.o
 .debug_line    0x00005b1b     0x1dbd ./Drivers/STM32H7xx_HAL_Driver/Src/stm32h7xx_ll_rcc.o
 .debug_line    0x000078d8      0x97d ./Drivers/STM32H7xx_HAL_Driver/Src/stm32h7xx_ll_spi.o
 .debug_line    0x00008255      0xcd0 ./Drivers/STM32H7xx_HAL_Driver/Src/stm32h7xx_ll_tim.o
 .debug_line    0x00008f25      0x91f ./Drivers/STM32H7xx_HAL_Driver/Src/stm32h7xx_ll_usart.o
 .debug_line    0x00009844      0xdbf ./Drivers/STM32H7xx_HAL_Driver/Src/stm32h7xx_ll_utils.o

.debug_str      0x00000000    0xfae1a
 .debug_str     0x00000000    0xfae1a ./Core/Src/icm45686_data.o
                              0xf12d4 (size before relaxing)
 .debug_str     0x000fae1a    0xf18d5 ./Core/Src/icm45686_spi.o
 .debug_str     0x000fae1a    0xf2df4 ./Core/Src/main.o
 .debug_str     0x000fae1a    0xf15fb ./Core/Src/stm32h7xx_it.o
 .debug_str     0x000fae1a    0xd3d6d ./Core/Src/system_stm32h7xx.o
 .debug_str     0x000fae1a    0xf1584 ./Core/Src/uart_telemetry.o
 .debug_str     0x000fae1a       0xa1 ./Core/Startup/startup_stm32h723zgtx.o
 .debug_str     0x000fae1a    0xd22e6 ./Drivers/STM32H7xx_HAL_Driver/Src/stm32h7xx_ll_gpio.o
 .debug_str     0x000fae1a    0xdd308 ./Drivers/STM32H7xx_HAL_Driver/Src/stm32h7xx_ll_rcc.o
 .debug_str     0x000fae1a    0xe1c08 ./Drivers/STM32H7xx_HAL_Driver/Src/stm32h7xx_ll_spi.o
 .debug_str     0x000fae1a    0xd84e1 ./Drivers/STM32H7xx_HAL_Driver/Src/stm32h7xx_ll_tim.o
 .debug_str     0x000fae1a    0xde8af ./Drivers/STM32H7xx_HAL_Driver/Src/stm32h7xx_ll_usart.o
 .debug_str     0x000fae1a    0xe052e ./Drivers/STM32H7xx_HAL_Driver/Src/stm32h7xx_ll_utils.o

.comment        0x00000000       0x43
 .comment       0x00000000       0x43 ./Core/Src/icm45686_data.o
                                 0x44 (size before relaxing)
 .comment       0x00000043       0x44 ./Core/Src/icm45686_spi.o
 .comment       0x00000043       0x44 ./Core/Src/main.o
 .comment       0x00000043       0x44 ./Core/Src/stm32h7xx_it.o
 .comment       0x00000043       0x44 ./Core/Src/system_stm32h7xx.o
 .comment       0x00000043       0x44 ./Core/Src/uart_telemetry.o
 .comment       0x00000043       0x44 ./Drivers/STM32H7xx_HAL_Driver/Src/stm32h7xx_ll_gpio.o
 .comment       0x00000043       0x44 ./Drivers/STM32H7xx_HAL_Driver/Src/stm32h7xx_ll_rcc.o
 .comment       0x00000043       0x44 ./Drivers/STM32H7xx_HAL_Driver/Src/stm32h7xx_ll_spi.o
 .comment       0x00000043       0x44 ./Drivers/STM32H7xx_HAL_Driver/Src/stm32h7xx_ll_tim.o
 .comment       0x00000043       0x44 ./Drivers/STM32H7xx_HAL_Driver/Src/stm32h7xx_ll_usart.o
 .comment       0x00000043       0x44 ./Drivers/STM32H7xx_HAL_Driver/Src/stm32h7xx_ll_utils.o

.debug_frame    0x00000000     0x3ba4
 .debug_frame   0x00000000       0x58 ./Core/Src/icm45686_data.o
 .debug_frame   0x00000058      0x7f4 ./Core/Src/icm45686_spi.o
 .debug_frame   0x0000084c      0xea0 ./Core/Src/main.o
 .debug_frame   0x000016ec      0x464 ./Core/Src/stm32h7xx_it.o
 .debug_frame   0x00001b50       0x6c ./Core/Src/system_stm32h7xx.o
 .debug_frame   0x00001bbc      0x21c ./Core/Src/uart_telemetry.o
 .debug_frame   0x00001dd8      0x19c ./Drivers/STM32H7xx_HAL_Driver/Src/stm32h7xx_ll_gpio.o
 .debug_frame   0x00001f74      0xc5c ./Drivers/STM32H7xx_HAL_Driver/Src/stm32h7xx_ll_rcc.o
 .debug_frame   0x00002bd0      0x274 ./Drivers/STM32H7xx_HAL_Driver/Src/stm32h7xx_ll_spi.o
 .debug_frame   0x00002e44      0x568 ./Drivers/STM32H7xx_HAL_Driver/Src/stm32h7xx_ll_tim.o
 .debug_frame   0x000033ac      0x20c ./Drivers/STM32H7xx_HAL_Driver/Src/stm32h7xx_ll_usart.o
 .debug_frame   0x000035b8      0x578 ./Drivers/STM32H7xx_HAL_Driver/Src/stm32h7xx_ll_utils.o
 .debug_frame   0x00003b30       0x20 C:/ST/STM32CubeIDE_2.2.0/STM32CubeIDE/plugins/com.st.stm32cube.ide.mcu.externaltools.gnu-tools-for-stm32.14.3.rel1.win32_1.0.100.202602081740/tools/bin/../lib/gcc/arm-none-eabi/14.3.1/../../../../arm-none-eabi/lib/thumb/v7e-m+dp/hard\libc_nano.a(libc_a-memset.o)
 .debug_frame   0x00003b50       0x2c C:/ST/STM32CubeIDE_2.2.0/STM32CubeIDE/plugins/com.st.stm32cube.ide.mcu.externaltools.gnu-tools-for-stm32.14.3.rel1.win32_1.0.100.202602081740/tools/bin/../lib/gcc/arm-none-eabi/14.3.1/../../../../arm-none-eabi/lib/thumb/v7e-m+dp/hard\libc_nano.a(libc_a-init.o)
 .debug_frame   0x00003b7c       0x28 C:/ST/STM32CubeIDE_2.2.0/STM32CubeIDE/plugins/com.st.stm32cube.ide.mcu.externaltools.gnu-tools-for-stm32.14.3.rel1.win32_1.0.100.202602081740/tools/bin/../lib/gcc/arm-none-eabi/14.3.1/../../../../arm-none-eabi/lib/thumb/v7e-m+dp/hard\libc_nano.a(libc_a-memcpy-stub.o)

.debug_line_str
                0x00000000       0x85
 .debug_line_str
                0x00000000       0x85 ./Core/Startup/startup_stm32h723zgtx.o
