Archive member included to satisfy reference by file (symbol)

C:/ST/STM32CubeIDE_2.2.0/STM32CubeIDE/plugins/com.st.stm32cube.ide.mcu.externaltools.gnu-tools-for-stm32.14.3.rel1.win32_1.0.100.202602081740/tools/bin/../lib/gcc/arm-none-eabi/14.3.1/../../../../arm-none-eabi/lib/thumb/v7e-m+dp/hard\libc_nano.a(libc_a-exit.o)
                              C:/ST/STM32CubeIDE_2.2.0/STM32CubeIDE/plugins/com.st.stm32cube.ide.mcu.externaltools.gnu-tools-for-stm32.14.3.rel1.win32_1.0.100.202602081740/tools/bin/../lib/gcc/arm-none-eabi/14.3.1/../../../../arm-none-eabi/lib/thumb/v7e-m+dp/hard/crt0.o (exit)
C:/ST/STM32CubeIDE_2.2.0/STM32CubeIDE/plugins/com.st.stm32cube.ide.mcu.externaltools.gnu-tools-for-stm32.14.3.rel1.win32_1.0.100.202602081740/tools/bin/../lib/gcc/arm-none-eabi/14.3.1/../../../../arm-none-eabi/lib/thumb/v7e-m+dp/hard\libc_nano.a(libc_a-findfp.o)
                              C:/ST/STM32CubeIDE_2.2.0/STM32CubeIDE/plugins/com.st.stm32cube.ide.mcu.externaltools.gnu-tools-for-stm32.14.3.rel1.win32_1.0.100.202602081740/tools/bin/../lib/gcc/arm-none-eabi/14.3.1/../../../../arm-none-eabi/lib/thumb/v7e-m+dp/hard\libc_nano.a(libc_a-exit.o) (__stdio_exit_handler)
C:/ST/STM32CubeIDE_2.2.0/STM32CubeIDE/plugins/com.st.stm32cube.ide.mcu.externaltools.gnu-tools-for-stm32.14.3.rel1.win32_1.0.100.202602081740/tools/bin/../lib/gcc/arm-none-eabi/14.3.1/../../../../arm-none-eabi/lib/thumb/v7e-m+dp/hard\libc_nano.a(libc_a-fwalk.o)
                              C:/ST/STM32CubeIDE_2.2.0/STM32CubeIDE/plugins/com.st.stm32cube.ide.mcu.externaltools.gnu-tools-for-stm32.14.3.rel1.win32_1.0.100.202602081740/tools/bin/../lib/gcc/arm-none-eabi/14.3.1/../../../../arm-none-eabi/lib/thumb/v7e-m+dp/hard\libc_nano.a(libc_a-findfp.o) (_fwalk_sglue)
C:/ST/STM32CubeIDE_2.2.0/STM32CubeIDE/plugins/com.st.stm32cube.ide.mcu.externaltools.gnu-tools-for-stm32.14.3.rel1.win32_1.0.100.202602081740/tools/bin/../lib/gcc/arm-none-eabi/14.3.1/../../../../arm-none-eabi/lib/thumb/v7e-m+dp/hard\libc_nano.a(libc_a-stdio.o)
                              C:/ST/STM32CubeIDE_2.2.0/STM32CubeIDE/plugins/com.st.stm32cube.ide.mcu.externaltools.gnu-tools-for-stm32.14.3.rel1.win32_1.0.100.202602081740/tools/bin/../lib/gcc/arm-none-eabi/14.3.1/../../../../arm-none-eabi/lib/thumb/v7e-m+dp/hard\libc_nano.a(libc_a-findfp.o) (__sread)
C:/ST/STM32CubeIDE_2.2.0/STM32CubeIDE/plugins/com.st.stm32cube.ide.mcu.externaltools.gnu-tools-for-stm32.14.3.rel1.win32_1.0.100.202602081740/tools/bin/../lib/gcc/arm-none-eabi/14.3.1/../../../../arm-none-eabi/lib/thumb/v7e-m+dp/hard\libc_nano.a(libc_a-memset.o)
                              C:/ST/STM32CubeIDE_2.2.0/STM32CubeIDE/plugins/com.st.stm32cube.ide.mcu.externaltools.gnu-tools-for-stm32.14.3.rel1.win32_1.0.100.202602081740/tools/bin/../lib/gcc/arm-none-eabi/14.3.1/../../../../arm-none-eabi/lib/thumb/v7e-m+dp/hard/crt0.o (memset)
C:/ST/STM32CubeIDE_2.2.0/STM32CubeIDE/plugins/com.st.stm32cube.ide.mcu.externaltools.gnu-tools-for-stm32.14.3.rel1.win32_1.0.100.202602081740/tools/bin/../lib/gcc/arm-none-eabi/14.3.1/../../../../arm-none-eabi/lib/thumb/v7e-m+dp/hard\libc_nano.a(libc_a-closer.o)
                              C:/ST/STM32CubeIDE_2.2.0/STM32CubeIDE/plugins/com.st.stm32cube.ide.mcu.externaltools.gnu-tools-for-stm32.14.3.rel1.win32_1.0.100.202602081740/tools/bin/../lib/gcc/arm-none-eabi/14.3.1/../../../../arm-none-eabi/lib/thumb/v7e-m+dp/hard\libc_nano.a(libc_a-stdio.o) (_close_r)
C:/ST/STM32CubeIDE_2.2.0/STM32CubeIDE/plugins/com.st.stm32cube.ide.mcu.externaltools.gnu-tools-for-stm32.14.3.rel1.win32_1.0.100.202602081740/tools/bin/../lib/gcc/arm-none-eabi/14.3.1/../../../../arm-none-eabi/lib/thumb/v7e-m+dp/hard\libc_nano.a(libc_a-reent.o)
                              C:/ST/STM32CubeIDE_2.2.0/STM32CubeIDE/plugins/com.st.stm32cube.ide.mcu.externaltools.gnu-tools-for-stm32.14.3.rel1.win32_1.0.100.202602081740/tools/bin/../lib/gcc/arm-none-eabi/14.3.1/../../../../arm-none-eabi/lib/thumb/v7e-m+dp/hard\libc_nano.a(libc_a-closer.o) (errno)
C:/ST/STM32CubeIDE_2.2.0/STM32CubeIDE/plugins/com.st.stm32cube.ide.mcu.externaltools.gnu-tools-for-stm32.14.3.rel1.win32_1.0.100.202602081740/tools/bin/../lib/gcc/arm-none-eabi/14.3.1/../../../../arm-none-eabi/lib/thumb/v7e-m+dp/hard\libc_nano.a(libc_a-impure.o)
                              C:/ST/STM32CubeIDE_2.2.0/STM32CubeIDE/plugins/com.st.stm32cube.ide.mcu.externaltools.gnu-tools-for-stm32.14.3.rel1.win32_1.0.100.202602081740/tools/bin/../lib/gcc/arm-none-eabi/14.3.1/../../../../arm-none-eabi/lib/thumb/v7e-m+dp/hard\libc_nano.a(libc_a-reent.o) (_impure_ptr)
C:/ST/STM32CubeIDE_2.2.0/STM32CubeIDE/plugins/com.st.stm32cube.ide.mcu.externaltools.gnu-tools-for-stm32.14.3.rel1.win32_1.0.100.202602081740/tools/bin/../lib/gcc/arm-none-eabi/14.3.1/../../../../arm-none-eabi/lib/thumb/v7e-m+dp/hard\libc_nano.a(libc_a-lseekr.o)
[...]
Memory Configuration

Name             Origin             Length             Attributes
ITCMRAM          0x00000000         0x00010000         xrw
DTCMRAM          0x20000000         0x00020000         xrw
FLASH            0x08000000         0x00100000         xr
RAM_D1           0x24000000         0x00050000         xrw
RAM_D2           0x30000000         0x00008000         xrw
RAM_D3           0x38000000         0x00004000         xrw
*default*        0x00000000         0xffffffff

Linker script and memory map

LOAD C:/ST/STM32CubeIDE_2.2.0/STM32CubeIDE/plugins/com.st.stm32cube.ide.mcu.externaltools.gnu-tools-for-stm32.14.3.rel1.win32_1.0.100.202602081740/tools/bin/../lib/gcc/arm-none-eabi/14.3.1/thumb/v7e-m+dp/hard/crti.o
LOAD C:/ST/STM32CubeIDE_2.2.0/STM32CubeIDE/plugins/com.st.stm32cube.ide.mcu.externaltools.gnu-tools-for-stm32.14.3.rel1.win32_1.0.100.202602081740/tools/bin/../lib/gcc/arm-none-eabi/14.3.1/thumb/v7e-m+dp/hard/crtbegin.o
LOAD C:/ST/STM32CubeIDE_2.2.0/STM32CubeIDE/plugins/com.st.stm32cube.ide.mcu.externaltools.gnu-tools-for-stm32.14.3.rel1.win32_1.0.100.202602081740/tools/bin/../lib/gcc/arm-none-eabi/14.3.1/../../../../arm-none-eabi/lib/thumb/v7e-m+dp/hard/crt0.o
LOAD ./Core/Src/icm45686_data.o
LOAD ./Core/Src/icm45686_spi.o
LOAD ./Core/Src/main.o
LOAD ./Core/Src/stm32h7xx_it.o
LOAD ./Core/Src/syscalls.o
LOAD ./Core/Src/sysmem.o
LOAD ./Core/Src/system_stm32h7xx.o
LOAD ./Core/Src/uart_telemetry.o
LOAD ./Core/Startup/startup_stm32h723zgtx.o
LOAD ./Drivers/STM32H7xx_HAL_Driver/Src/stm32h7xx_ll_bdma.o
LOAD ./Drivers/STM32H7xx_HAL_Driver/Src/stm32h7xx_ll_dma.o
LOAD ./Drivers/STM32H7xx_HAL_Driver/Src/stm32h7xx_ll_exti.o
LOAD ./Drivers/STM32H7xx_HAL_Driver/Src/stm32h7xx_ll_gpio.o
LOAD ./Drivers/STM32H7xx_HAL_Driver/Src/stm32h7xx_ll_pwr.o
LOAD ./Drivers/STM32H7xx_HAL_Driver/Src/stm32h7xx_ll_rcc.o
LOAD ./Drivers/STM32H7xx_HAL_Driver/Src/stm32h7xx_ll_spi.o
LOAD ./Drivers/STM32H7xx_HAL_Driver/Src/stm32h7xx_ll_tim.o
LOAD ./Drivers/STM32H7xx_HAL_Driver/Src/stm32h7xx_ll_usart.o
LOAD ./Drivers/STM32H7xx_HAL_Driver/Src/stm32h7xx_ll_utils.o
START GROUP
LOAD C:/ST/STM32CubeIDE_2.2.0/STM32CubeIDE/plugins/com.st.stm32cube.ide.mcu.externaltools.gnu-tools-for-stm32.14.3.rel1.win32_1.0.100.202602081740/tools/bin/../lib/gcc/arm-none-eabi/14.3.1/../../../../arm-none-eabi/lib/thumb/v7e-m+dp/hard\libc_nano.a
LOAD C:/ST/STM32CubeIDE_2.2.0/STM32CubeIDE/plugins/com.st.stm32cube.ide.mcu.externaltools.gnu-tools-for-stm32.14.3.rel1.win32_1.0.100.202602081740/tools/bin/../lib/gcc/arm-none-eabi/14.3.1/../../../../arm-none-eabi/lib/thumb/v7e-m+dp/hard\libm.a
END GROUP
START GROUP
LOAD C:/ST/STM32CubeIDE_2.2.0/STM32CubeIDE/plugins/com.st.stm32cube.ide.mcu.externaltools.gnu-tools-for-stm32.14.3.rel1.win32_1.0.100.202602081740/tools/bin/../lib/gcc/arm-none-eabi/14.3.1/thumb/v7e-m+dp/hard\libgcc.a
LOAD C:/ST/STM32CubeIDE_2.2.0/STM32CubeIDE/plugins/com.st.stm32cube.ide.mcu.externaltools.gnu-tools-for-stm32.14.3.rel1.win32_1.0.100.202602081740/tools/bin/../lib/gcc/arm-none-eabi/14.3.1/../../../../arm-none-eabi/lib/thumb/v7e-m+dp/hard\libc_nano.a
END GROUP
START GROUP
LOAD C:/ST/STM32CubeIDE_2.2.0/STM32CubeIDE/plugins/com.st.stm32cube.ide.mcu.externaltools.gnu-tools-for-stm32.14.3.rel1.win32_1.0.100.202602081740/tools/bin/../lib/gcc/arm-none-eabi/14.3.1/thumb/v7e-m+dp/hard\libgcc.a
LOAD C:/ST/STM32CubeIDE_2.2.0/STM32CubeIDE/plugins/com.st.stm32cube.ide.mcu.externaltools.gnu-tools-for-stm32.14.3.rel1.win32_1.0.100.202602081740/tools/bin/../lib/gcc/arm-none-eabi/14.3.1/../../../../arm-none-eabi/lib/thumb/v7e-m+dp/hard\libc_nano.a
LOAD C:/ST/STM32CubeIDE_2.2.0/STM32CubeIDE/plugins/com.st.stm32cube.ide.mcu.externaltools.gnu-tools-for-stm32.14.3.rel1.win32_1.0.100.202602081740/tools/bin/../lib/gcc/arm-none-eabi/14.3.1/../../../../arm-none-eabi/lib/thumb/v7e-m+dp/hard\libnosys.a
END GROUP
START GROUP
LOAD C:/ST/STM32CubeIDE_2.2.0/STM32CubeIDE/plugins/com.st.stm32cube.ide.mcu.externaltools.gnu-tools-for-stm32.14.3.rel1.win32_1.0.100.202602081740/tools/bin/../lib/gcc/arm-none-eabi/14.3.1/thumb/v7e-m+dp/hard\libgcc.a
LOAD C:/ST/STM32CubeIDE_2.2.0/STM32CubeIDE/plugins/com.st.stm32cube.ide.mcu.externaltools.gnu-tools-for-stm32.14.3.rel1.win32_1.0.100.202602081740/tools/bin/../lib/gcc/arm-none-eabi/14.3.1/../../../../arm-none-eabi/lib/thumb/v7e-m+dp/hard\libc_nano.a
LOAD C:/ST/STM32CubeIDE_2.2.0/STM32CubeIDE/plugins/com.st.stm32cube.ide.mcu.externaltools.gnu-tools-for-stm32.14.3.rel1.win32_1.0.100.202602081740/tools/bin/../lib/gcc/arm-none-eabi/14.3.1/../../../../arm-none-eabi/lib/thumb/v7e-m+dp/hard\libnosys.a
END GROUP
LOAD C:/ST/STM32CubeIDE_2.2.0/STM32CubeIDE/plugins/com.st.stm32cube.ide.mcu.externaltools.gnu-tools-for-stm32.14.3.rel1.win32_1.0.100.202602081740/tools/bin/../lib/gcc/arm-none-eabi/14.3.1/thumb/v7e-m+dp/hard/crtend.o
LOAD C:/ST/STM32CubeIDE_2.2.0/STM32CubeIDE/plugins/com.st.stm32cube.ide.mcu.externaltools.gnu-tools-for-stm32.14.3.rel1.win32_1.0.100.202602081740/tools/bin/../lib/gcc/arm-none-eabi/14.3.1/thumb/v7e-m+dp/hard/crtn.o
                0x24050000                        _estack = (ORIGIN (RAM_D1) + LENGTH (RAM_D1))
                0x00000200                        _Min_Heap_Size = 0x200
                0x00000800                        _Min_Stack_Size = 0x800

.isr_vector     0x08000000      0x2cc
                0x08000000                        . = ALIGN (0x4)
 *(.isr_vector)
 .isr_vector    0x08000000      0x2cc ./Core/Startup/startup_stm32h723zgtx.o
                0x08000000                g_pfnVectors
                0x080002cc                        . = ALIGN (0x4)

.text           0x080002cc     0x80c4
                0x080002cc                        . = ALIGN (0x4)
 *(.text)
 .text          0x080002cc       0x40 C:/ST/STM32CubeIDE_2.2.0/STM32CubeIDE/plugins/com.st.stm32cube.ide.mcu.externaltools.gnu-tools-for-stm32.14.3.rel1.win32_1.0.100.202602081740/tools/bin/../lib/gcc/arm-none-eabi/14.3.1/thumb/v7e-m+dp/hard/crtbegin.o
 *(.text*)
 .text.build20  0x0800030c       0x38 ./Core/Src/icm45686_data.o
 .text.ICM_ParseFIFOBuffer
                0x08000344      0x1aa ./Core/Src/icm45686_data.o
                0x08000344                ICM_ParseFIFOBuffer
 *fill*         0x080004ee        0x2 
 .text.ICM_ParseAllFIFO
                0x080004f0      0x184 ./Core/Src/icm45686_data.o
                0x080004f0                ICM_ParseAllFIFO
 .text.LL_BDMA_EnableChannel
                0x08000674       0x44 ./Core/Src/icm45686_spi.o
 .text.LL_BDMA_DisableChannel
                0x080006b8       0x44 ./Core/Src/icm45686_spi.o
 .text.LL_BDMA_IsEnabledChannel
                0x080006fc       0x3c ./Core/Src/icm45686_spi.o
 .text.LL_BDMA_SetDataLength
                0x08000738       0x50 ./Core/Src/icm45686_spi.o
 .text.LL_BDMA_SetMemoryAddress
                0x08000788       0x34 ./Core/Src/icm45686_spi.o
 .text.LL_BDMA_SetPeriphAddress
                0x080007bc       0x34 ./Core/Src/icm45686_spi.o
 .text.LL_BDMA_ClearFlag_TC0
                0x080007f0       0x1a ./Core/Src/icm45686_spi.o
 .text.LL_BDMA_ClearFlag_TC1
                0x0800080a       0x1a ./Core/Src/icm45686_spi.o
 .text.LL_BDMA_ClearFlag_HT0
                0x08000824       0x1a ./Core/Src/icm45686_spi.o
 .text.LL_BDMA_ClearFlag_HT1
                0x0800083e       0x1a ./Core/Src/icm45686_spi.o
 .text.LL_BDMA_ClearFlag_TE0
                0x08000858       0x1a ./Core/Src/icm45686_spi.o
 .text.LL_BDMA_ClearFlag_TE1
                0x08000872       0x1a ./Core/Src/icm45686_spi.o
 .text.LL_BDMA_EnableIT_TC
                0x0800088c       0x44 ./Core/Src/icm45686_spi.o
 .text.LL_BDMA_EnableIT_TE
                0x080008d0       0x44 ./Core/Src/icm45686_spi.o
 .text.LL_DMA_EnableStream
                0x08000914       0x44 ./Core/Src/icm45686_spi.o
 .text.LL_DMA_DisableStream
                0x08000958       0x44 ./Core/Src/icm45686_spi.o
 .text.LL_DMA_IsEnabledStream
                0x0800099c       0x3c ./Core/Src/icm45686_spi.o
 .text.LL_DMA_SetDataLength
                0x080009d8       0x50 ./Core/Src/icm45686_spi.o
 .text.LL_DMA_SetMemoryAddress
                0x08000a28       0x34 ./Core/Src/icm45686_spi.o
 .text.LL_DMA_SetPeriphAddress
                0x08000a5c       0x34 ./Core/Src/icm45686_spi.o
 .text.LL_DMA_ClearFlag_HT0
                0x08000a90       0x1a ./Core/Src/icm45686_spi.o
 .text.LL_DMA_ClearFlag_HT1
                0x08000aaa       0x1c ./Core/Src/icm45686_spi.o
 .text.LL_DMA_ClearFlag_HT2
                0x08000ac6       0x1c ./Core/Src/icm45686_spi.o
 .text.LL_DMA_ClearFlag_HT3
                0x08000ae2       0x1c ./Core/Src/icm45686_spi.o
 .text.LL_DMA_ClearFlag_HT4
                0x08000afe       0x1a ./Core/Src/icm45686_spi.o
 .text.LL_DMA_ClearFlag_HT5
                0x08000b18       0x1c ./Core/Src/icm45686_spi.o
 .text.LL_DMA_ClearFlag_HT6
                0x08000b34       0x1c ./Core/Src/icm45686_spi.o
 .text.LL_DMA_ClearFlag_HT7
                0x08000b50       0x1c ./Core/Src/icm45686_spi.o
 .text.LL_DMA_ClearFlag_TC0
                0x08000b6c       0x1a ./Core/Src/icm45686_spi.o
 .text.LL_DMA_ClearFlag_TC1
                0x08000b86       0x1c ./Core/Src/icm45686_spi.o
 .text.LL_DMA_ClearFlag_TC2
                0x08000ba2       0x1c ./Core/Src/icm45686_spi.o
 .text.LL_DMA_ClearFlag_TC3
                0x08000bbe       0x1c ./Core/Src/icm45686_spi.o
 .text.LL_DMA_ClearFlag_TC4
                0x08000bda       0x1a ./Core/Src/icm45686_spi.o
 .text.LL_DMA_ClearFlag_TC5
                0x08000bf4       0x1c ./Core/Src/icm45686_spi.o
 .text.LL_DMA_ClearFlag_TC6
                0x08000c10       0x1c ./Core/Src/icm45686_spi.o
 .text.LL_DMA_ClearFlag_TC7
                0x08000c2c       0x1c ./Core/Src/icm45686_spi.o
 .text.LL_DMA_ClearFlag_TE0
                0x08000c48       0x1a ./Core/Src/icm45686_spi.o
 .text.LL_DMA_ClearFlag_TE1
                0x08000c62       0x1c ./Core/Src/icm45686_spi.o
 .text.LL_DMA_ClearFlag_TE2
                0x08000c7e       0x1c ./Core/Src/icm45686_spi.o
 .text.LL_DMA_ClearFlag_TE3
                0x08000c9a       0x1c ./Core/Src/icm45686_spi.o
 .text.LL_DMA_ClearFlag_TE4
                0x08000cb6       0x1a ./Core/Src/icm45686_spi.o
 .text.LL_DMA_ClearFlag_TE5
                0x08000cd0       0x1c ./Core/Src/icm45686_spi.o
 .text.LL_DMA_ClearFlag_TE6
                0x08000cec       0x1c ./Core/Src/icm45686_spi.o
 .text.LL_DMA_ClearFlag_TE7
                0x08000d08       0x1c ./Core/Src/icm45686_spi.o
 .text.LL_DMA_ClearFlag_DME0
                0x08000d24       0x1a ./Core/Src/icm45686_spi.o
 .text.LL_DMA_ClearFlag_DME1
                0x08000d3e       0x1c ./Core/Src/icm45686_spi.o
 .text.LL_DMA_ClearFlag_DME2
                0x08000d5a       0x1c ./Core/Src/icm45686_spi.o
 .text.LL_DMA_ClearFlag_DME3
                0x08000d76       0x1c ./Core/Src/icm45686_spi.o
 .text.LL_DMA_ClearFlag_DME4
                0x08000d92       0x1a ./Core/Src/icm45686_spi.o
 .text.LL_DMA_ClearFlag_DME5
                0x08000dac       0x1c ./Core/Src/icm45686_spi.o
 .text.LL_DMA_ClearFlag_DME6
                0x08000dc8       0x1c ./Core/Src/icm45686_spi.o
 .text.LL_DMA_ClearFlag_DME7
                0x08000de4       0x1c ./Core/Src/icm45686_spi.o
 .text.LL_DMA_ClearFlag_FE0
                0x08000e00       0x1a ./Core/Src/icm45686_spi.o
 .text.LL_DMA_ClearFlag_FE1
                0x08000e1a       0x1a ./Core/Src/icm45686_spi.o
 .text.LL_DMA_ClearFlag_FE2
                0x08000e34       0x1c ./Core/Src/icm45686_spi.o
 .text.LL_DMA_ClearFlag_FE3
                0x08000e50       0x1c ./Core/Src/icm45686_spi.o
 .text.LL_DMA_ClearFlag_FE4
                0x08000e6c       0x1a ./Core/Src/icm45686_spi.o
 .text.LL_DMA_ClearFlag_FE5
                0x08000e86       0x1a ./Core/Src/icm45686_spi.o
 .text.LL_DMA_ClearFlag_FE6
                0x08000ea0       0x1c ./Core/Src/icm45686_spi.o
 .text.LL_DMA_ClearFlag_FE7
                0x08000ebc       0x1c ./Core/Src/icm45686_spi.o
 .text.LL_DMA_EnableIT_TE
                0x08000ed8       0x44 ./Core/Src/icm45686_spi.o
 .text.LL_DMA_EnableIT_TC
                0x08000f1c       0x44 ./Core/Src/icm45686_spi.o
 .text.LL_SPI_Enable
                0x08000f60       0x20 ./Core/Src/icm45686_spi.o
 .text.LL_SPI_Disable
                0x08000f80       0x20 ./Core/Src/icm45686_spi.o
 .text.LL_SPI_IsEnabled
                0x08000fa0       0x26 ./Core/Src/icm45686_spi.o
 *fill*         0x08000fc6        0x2 
 .text.LL_SPI_SetTransferSize
                0x08000fc8       0x2c ./Core/Src/icm45686_spi.o
 .text.LL_SPI_SetInternalSSLevel
                0x08000ff4       0x26 ./Core/Src/icm45686_spi.o
 .text.LL_SPI_StartMasterTransfer
                0x0800101a       0x20 ./Core/Src/icm45686_spi.o
 .text.LL_SPI_IsActiveFlag_RXP
                0x0800103a       0x26 ./Core/Src/icm45686_spi.o
 .text.LL_SPI_IsActiveFlag_TXP
                0x08001060       0x26 ./Core/Src/icm45686_spi.o
 .text.LL_SPI_IsActiveFlag_EOT
                0x08001086       0x26 ./Core/Src/icm45686_spi.o
 .text.LL_SPI_ClearFlag_EOT
                0x080010ac       0x20 ./Core/Src/icm45686_spi.o
 .text.LL_SPI_ClearFlag_TXTF
                0x080010cc       0x20 ./Core/Src/icm45686_spi.o
 .text.LL_SPI_EnableIT_EOT
                0x080010ec       0x20 ./Core/Src/icm45686_spi.o
 .text.LL_SPI_DisableIT_EOT
                0x0800110c       0x20 ./Core/Src/icm45686_spi.o
 .text.LL_SPI_EnableDMAReq_RX
                0x0800112c       0x20 ./Core/Src/icm45686_spi.o
 .text.LL_SPI_DisableDMAReq_RX
                0x0800114c       0x20 ./Core/Src/icm45686_spi.o
 .text.LL_SPI_EnableDMAReq_TX
                0x0800116c       0x20 ./Core/Src/icm45686_spi.o
 .text.LL_SPI_DisableDMAReq_TX
                0x0800118c       0x20 ./Core/Src/icm45686_spi.o
 .text.LL_SPI_DMA_GetTxRegAddr
                0x080011ac       0x18 ./Core/Src/icm45686_spi.o
 .text.LL_SPI_DMA_GetRxRegAddr
                0x080011c4       0x18 ./Core/Src/icm45686_spi.o
 .text.LL_SPI_ReceiveData8
                0x080011dc       0x1c ./Core/Src/icm45686_spi.o
 .text.LL_SPI_TransmitData8
                0x080011f8       0x20 ./Core/Src/icm45686_spi.o
 .text.LL_GPIO_SetOutputPin
                0x08001218       0x1c ./Core/Src/icm45686_spi.o
 .text.LL_GPIO_ResetOutputPin
                0x08001234       0x1e ./Core/Src/icm45686_spi.o
 *fill*         0x08001252        0x2 
 .text.ICM_BusesInit_PrecomputeDescriptors
                0x08001254       0x94 ./Core/Src/icm45686_spi.o
 .text.ICM_DWT_Init
                0x080012e8       0x34 ./Core/Src/icm45686_spi.o
                0x080012e8                ICM_DWT_Init
 .text.ICM_BusesInit
                0x0800131c      0x52c ./Core/Src/icm45686_spi.o
                0x0800131c                ICM_BusesInit
 .text.ICM_WriteReg
                0x08001848       0xae ./Core/Src/icm45686_spi.o
                0x08001848                ICM_WriteReg
 .text.ICM_ReadReg
                0x080018f6       0xd0 ./Core/Src/icm45686_spi.o
                0x080018f6                ICM_ReadReg
 .text.ICM_WaitIRegReady
                0x080019c6        0xe ./Core/Src/icm45686_spi.o
 .text.ICM_ReadIReg
                0x080019d4       0x3e ./Core/Src/icm45686_spi.o
                0x080019d4                ICM_ReadIReg
 .text.ICM_WriteIRegBurst
                0x08001a12       0xfa ./Core/Src/icm45686_spi.o
 .text.ICM_InitAllSensors
                0x08001b0c      0x2a4 ./Core/Src/icm45686_spi.o
                0x08001b0c                ICM_InitAllSensors
 .text.ICM_StartBurstRead
                0x08001db0      0x1c4 ./Core/Src/icm45686_spi.o
                0x08001db0                ICM_StartBurstRead
 .text.ICM_DMA_RxComplete_SPI1
                0x08001f74       0x14 ./Core/Src/icm45686_spi.o
                0x08001f74                ICM_DMA_RxComplete_SPI1
 .text.ICM_DMA_RxComplete_SPI5
                0x08001f88       0x14 ./Core/Src/icm45686_spi.o
                0x08001f88                ICM_DMA_RxComplete_SPI5
 .text.ICM_DMA_RxComplete_SPI4
                0x08001f9c       0x14 ./Core/Src/icm45686_spi.o
                0x08001f9c                ICM_DMA_RxComplete_SPI4
 .text.ICM_DMA_RxComplete_SPI2
                0x08001fb0       0x14 ./Core/Src/icm45686_spi.o
                0x08001fb0                ICM_DMA_RxComplete_SPI2
 .text.ICM_DMA_RxComplete_SPI3
                0x08001fc4       0x14 ./Core/Src/icm45686_spi.o
                0x08001fc4                ICM_DMA_RxComplete_SPI3
 .text.ICM_DMA_RxComplete_SPI6
                0x08001fd8       0x14 ./Core/Src/icm45686_spi.o
                0x08001fd8                ICM_DMA_RxComplete_SPI6
 .text.ICM_DMA_Error_SPI1
                0x08001fec       0x38 ./Core/Src/icm45686_spi.o
                0x08001fec                ICM_DMA_Error_SPI1
 .text.ICM_DMA_Error_SPI5
                0x08002024       0x38 ./Core/Src/icm45686_spi.o
                0x08002024                ICM_DMA_Error_SPI5
 .text.ICM_DMA_Error_SPI4
                0x0800205c       0x38 ./Core/Src/icm45686_spi.o
                0x0800205c                ICM_DMA_Error_SPI4
 .text.ICM_DMA_Error_SPI2
                0x08002094       0x38 ./Core/Src/icm45686_spi.o
                0x08002094                ICM_DMA_Error_SPI2
 .text.ICM_DMA_Error_SPI3
                0x080020cc       0x38 ./Core/Src/icm45686_spi.o
                0x080020cc                ICM_DMA_Error_SPI3
 .text.ICM_DMA_Error_SPI6
                0x08002104       0x38 ./Core/Src/icm45686_spi.o
                0x08002104                ICM_DMA_Error_SPI6
 .text.ICM_SPI_Eot_SPI1
                0x0800213c       0x14 ./Core/Src/icm45686_spi.o
                0x0800213c                ICM_SPI_Eot_SPI1
 .text.ICM_SPI_Eot_SPI5
                0x08002150       0x14 ./Core/Src/icm45686_spi.o
                0x08002150                ICM_SPI_Eot_SPI5
 .text.ICM_SPI_Eot_SPI4
                0x08002164       0x14 ./Core/Src/icm45686_spi.o
                0x08002164                ICM_SPI_Eot_SPI4
 .text.ICM_SPI_Eot_SPI2
                0x08002178       0x14 ./Core/Src/icm45686_spi.o
                0x08002178                ICM_SPI_Eot_SPI2
 .text.ICM_SPI_Eot_SPI3
                0x0800218c       0x14 ./Core/Src/icm45686_spi.o
                0x0800218c                ICM_SPI_Eot_SPI3
 .text.ICM_SPI_Eot_SPI6
                0x080021a0       0x14 ./Core/Src/icm45686_spi.o
                0x080021a0                ICM_SPI_Eot_SPI6
 .text.ICM_StartBusRead
                0x080021b4      0x410 ./Core/Src/icm45686_spi.o
 .text.ICM_AdvanceSensor
                0x080025c4       0xa2 ./Core/Src/icm45686_spi.o
 .text.ICM_OnDmaRxComplete
                0x08002666       0xde ./Core/Src/icm45686_spi.o
 .text.ICM_OnSpiEot
                0x08002744       0x80 ./Core/Src/icm45686_spi.o
 .text.ICM_FinishBus
                0x080027c4       0x1c ./Core/Src/icm45686_spi.o
 .text.ICM_TryCompleteBatch
                0x080027e0       0xf0 ./Core/Src/icm45686_spi.o
 .text.ICM_MarkFault
                0x080028d0       0x60 ./Core/Src/icm45686_spi.o
 .text.ICM_RecoverBus
                0x08002930      0x1c4 ./Core/Src/icm45686_spi.o
 .text.ICM_BusTimedOut
                0x08002af4       0x42 ./Core/Src/icm45686_spi.o
 .text.ICM_ServiceReintegration
                0x08002b36       0x6c ./Core/Src/icm45686_spi.o
 *fill*         0x08002ba2        0x2 
 .text.ICM_WatchdogTick
                0x08002ba4       0x80 ./Core/Src/icm45686_spi.o
                0x08002ba4                ICM_WatchdogTick
 .text.ICM_SetEvent
                0x08002c24       0x4c ./Core/Src/icm45686_spi.o
 .text.ICM_ConsumeEvents
                0x08002c70       0x48 ./Core/Src/icm45686_spi.o
                0x08002c70                ICM_ConsumeEvents
 .text.ICM_DWT_ElapsedUs
                0x08002cb8       0x40 ./Core/Src/icm45686_spi.o
 .text.ICM_FindNextHealthy
                0x08002cf8       0x46 ./Core/Src/icm45686_spi.o
 *fill*         0x08002d3e        0x2 
 .text.ICM_ClearDmaFlags
                0x08002d40      0x1b8 ./Core/Src/icm45686_spi.o
 .text.ICM_SPI_EnsureDisabled
                0x08002ef8       0x42 ./Core/Src/icm45686_spi.o
 *fill*         0x08002f3a        0x2 
 .text.ICM_SPI_WaitEOT
                0x08002f3c       0x40 ./Core/Src/icm45686_spi.o
 .text.ICM_SPI_DrainRx
                0x08002f7c       0x4c ./Core/Src/icm45686_spi.o
 .text.ICM_DelayUs
                0x08002fc8       0x50 ./Core/Src/icm45686_spi.o
 .text.ICM_DelayMs
                0x08003018       0x28 ./Core/Src/icm45686_spi.o
 .text.ICM_CS_Low
                0x08003040       0x20 ./Core/Src/icm45686_spi.o
 .text.ICM_CS_High
                0x08003060       0x20 ./Core/Src/icm45686_spi.o
 .text.__NVIC_SetPriorityGrouping
                0x08003080       0x48 ./Core/Src/main.o
 .text.__NVIC_GetPriorityGrouping
                0x080030c8       0x1c ./Core/Src/main.o
 .text.__NVIC_EnableIRQ
                0x080030e4       0x3c ./Core/Src/main.o
 .text.__NVIC_SetPriority
                0x08003120       0x54 ./Core/Src/main.o
 .text.NVIC_EncodePriority
                0x08003174       0x66 ./Core/Src/main.o
 *fill*         0x080031da        0x2 
 .text.LL_BDMA_SetDataTransferDirection
                0x080031dc       0x50 ./Core/Src/main.o
 .text.LL_BDMA_SetMode
                0x0800322c       0x4c ./Core/Src/main.o
 .text.LL_BDMA_SetPeriphIncMode
                0x08003278       0x4c ./Core/Src/main.o
 .text.LL_BDMA_SetMemoryIncMode
                0x080032c4       0x4c ./Core/Src/main.o
 .text.LL_BDMA_SetPeriphSize
                0x08003310       0x4c ./Core/Src/main.o
 .text.LL_BDMA_SetMemorySize
                0x0800335c       0x4c ./Core/Src/main.o
 .text.LL_BDMA_SetChannelPriorityLevel
                0x080033a8       0x4c ./Core/Src/main.o
 .text.LL_BDMA_SetPeriphRequest
                0x080033f4       0x3c ./Core/Src/main.o
 .text.LL_DMA_SetDataTransferDirection
                0x08003430       0x4c ./Core/Src/main.o
 .text.LL_DMA_SetMode
                0x0800347c       0x4c ./Core/Src/main.o
 .text.LL_DMA_SetPeriphIncMode
                0x080034c8       0x4c ./Core/Src/main.o
 .text.LL_DMA_SetMemoryIncMode
                0x08003514       0x4c ./Core/Src/main.o
 .text.LL_DMA_SetPeriphSize
                0x08003560       0x4c ./Core/Src/main.o
 .text.LL_DMA_SetMemorySize
                0x080035ac       0x4c ./Core/Src/main.o
 .text.LL_DMA_SetStreamPriorityLevel
                0x080035f8       0x4c ./Core/Src/main.o
 .text.LL_DMA_SetPeriphRequest
                0x08003644       0x60 ./Core/Src/main.o
 .text.LL_DMA_DisableFifoMode
                0x080036a4       0x44 ./Core/Src/main.o
 .text.LL_RCC_HSE_Enable
                0x080036e8       0x20 ./Core/Src/main.o
 .text.LL_RCC_HSE_IsReady
                0x08003708       0x28 ./Core/Src/main.o
 .text.LL_RCC_SetSysClkSource
                0x08003730       0x28 ./Core/Src/main.o
 .text.LL_RCC_GetSysClkSource
                0x08003758       0x1c ./Core/Src/main.o
 .text.LL_RCC_SetSysPrescaler
                0x08003774       0x28 ./Core/Src/main.o
 .text.LL_RCC_SetAHBPrescaler
                0x0800379c       0x28 ./Core/Src/main.o
 .text.LL_RCC_SetAPB1Prescaler
                0x080037c4       0x28 ./Core/Src/main.o
 .text.LL_RCC_SetAPB2Prescaler
                0x080037ec       0x28 ./Core/Src/main.o
 .text.LL_RCC_SetAPB3Prescaler
                0x08003814       0x28 ./Core/Src/main.o
 .text.LL_RCC_SetAPB4Prescaler
                0x0800383c       0x28 ./Core/Src/main.o
 .text.LL_RCC_SetClockSource
                0x08003864       0x54 ./Core/Src/main.o
 .text.LL_RCC_SetUSARTClockSource
                0x080038b8       0x16 ./Core/Src/main.o
 .text.LL_RCC_SetSPIClockSource
                0x080038ce       0x16 ./Core/Src/main.o
 .text.LL_RCC_PLL_SetSource
                0x080038e4       0x28 ./Core/Src/main.o
 .text.LL_RCC_PLL1_Enable
                0x0800390c       0x20 ./Core/Src/main.o
 .text.LL_RCC_PLL1_IsReady
                0x0800392c       0x28 ./Core/Src/main.o
 .text.LL_RCC_PLL1P_Enable
                0x08003954       0x20 ./Core/Src/main.o
 .text.LL_RCC_PLL1R_Enable
                0x08003974       0x20 ./Core/Src/main.o
 .text.LL_RCC_PLL1FRACN_Enable
                0x08003994       0x20 ./Core/Src/main.o
 .text.LL_RCC_PLL1_SetVCOOutputRange
                0x080039b4       0x2c ./Core/Src/main.o
 .text.LL_RCC_PLL1_SetVCOInputRange
                0x080039e0       0x2c ./Core/Src/main.o
 .text.LL_RCC_PLL1_SetN
                0x08003a0c       0x30 ./Core/Src/main.o
 .text.LL_RCC_PLL1_SetM
                0x08003a3c       0x2c ./Core/Src/main.o
 .text.LL_RCC_PLL1_SetP
                0x08003a68       0x2c ./Core/Src/main.o
 .text.LL_RCC_PLL1_SetQ
                0x08003a94       0x2c ./Core/Src/main.o
 .text.LL_RCC_PLL1_SetR
                0x08003ac0       0x2c ./Core/Src/main.o
 .text.LL_RCC_PLL1_SetFRACN
                0x08003aec       0x30 ./Core/Src/main.o
 .text.LL_RCC_PLL2_Enable
                0x08003b1c       0x20 ./Core/Src/main.o
 .text.LL_RCC_PLL2_IsReady
                0x08003b3c       0x28 ./Core/Src/main.o
 .text.LL_RCC_PLL2P_Enable
                0x08003b64       0x20 ./Core/Src/main.o
 .text.LL_RCC_PLL2Q_Enable
                0x08003b84       0x20 ./Core/Src/main.o
 .text.LL_RCC_PLL2FRACN_Enable
                0x08003ba4       0x20 ./Core/Src/main.o
 .text.LL_RCC_PLL2_SetVCOOutputRange
                0x08003bc4       0x2c ./Core/Src/main.o
 .text.LL_RCC_PLL2_SetVCOInputRange
                0x08003bf0       0x2c ./Core/Src/main.o
 .text.LL_RCC_PLL2_SetN
                0x08003c1c       0x30 ./Core/Src/main.o
 .text.LL_RCC_PLL2_SetM
                0x08003c4c       0x2c ./Core/Src/main.o
 .text.LL_RCC_PLL2_SetP
                0x08003c78       0x2c ./Core/Src/main.o
 .text.LL_RCC_PLL2_SetQ
                0x08003ca4       0x2c ./Core/Src/main.o
 .text.LL_RCC_PLL2_SetR
                0x08003cd0       0x2c ./Core/Src/main.o
 .text.LL_RCC_PLL2_SetFRACN
                0x08003cfc       0x30 ./Core/Src/main.o
 .text.LL_AHB1_GRP1_EnableClock
                0x08003d2c       0x38 ./Core/Src/main.o
 .text.LL_AHB4_GRP1_EnableClock
                0x08003d64       0x38 ./Core/Src/main.o
 .text.LL_APB1_GRP1_EnableClock
                0x08003d9c       0x38 ./Core/Src/main.o
 .text.LL_APB2_GRP1_EnableClock
                0x08003dd4       0x38 ./Core/Src/main.o
 .text.LL_APB4_GRP1_EnableClock
                0x08003e0c       0x38 ./Core/Src/main.o
 .text.LL_SYSCFG_CloseAnalogSwitch
                0x08003e44       0x28 ./Core/Src/main.o
 .text.LL_FLASH_SetLatency
                0x08003e6c       0x28 ./Core/Src/main.o
 .text.LL_FLASH_GetLatency
                0x08003e94       0x1c ./Core/Src/main.o
 .text.LL_MPU_Enable
                0x08003eb0       0x30 ./Core/Src/main.o
 .text.LL_MPU_Disable
                0x08003ee0       0x20 ./Core/Src/main.o
 .text.LL_MPU_EnableRegion
                0x08003f00       0x2c ./Core/Src/main.o
 .text.LL_MPU_ConfigRegion
                0x08003f2c       0x40 ./Core/Src/main.o
 .text.LL_PWR_ConfigSupply
                0x08003f6c       0x28 ./Core/Src/main.o
 .text.LL_PWR_SetRegulVoltageScaling
                0x08003f94       0x28 ./Core/Src/main.o
 .text.LL_PWR_IsActiveFlag_VOS
                0x08003fbc       0x28 ./Core/Src/main.o
 .text.LL_SPI_Disable
                0x08003fe4       0x20 ./Core/Src/main.o
 .text.LL_SPI_SetStandard
                0x08004004       0x26 ./Core/Src/main.o
 .text.LL_SPI_SetFIFOThreshold
                0x0800402a       0x26 ./Core/Src/main.o
 .text.LL_SPI_DisableNSSPulseMgt
                0x08004050       0x20 ./Core/Src/main.o
 .text.LL_TIM_EnableCounter
                0x08004070       0x20 ./Core/Src/main.o
 .text.LL_TIM_DisableARRPreload
                0x08004090       0x20 ./Core/Src/main.o
 .text.LL_TIM_SetTriggerOutput
                0x080040b0       0x26 ./Core/Src/main.o
 .text.LL_TIM_DisableMasterSlaveMode
                0x080040d6       0x20 ./Core/Src/main.o
 .text.LL_TIM_EnableIT_UPDATE
                0x080040f6       0x20 ./Core/Src/main.o
 .text.LL_USART_Enable
                0x08004116       0x20 ./Core/Src/main.o
 .text.LL_USART_DisableFIFO
                0x08004136       0x20 ./Core/Src/main.o
 .text.LL_USART_SetTXFIFOThreshold
                0x08004156       0x4e ./Core/Src/main.o
 .text.LL_USART_SetRXFIFOThreshold
                0x080041a4       0x4e ./Core/Src/main.o
 .text.LL_USART_ConfigAsyncMode
                0x080041f2       0x2c ./Core/Src/main.o
 .text.LL_USART_IsActiveFlag_TEACK
                0x0800421e       0x28 ./Core/Src/main.o
 .text.LL_USART_IsActiveFlag_REACK
                0x08004246       0x28 ./Core/Src/main.o
 .text.LL_GPIO_SetOutputPin
                0x0800426e       0x1c ./Core/Src/main.o
 *fill*         0x0800428a        0x2 
 .text.main     0x0800428c       0xa4 ./Core/Src/main.o
                0x0800428c                main
 .text.SystemClock_Config
                0x08004330       0xe4 ./Core/Src/main.o
                0x08004330                SystemClock_Config
 .text.PeriphCommonClock_Config
                0x08004414       0x58 ./Core/Src/main.o
                0x08004414                PeriphCommonClock_Config
 .text.MX_SPI1_Init
                0x0800446c      0x1a0 ./Core/Src/main.o
 .text.MX_SPI2_Init
                0x0800460c      0x1d4 ./Core/Src/main.o
 .text.MX_SPI3_Init
                0x080047e0      0x1cc ./Core/Src/main.o
 .text.MX_SPI4_Init
                0x080049ac      0x1a0 ./Core/Src/main.o
 .text.MX_SPI5_Init
                0x08004b4c      0x1a0 ./Core/Src/main.o
 .text.MX_SPI6_Init
                0x08004cec      0x1b8 ./Core/Src/main.o
 .text.MX_TIM6_Init
                0x08004ea4       0x74 ./Core/Src/main.o
 .text.MX_TIM7_Init
                0x08004f18       0x54 ./Core/Src/main.o
 .text.MX_USART1_UART_Init
                0x08004f6c      0x19c ./Core/Src/main.o
 .text.MX_BDMA_Init
                0x08005108       0x50 ./Core/Src/main.o
 .text.MX_DMA_Init
                0x08005158      0x194 ./Core/Src/main.o
 .text.MX_GPIO_Init
                0x080052ec      0x1ac ./Core/Src/main.o
 .text.MPU_Config
                0x08005498       0x44 ./Core/Src/main.o
 .text.LL_BDMA_IsActiveFlag_TC0
                0x080054dc       0x26 ./Core/Src/stm32h7xx_it.o
 .text.LL_BDMA_IsActiveFlag_TC1
                0x08005502       0x26 ./Core/Src/stm32h7xx_it.o
 .text.LL_BDMA_IsActiveFlag_TE0
                0x08005528       0x26 ./Core/Src/stm32h7xx_it.o
 .text.LL_BDMA_IsActiveFlag_TE1
                0x0800554e       0x26 ./Core/Src/stm32h7xx_it.o
 .text.LL_BDMA_ClearFlag_TC0
                0x08005574       0x1a ./Core/Src/stm32h7xx_it.o
 .text.LL_BDMA_ClearFlag_TC1
                0x0800558e       0x1a ./Core/Src/stm32h7xx_it.o
 .text.LL_BDMA_ClearFlag_TE0
                0x080055a8       0x1a ./Core/Src/stm32h7xx_it.o
 .text.LL_BDMA_ClearFlag_TE1
                0x080055c2       0x1a ./Core/Src/stm32h7xx_it.o
 .text.LL_DMA_IsActiveFlag_TC0
                0x080055dc       0x26 ./Core/Src/stm32h7xx_it.o
 .text.LL_DMA_IsActiveFlag_TC1
                0x08005602       0x28 ./Core/Src/stm32h7xx_it.o
 .text.LL_DMA_IsActiveFlag_TC2
                0x0800562a       0x28 ./Core/Src/stm32h7xx_it.o
 .text.LL_DMA_IsActiveFlag_TC3
                0x08005652       0x28 ./Core/Src/stm32h7xx_it.o
 .text.LL_DMA_IsActiveFlag_TC4
                0x0800567a       0x26 ./Core/Src/stm32h7xx_it.o
 .text.LL_DMA_IsActiveFlag_TC5
                0x080056a0       0x28 ./Core/Src/stm32h7xx_it.o
 .text.LL_DMA_IsActiveFlag_TC6
                0x080056c8       0x28 ./Core/Src/stm32h7xx_it.o
 .text.LL_DMA_IsActiveFlag_TC7
                0x080056f0       0x28 ./Core/Src/stm32h7xx_it.o
 .text.LL_DMA_IsActiveFlag_TE0
                0x08005718       0x26 ./Core/Src/stm32h7xx_it.o
 .text.LL_DMA_IsActiveFlag_TE1
                0x0800573e       0x28 ./Core/Src/stm32h7xx_it.o
 .text.LL_DMA_IsActiveFlag_TE2
                0x08005766       0x28 ./Core/Src/stm32h7xx_it.o
 .text.LL_DMA_IsActiveFlag_TE3
                0x0800578e       0x28 ./Core/Src/stm32h7xx_it.o
 .text.LL_DMA_IsActiveFlag_TE4
                0x080057b6       0x26 ./Core/Src/stm32h7xx_it.o
 .text.LL_DMA_IsActiveFlag_TE5
                0x080057dc       0x28 ./Core/Src/stm32h7xx_it.o
 .text.LL_DMA_IsActiveFlag_TE6
                0x08005804       0x28 ./Core/Src/stm32h7xx_it.o
 .text.LL_DMA_IsActiveFlag_TE7
                0x0800582c       0x28 ./Core/Src/stm32h7xx_it.o
 .text.LL_DMA_IsActiveFlag_DME1
                0x08005854       0x28 ./Core/Src/stm32h7xx_it.o
 .text.LL_DMA_IsActiveFlag_FE1
                0x0800587c       0x26 ./Core/Src/stm32h7xx_it.o
 .text.LL_DMA_ClearFlag_TC0
                0x080058a2       0x1a ./Core/Src/stm32h7xx_it.o
 .text.LL_DMA_ClearFlag_TC1
                0x080058bc       0x1c ./Core/Src/stm32h7xx_it.o
 .text.LL_DMA_ClearFlag_TC2
                0x080058d8       0x1c ./Core/Src/stm32h7xx_it.o
 .text.LL_DMA_ClearFlag_TC3
                0x080058f4       0x1c ./Core/Src/stm32h7xx_it.o
 .text.LL_DMA_ClearFlag_TC4
                0x08005910       0x1a ./Core/Src/stm32h7xx_it.o
 .text.LL_DMA_ClearFlag_TC5
                0x0800592a       0x1c ./Core/Src/stm32h7xx_it.o
 .text.LL_DMA_ClearFlag_TC6
                0x08005946       0x1c ./Core/Src/stm32h7xx_it.o
 .text.LL_DMA_ClearFlag_TC7
                0x08005962       0x1c ./Core/Src/stm32h7xx_it.o
 .text.LL_DMA_ClearFlag_TE0
                0x0800597e       0x1a ./Core/Src/stm32h7xx_it.o
 .text.LL_DMA_ClearFlag_TE1
                0x08005998       0x1c ./Core/Src/stm32h7xx_it.o
 .text.LL_DMA_ClearFlag_TE2
                0x080059b4       0x1c ./Core/Src/stm32h7xx_it.o
 .text.LL_DMA_ClearFlag_TE3
                0x080059d0       0x1c ./Core/Src/stm32h7xx_it.o
 .text.LL_DMA_ClearFlag_TE4
                0x080059ec       0x1a ./Core/Src/stm32h7xx_it.o
 .text.LL_DMA_ClearFlag_TE5
                0x08005a06       0x1c ./Core/Src/stm32h7xx_it.o
 .text.LL_DMA_ClearFlag_TE6
                0x08005a22       0x1c ./Core/Src/stm32h7xx_it.o
 .text.LL_DMA_ClearFlag_TE7
                0x08005a3e       0x1c ./Core/Src/stm32h7xx_it.o
 .text.LL_DMA_ClearFlag_DME1
                0x08005a5a       0x1c ./Core/Src/stm32h7xx_it.o
 .text.LL_DMA_ClearFlag_FE1
                0x08005a76       0x1a ./Core/Src/stm32h7xx_it.o
 .text.LL_SPI_IsActiveFlag_EOT
                0x08005a90       0x26 ./Core/Src/stm32h7xx_it.o
 .text.LL_SPI_IsActiveFlag_OVR
                0x08005ab6       0x26 ./Core/Src/stm32h7xx_it.o
 .text.LL_SPI_ClearFlag_OVR
                0x08005adc       0x20 ./Core/Src/stm32h7xx_it.o
 .text.LL_SPI_IsEnabledIT_EOT
                0x08005afc       0x26 ./Core/Src/stm32h7xx_it.o
 .text.LL_TIM_ClearFlag_UPDATE
                0x08005b22       0x1c ./Core/Src/stm32h7xx_it.o
 .text.LL_TIM_IsActiveFlag_UPDATE
                0x08005b3e       0x26 ./Core/Src/stm32h7xx_it.o
 .text.NMI_Handler
                0x08005b64        0x8 ./Core/Src/stm32h7xx_it.o
                0x08005b64                NMI_Handler
 .text.HardFault_Handler
                0x08005b6c        0x8 ./Core/Src/stm32h7xx_it.o
                0x08005b6c                HardFault_Handler
 .text.MemManage_Handler
                0x08005b74        0x8 ./Core/Src/stm32h7xx_it.o
                0x08005b74                MemManage_Handler
 .text.BusFault_Handler
                0x08005b7c        0x8 ./Core/Src/stm32h7xx_it.o
                0x08005b7c                BusFault_Handler
 .text.UsageFault_Handler
                0x08005b84        0x8 ./Core/Src/stm32h7xx_it.o
                0x08005b84                UsageFault_Handler
 .text.SVC_Handler
                0x08005b8c        0xe ./Core/Src/stm32h7xx_it.o
                0x08005b8c                SVC_Handler
 .text.DebugMon_Handler
                0x08005b9a        0xe ./Core/Src/stm32h7xx_it.o
                0x08005b9a                DebugMon_Handler
 .text.PendSV_Handler
                0x08005ba8        0xe ./Core/Src/stm32h7xx_it.o
                0x08005ba8                PendSV_Handler
 .text.SysTick_Handler
                0x08005bb6        0xe ./Core/Src/stm32h7xx_it.o
                0x08005bb6                SysTick_Handler
 .text.DMA1_Stream1_IRQHandler
                0x08005bc4       0x74 ./Core/Src/stm32h7xx_it.o
                0x08005bc4                DMA1_Stream1_IRQHandler
 .text.DMA1_Stream2_IRQHandler
                0x08005c38       0x38 ./Core/Src/stm32h7xx_it.o
                0x08005c38                DMA1_Stream2_IRQHandler
 .text.DMA1_Stream3_IRQHandler
                0x08005c70       0x30 ./Core/Src/stm32h7xx_it.o
                0x08005c70                DMA1_Stream3_IRQHandler
 .text.DMA2_Stream0_IRQHandler
                0x08005ca0       0x38 ./Core/Src/stm32h7xx_it.o
                0x08005ca0                DMA2_Stream0_IRQHandler
 .text.DMA2_Stream1_IRQHandler
                0x08005cd8       0x30 ./Core/Src/stm32h7xx_it.o
                0x08005cd8                DMA2_Stream1_IRQHandler
 .text.DMA2_Stream2_IRQHandler
                0x08005d08       0x38 ./Core/Src/stm32h7xx_it.o
                0x08005d08                DMA2_Stream2_IRQHandler
 .text.DMA2_Stream3_IRQHandler
                0x08005d40       0x30 ./Core/Src/stm32h7xx_it.o
                0x08005d40                DMA2_Stream3_IRQHandler
 .text.DMA1_Stream0_IRQHandler
                0x08005d70        0xe ./Core/Src/stm32h7xx_it.o
                0x08005d70                DMA1_Stream0_IRQHandler
 *fill*         0x08005d7e        0x2 
 .text.DMA1_Stream4_IRQHandler
                0x08005d80       0x38 ./Core/Src/stm32h7xx_it.o
                0x08005d80                DMA1_Stream4_IRQHandler
 .text.DMA1_Stream5_IRQHandler
                0x08005db8       0x30 ./Core/Src/stm32h7xx_it.o
                0x08005db8                DMA1_Stream5_IRQHandler
 .text.DMA1_Stream6_IRQHandler
                0x08005de8       0x38 ./Core/Src/stm32h7xx_it.o
                0x08005de8                DMA1_Stream6_IRQHandler
 .text.DMA1_Stream7_IRQHandler
                0x08005e20       0x30 ./Core/Src/stm32h7xx_it.o
                0x08005e20                DMA1_Stream7_IRQHandler
 .text.BDMA_Channel0_IRQHandler
                0x08005e50       0x38 ./Core/Src/stm32h7xx_it.o
                0x08005e50                BDMA_Channel0_IRQHandler
 .text.BDMA_Channel1_IRQHandler
                0x08005e88       0x30 ./Core/Src/stm32h7xx_it.o
                0x08005e88                BDMA_Channel1_IRQHandler
 .text.SPI1_IRQHandler
                0x08005eb8       0x3c ./Core/Src/stm32h7xx_it.o
                0x08005eb8                SPI1_IRQHandler
 .text.SPI4_IRQHandler
                0x08005ef4       0x3c ./Core/Src/stm32h7xx_it.o
                0x08005ef4                SPI4_IRQHandler
 .text.SPI5_IRQHandler
                0x08005f30       0x3c ./Core/Src/stm32h7xx_it.o
                0x08005f30                SPI5_IRQHandler
 .text.SPI2_IRQHandler
                0x08005f6c       0x3c ./Core/Src/stm32h7xx_it.o
                0x08005f6c                SPI2_IRQHandler
 .text.SPI3_IRQHandler
                0x08005fa8       0x3c ./Core/Src/stm32h7xx_it.o
                0x08005fa8                SPI3_IRQHandler
 .text.SPI6_IRQHandler
                0x08005fe4       0x3c ./Core/Src/stm32h7xx_it.o
                0x08005fe4                SPI6_IRQHandler
 .text.TIM6_DAC_IRQHandler
                0x08006020       0x24 ./Core/Src/stm32h7xx_it.o
                0x08006020                TIM6_DAC_IRQHandler
 .text.TIM7_IRQHandler
                0x08006044       0x24 ./Core/Src/stm32h7xx_it.o
                0x08006044                TIM7_IRQHandler
 .text.SystemInit
                0x08006068      0x120 ./Core/Src/system_stm32h7xx.o
                0x08006068                SystemInit
 .text.ExitRun0Mode
                0x08006188       0x30 ./Core/Src/system_stm32h7xx.o
                0x08006188                ExitRun0Mode
 .text.LL_DMA_EnableStream
                0x080061b8       0x44 ./Core/Src/uart_telemetry.o
 .text.LL_DMA_DisableStream
                0x080061fc       0x44 ./Core/Src/uart_telemetry.o
 .text.LL_DMA_IsEnabledStream
                0x08006240       0x3c ./Core/Src/uart_telemetry.o
 .text.LL_DMA_SetDataLength
                0x0800627c       0x50 ./Core/Src/uart_telemetry.o
 .text.LL_DMA_SetMemoryAddress
                0x080062cc       0x34 ./Core/Src/uart_telemetry.o
 .text.LL_DMA_SetPeriphAddress
                0x08006300       0x34 ./Core/Src/uart_telemetry.o
 .text.LL_DMA_ClearFlag_TC1
                0x08006334       0x1c ./Core/Src/uart_telemetry.o
 .text.LL_DMA_ClearFlag_TE1
                0x08006350       0x1c ./Core/Src/uart_telemetry.o
 .text.LL_DMA_ClearFlag_DME1
                0x0800636c       0x1c ./Core/Src/uart_telemetry.o
 .text.LL_DMA_ClearFlag_FE1
                0x08006388       0x1a ./Core/Src/uart_telemetry.o
 *fill*         0x080063a2        0x2 
 .text.LL_DMA_EnableIT_TE
                0x080063a4       0x44 ./Core/Src/uart_telemetry.o
 .text.LL_DMA_EnableIT_TC
                0x080063e8       0x44 ./Core/Src/uart_telemetry.o
 .text.LL_DMA_EnableIT_DME
                0x0800642c       0x44 ./Core/Src/uart_telemetry.o
 .text.LL_USART_EnableDMAReq_TX
                0x08006470       0x46 ./Core/Src/uart_telemetry.o
 .text.LL_USART_DMA_GetRegAddr
                0x080064b6       0x2c ./Core/Src/uart_telemetry.o
 *fill*         0x080064e2        0x2 
 .text.CRC16_CCITT
                0x080064e4       0x64 ./Core/Src/uart_telemetry.o
 .text.UART_ToU20
                0x08006548       0x1a ./Core/Src/uart_telemetry.o
 .text.UART_PackIMU19
                0x08006562      0x17a ./Core/Src/uart_telemetry.o
 .text.UART_BuildPacket
                0x080066dc      0x11c ./Core/Src/uart_telemetry.o
 .text.UART_StartDMAFromBuffer
                0x080067f8       0xa8 ./Core/Src/uart_telemetry.o
 .text.UART_StartDMAFromBuffer_Fast
                0x080068a0       0x78 ./Core/Src/uart_telemetry.o
 .text.UART_Telemetry_Init
                0x08006918      0x140 ./Core/Src/uart_telemetry.o
                0x08006918                UART_Telemetry_Init
 .text.UART_BuildAndSendSyncFrame
                0x08006a58      0x1b0 ./Core/Src/uart_telemetry.o
                0x08006a58                UART_BuildAndSendSyncFrame
 .text.UART_DMA_TxComplete
                0x08006c08       0x88 ./Core/Src/uart_telemetry.o
                0x08006c08                UART_DMA_TxComplete
 .text.Reset_Handler
                0x08006c90       0x54 ./Core/Startup/startup_stm32h723zgtx.o
                0x08006c90                Reset_Handler
 .text.Default_Handler
                0x08006ce4        0x2 ./Core/Startup/startup_stm32h723zgtx.o
                0x08006ce4                RTC_Alarm_IRQHandler
                0x08006ce4                EXTI2_IRQHandler
                0x08006ce4                TIM8_CC_IRQHandler
                0x08006ce4                UART8_IRQHandler
                0x08006ce4                FDCAN3_IT0_IRQHandler
                0x08006ce4                TIM1_CC_IRQHandler
                0x08006ce4                BDMA_Channel6_IRQHandler
                0x08006ce4                DMA2_Stream5_IRQHandler
                0x08006ce4                CORDIC_IRQHandler
                0x08006ce4                TAMP_STAMP_IRQHandler
                0x08006ce4                EXTI3_IRQHandler
                0x08006ce4                LPTIM4_IRQHandler
                0x08006ce4                TIM8_TRG_COM_TIM14_IRQHandler
                0x08006ce4                LPTIM2_IRQHandler
                0x08006ce4                DFSDM1_FLT1_IRQHandler
                0x08006ce4                DMAMUX2_OVR_IRQHandler
                0x08006ce4                TIM8_UP_TIM13_IRQHandler
                0x08006ce4                I2C3_ER_IRQHandler
                0x08006ce4                DFSDM1_FLT2_IRQHandler
                0x08006ce4                I2C5_EV_IRQHandler
                0x08006ce4                USART10_IRQHandler
                0x08006ce4                MDMA_IRQHandler
                0x08006ce4                LPTIM3_IRQHandler
                0x08006ce4                HSEM1_IRQHandler
                0x08006ce4                EXTI0_IRQHandler
                0x08006ce4                I2C2_EV_IRQHandler
                0x08006ce4                FPU_IRQHandler
                0x08006ce4                OTG_HS_WKUP_IRQHandler
                0x08006ce4                FDCAN1_IT1_IRQHandler
                0x08006ce4                LTDC_ER_IRQHandler
                0x08006ce4                OCTOSPI1_IRQHandler
                0x08006ce4                OCTOSPI2_IRQHandler
                0x08006ce4                DFSDM1_FLT3_IRQHandler
                0x08006ce4                TIM23_IRQHandler
                0x08006ce4                USART6_IRQHandler
                0x08006ce4                TIM17_IRQHandler
                0x08006ce4                USART3_IRQHandler
                0x08006ce4                BDMA_Channel7_IRQHandler
                0x08006ce4                LPTIM5_IRQHandler
                0x08006ce4                UART5_IRQHandler
                0x08006ce4                ADC3_IRQHandler
                0x08006ce4                TIM4_IRQHandler
                0x08006ce4                BDMA_Channel2_IRQHandler
                0x08006ce4                I2C1_EV_IRQHandler
                0x08006ce4                DMAMUX1_OVR_IRQHandler
                0x08006ce4                TIM16_IRQHandler
                0x08006ce4                UART4_IRQHandler
                0x08006ce4                BDMA_Channel5_IRQHandler
                0x08006ce4                TIM3_IRQHandler
                0x08006ce4                RCC_IRQHandler
                0x08006ce4                UART9_IRQHandler
                0x08006ce4                TIM8_BRK_TIM12_IRQHandler
                0x08006ce4                TIM1_TRG_COM_IRQHandler
                0x08006ce4                Default_Handler
                0x08006ce4                ECC_IRQHandler
                0x08006ce4                FMAC_IRQHandler
                0x08006ce4                CEC_IRQHandler
                0x08006ce4                EXTI15_10_IRQHandler
                0x08006ce4                ADC_IRQHandler
                0x08006ce4                I2C5_ER_IRQHandler
                0x08006ce4                FDCAN3_IT1_IRQHandler
                0x08006ce4                SDMMC1_IRQHandler
                0x08006ce4                TIM5_IRQHandler
                0x08006ce4                DMA2_Stream7_IRQHandler
                0x08006ce4                TIM15_IRQHandler
                0x08006ce4                PVD_AVD_IRQHandler
                0x08006ce4                I2C3_EV_IRQHandler
                0x08006ce4                EXTI9_5_IRQHandler
                0x08006ce4                RTC_WKUP_IRQHandler
                0x08006ce4                LTDC_IRQHandler
                0x08006ce4                ETH_WKUP_IRQHandler
                0x08006ce4                SPDIF_RX_IRQHandler
                0x08006ce4                OTG_HS_EP1_IN_IRQHandler
                0x08006ce4                TIM24_IRQHandler
                0x08006ce4                CRS_IRQHandler
                0x08006ce4                EXTI4_IRQHandler
                0x08006ce4                RNG_IRQHandler
                0x08006ce4                FDCAN2_IT1_IRQHandler
                0x08006ce4                ETH_IRQHandler
                0x08006ce4                TIM1_UP_IRQHandler
                0x08006ce4                BDMA_Channel4_IRQHandler
                0x08006ce4                OTG_HS_EP1_OUT_IRQHandler
                0x08006ce4                WWDG_IRQHandler
                0x08006ce4                MDIOS_IRQHandler
                0x08006ce4                I2C4_EV_IRQHandler
                0x08006ce4                FDCAN2_IT0_IRQHandler
                0x08006ce4                LPUART1_IRQHandler
                0x08006ce4                FDCAN1_IT0_IRQHandler
                0x08006ce4                TIM2_IRQHandler
                0x08006ce4                OTG_HS_IRQHandler
                0x08006ce4                DMA2D_IRQHandler
                0x08006ce4                TIM1_BRK_IRQHandler
                0x08006ce4                EXTI1_IRQHandler
                0x08006ce4                SDMMC2_IRQHandler
                0x08006ce4                BDMA_Channel3_IRQHandler
                0x08006ce4                DTS_IRQHandler
                0x08006ce4                UART7_IRQHandler
                0x08006ce4                MDIOS_WKUP_IRQHandler
                0x08006ce4                USART2_IRQHandler
                0x08006ce4                DFSDM1_FLT0_IRQHandler
                0x08006ce4                SAI4_IRQHandler
                0x08006ce4                I2C2_ER_IRQHandler
                0x08006ce4                FLASH_IRQHandler
                0x08006ce4                DMA2_Stream4_IRQHandler
                0x08006ce4                USART1_IRQHandler
                0x08006ce4                WAKEUP_PIN_IRQHandler
                0x08006ce4                I2C1_ER_IRQHandler
                0x08006ce4                FMC_IRQHandler
                0x08006ce4                FDCAN_CAL_IRQHandler
                0x08006ce4                SWPMI1_IRQHandler
                0x08006ce4                COMP1_IRQHandler
                0x08006ce4                LPTIM1_IRQHandler
                0x08006ce4                DCMI_PSSI_IRQHandler
                0x08006ce4                I2C4_ER_IRQHandler
                0x08006ce4                DMA2_Stream6_IRQHandler
                0x08006ce4                SAI1_IRQHandler
 .text.LL_GPIO_SetPinMode
                0x08006ce6       0x40 ./Drivers/STM32H7xx_HAL_Driver/Src/stm32h7xx_ll_gpio.o
 .text.LL_GPIO_SetPinOutputType
                0x08006d26       0x30 ./Drivers/STM32H7xx_HAL_Driver/Src/stm32h7xx_ll_gpio.o
 .text.LL_GPIO_SetPinSpeed
                0x08006d56       0x40 ./Drivers/STM32H7xx_HAL_Driver/Src/stm32h7xx_ll_gpio.o
 .text.LL_GPIO_SetPinPull
                0x08006d96       0x40 ./Drivers/STM32H7xx_HAL_Driver/Src/stm32h7xx_ll_gpio.o
 .text.LL_GPIO_SetAFPin_0_7
                0x08006dd6       0x58 ./Drivers/STM32H7xx_HAL_Driver/Src/stm32h7xx_ll_gpio.o
 .text.LL_GPIO_SetAFPin_8_15
                0x08006e2e       0x6c ./Drivers/STM32H7xx_HAL_Driver/Src/stm32h7xx_ll_gpio.o
 .text.LL_GPIO_Init
                0x08006e9a       0xdc ./Drivers/STM32H7xx_HAL_Driver/Src/stm32h7xx_ll_gpio.o
                0x08006e9a                LL_GPIO_Init
 *fill*         0x08006f76        0x2 
 .text.LL_RCC_HSE_IsReady
                0x08006f78       0x28 ./Drivers/STM32H7xx_HAL_Driver/Src/stm32h7xx_ll_rcc.o
 .text.LL_RCC_HSI_IsReady
                0x08006fa0       0x24 ./Drivers/STM32H7xx_HAL_Driver/Src/stm32h7xx_ll_rcc.o
 .text.LL_RCC_HSI_GetDivider
                0x08006fc4       0x1c ./Drivers/STM32H7xx_HAL_Driver/Src/stm32h7xx_ll_rcc.o
 .text.LL_RCC_CSI_IsReady
                0x08006fe0       0x28 ./Drivers/STM32H7xx_HAL_Driver/Src/stm32h7xx_ll_rcc.o
 .text.LL_RCC_LSE_IsReady
                0x08007008       0x24 ./Drivers/STM32H7xx_HAL_Driver/Src/stm32h7xx_ll_rcc.o
 .text.LL_RCC_GetSysClkSource
                0x0800702c       0x1c ./Drivers/STM32H7xx_HAL_Driver/Src/stm32h7xx_ll_rcc.o
 .text.LL_RCC_GetSysPrescaler
                0x08007048       0x1c ./Drivers/STM32H7xx_HAL_Driver/Src/stm32h7xx_ll_rcc.o
 .text.LL_RCC_GetAHBPrescaler
                0x08007064       0x1c ./Drivers/STM32H7xx_HAL_Driver/Src/stm32h7xx_ll_rcc.o
 .text.LL_RCC_GetAPB1Prescaler
                0x08007080       0x1c ./Drivers/STM32H7xx_HAL_Driver/Src/stm32h7xx_ll_rcc.o
 .text.LL_RCC_GetAPB2Prescaler
                0x0800709c       0x1c ./Drivers/STM32H7xx_HAL_Driver/Src/stm32h7xx_ll_rcc.o
 .text.LL_RCC_GetClockSource
                0x080070b8       0x4c ./Drivers/STM32H7xx_HAL_Driver/Src/stm32h7xx_ll_rcc.o
 .text.LL_RCC_GetUSARTClockSource
                0x08007104       0x18 ./Drivers/STM32H7xx_HAL_Driver/Src/stm32h7xx_ll_rcc.o
 .text.LL_RCC_PLL_GetSource
                0x0800711c       0x1c ./Drivers/STM32H7xx_HAL_Driver/Src/stm32h7xx_ll_rcc.o
 .text.LL_RCC_PLL1P_IsEnabled
                0x08007138       0x28 ./Drivers/STM32H7xx_HAL_Driver/Src/stm32h7xx_ll_rcc.o
 .text.LL_RCC_PLL1Q_IsEnabled
                0x08007160       0x28 ./Drivers/STM32H7xx_HAL_Driver/Src/stm32h7xx_ll_rcc.o
 .text.LL_RCC_PLL1R_IsEnabled
                0x08007188       0x28 ./Drivers/STM32H7xx_HAL_Driver/Src/stm32h7xx_ll_rcc.o
 .text.LL_RCC_PLL1FRACN_IsEnabled
                0x080071b0       0x24 ./Drivers/STM32H7xx_HAL_Driver/Src/stm32h7xx_ll_rcc.o
 .text.LL_RCC_PLL1_GetN
                0x080071d4       0x1c ./Drivers/STM32H7xx_HAL_Driver/Src/stm32h7xx_ll_rcc.o
 .text.LL_RCC_PLL1_GetM
                0x080071f0       0x1c ./Drivers/STM32H7xx_HAL_Driver/Src/stm32h7xx_ll_rcc.o
 .text.LL_RCC_PLL1_GetP
                0x0800720c       0x20 ./Drivers/STM32H7xx_HAL_Driver/Src/stm32h7xx_ll_rcc.o
 .text.LL_RCC_PLL1_GetQ
                0x0800722c       0x20 ./Drivers/STM32H7xx_HAL_Driver/Src/stm32h7xx_ll_rcc.o
 .text.LL_RCC_PLL1_GetR
                0x0800724c       0x20 ./Drivers/STM32H7xx_HAL_Driver/Src/stm32h7xx_ll_rcc.o
 .text.LL_RCC_PLL1_GetFRACN
                0x0800726c       0x1c ./Drivers/STM32H7xx_HAL_Driver/Src/stm32h7xx_ll_rcc.o
 .text.LL_RCC_PLL2_IsReady
                0x08007288       0x28 ./Drivers/STM32H7xx_HAL_Driver/Src/stm32h7xx_ll_rcc.o
 .text.LL_RCC_PLL2P_IsEnabled
                0x080072b0       0x28 ./Drivers/STM32H7xx_HAL_Driver/Src/stm32h7xx_ll_rcc.o
 .text.LL_RCC_PLL2Q_IsEnabled
                0x080072d8       0x28 ./Drivers/STM32H7xx_HAL_Driver/Src/stm32h7xx_ll_rcc.o
 .text.LL_RCC_PLL2R_IsEnabled
                0x08007300       0x28 ./Drivers/STM32H7xx_HAL_Driver/Src/stm32h7xx_ll_rcc.o
 .text.LL_RCC_PLL2FRACN_IsEnabled
                0x08007328       0x24 ./Drivers/STM32H7xx_HAL_Driver/Src/stm32h7xx_ll_rcc.o
 .text.LL_RCC_PLL2_GetN
                0x0800734c       0x1c ./Drivers/STM32H7xx_HAL_Driver/Src/stm32h7xx_ll_rcc.o
 .text.LL_RCC_PLL2_GetM
                0x08007368       0x1c ./Drivers/STM32H7xx_HAL_Driver/Src/stm32h7xx_ll_rcc.o
 .text.LL_RCC_PLL2_GetP
                0x08007384       0x20 ./Drivers/STM32H7xx_HAL_Driver/Src/stm32h7xx_ll_rcc.o
 .text.LL_RCC_PLL2_GetQ
                0x080073a4       0x20 ./Drivers/STM32H7xx_HAL_Driver/Src/stm32h7xx_ll_rcc.o
 .text.LL_RCC_PLL2_GetR
                0x080073c4       0x20 ./Drivers/STM32H7xx_HAL_Driver/Src/stm32h7xx_ll_rcc.o
 .text.LL_RCC_PLL2_GetFRACN
                0x080073e4       0x1c ./Drivers/STM32H7xx_HAL_Driver/Src/stm32h7xx_ll_rcc.o
 .text.LL_RCC_PLL3_IsReady
                0x08007400       0x28 ./Drivers/STM32H7xx_HAL_Driver/Src/stm32h7xx_ll_rcc.o
 .text.LL_RCC_PLL3P_IsEnabled
                0x08007428       0x28 ./Drivers/STM32H7xx_HAL_Driver/Src/stm32h7xx_ll_rcc.o
 .text.LL_RCC_PLL3Q_IsEnabled
                0x08007450       0x28 ./Drivers/STM32H7xx_HAL_Driver/Src/stm32h7xx_ll_rcc.o
 .text.LL_RCC_PLL3R_IsEnabled
                0x08007478       0x28 ./Drivers/STM32H7xx_HAL_Driver/Src/stm32h7xx_ll_rcc.o
 .text.LL_RCC_PLL3FRACN_IsEnabled
                0x080074a0       0x28 ./Drivers/STM32H7xx_HAL_Driver/Src/stm32h7xx_ll_rcc.o
 .text.LL_RCC_PLL3_GetN
                0x080074c8       0x1c ./Drivers/STM32H7xx_HAL_Driver/Src/stm32h7xx_ll_rcc.o
 .text.LL_RCC_PLL3_GetM
                0x080074e4       0x1c ./Drivers/STM32H7xx_HAL_Driver/Src/stm32h7xx_ll_rcc.o
 .text.LL_RCC_PLL3_GetP
                0x08007500       0x20 ./Drivers/STM32H7xx_HAL_Driver/Src/stm32h7xx_ll_rcc.o
 .text.LL_RCC_PLL3_GetQ
                0x08007520       0x20 ./Drivers/STM32H7xx_HAL_Driver/Src/stm32h7xx_ll_rcc.o
 .text.LL_RCC_PLL3_GetR
                0x08007540       0x20 ./Drivers/STM32H7xx_HAL_Driver/Src/stm32h7xx_ll_rcc.o
 .text.LL_RCC_PLL3_GetFRACN
                0x08007560       0x1c ./Drivers/STM32H7xx_HAL_Driver/Src/stm32h7xx_ll_rcc.o
 .text.LL_RCC_GetPLL1ClockFreq
                0x0800757c      0x130 ./Drivers/STM32H7xx_HAL_Driver/Src/stm32h7xx_ll_rcc.o
                0x0800757c                LL_RCC_GetPLL1ClockFreq
 .text.LL_RCC_GetPLL2ClockFreq
                0x080076ac      0x130 ./Drivers/STM32H7xx_HAL_Driver/Src/stm32h7xx_ll_rcc.o
                0x080076ac                LL_RCC_GetPLL2ClockFreq
 .text.LL_RCC_GetPLL3ClockFreq
                0x080077dc      0x134 ./Drivers/STM32H7xx_HAL_Driver/Src/stm32h7xx_ll_rcc.o
                0x080077dc                LL_RCC_GetPLL3ClockFreq
 .text.LL_RCC_CalcPLLClockFreq
                0x08007910       0x80 ./Drivers/STM32H7xx_HAL_Driver/Src/stm32h7xx_ll_rcc.o
                0x08007910                LL_RCC_CalcPLLClockFreq
 .text.LL_RCC_GetUSARTClockFreq
                0x08007990      0x1dc ./Drivers/STM32H7xx_HAL_Driver/Src/stm32h7xx_ll_rcc.o
                0x08007990                LL_RCC_GetUSARTClockFreq
 .text.RCC_GetSystemClockFreq
                0x08007b6c       0xc4 ./Drivers/STM32H7xx_HAL_Driver/Src/stm32h7xx_ll_rcc.o
 .text.RCC_GetHCLKClockFreq
                0x08007c30       0x2c ./Drivers/STM32H7xx_HAL_Driver/Src/stm32h7xx_ll_rcc.o
 .text.RCC_GetPCLK1ClockFreq
                0x08007c5c       0x30 ./Drivers/STM32H7xx_HAL_Driver/Src/stm32h7xx_ll_rcc.o
 .text.RCC_GetPCLK2ClockFreq
                0x08007c8c       0x30 ./Drivers/STM32H7xx_HAL_Driver/Src/stm32h7xx_ll_rcc.o
 .text.LL_SPI_IsEnabled
                0x08007cbc       0x26 ./Drivers/STM32H7xx_HAL_Driver/Src/stm32h7xx_ll_spi.o
 .text.LL_SPI_SetInternalSSLevel
                0x08007ce2       0x26 ./Drivers/STM32H7xx_HAL_Driver/Src/stm32h7xx_ll_spi.o
 .text.LL_SPI_GetNSSPolarity
                0x08007d08       0x1c ./Drivers/STM32H7xx_HAL_Driver/Src/stm32h7xx_ll_spi.o
 .text.LL_SPI_SetCRCPolynomial
                0x08007d24       0x1c ./Drivers/STM32H7xx_HAL_Driver/Src/stm32h7xx_ll_spi.o
 .text.LL_SPI_Init
                0x08007d40       0xfc ./Drivers/STM32H7xx_HAL_Driver/Src/stm32h7xx_ll_spi.o
                0x08007d40                LL_SPI_Init
 .text.LL_TIM_SetPrescaler
                0x08007e3c       0x1c ./Drivers/STM32H7xx_HAL_Driver/Src/stm32h7xx_ll_tim.o
 .text.LL_TIM_SetAutoReload
                0x08007e58       0x1c ./Drivers/STM32H7xx_HAL_Driver/Src/stm32h7xx_ll_tim.o
 .text.LL_TIM_SetRepetitionCounter
                0x08007e74       0x1c ./Drivers/STM32H7xx_HAL_Driver/Src/stm32h7xx_ll_tim.o
 .text.LL_TIM_GenerateEvent_UPDATE
                0x08007e90       0x20 ./Drivers/STM32H7xx_HAL_Driver/Src/stm32h7xx_ll_tim.o
 .text.LL_TIM_Init
                0x08007eb0      0x140 ./Drivers/STM32H7xx_HAL_Driver/Src/stm32h7xx_ll_tim.o
                0x08007eb0                LL_TIM_Init
 .text.LL_USART_IsEnabled
                0x08007ff0       0x26 ./Drivers/STM32H7xx_HAL_Driver/Src/stm32h7xx_ll_usart.o
 .text.LL_USART_SetPrescaler
                0x08008016       0x28 ./Drivers/STM32H7xx_HAL_Driver/Src/stm32h7xx_ll_usart.o
 .text.LL_USART_SetStopBitsLength
                0x0800803e       0x26 ./Drivers/STM32H7xx_HAL_Driver/Src/stm32h7xx_ll_usart.o
 .text.LL_USART_SetHWFlowCtrl
                0x08008064       0x26 ./Drivers/STM32H7xx_HAL_Driver/Src/stm32h7xx_ll_usart.o
 *fill*         0x0800808a        0x2 
 .text.LL_USART_SetBaudRate
                0x0800808c       0xa0 ./Drivers/STM32H7xx_HAL_Driver/Src/stm32h7xx_ll_usart.o
 .text.LL_USART_Init
                0x0800812c      0x184 ./Drivers/STM32H7xx_HAL_Driver/Src/stm32h7xx_ll_usart.o
                0x0800812c                LL_USART_Init
 .text.LL_InitTick
                0x080082b0       0x34 ./Drivers/STM32H7xx_HAL_Driver/Src/stm32h7xx_ll_utils.o
 .text.LL_Init1msTick
                0x080082e4       0x1a ./Drivers/STM32H7xx_HAL_Driver/Src/stm32h7xx_ll_utils.o
                0x080082e4                LL_Init1msTick
 *fill*         0x080082fe        0x2 
 .text.LL_SetSystemCoreClock
                0x08008300       0x20 ./Drivers/STM32H7xx_HAL_Driver/Src/stm32h7xx_ll_utils.o
                0x08008300                LL_SetSystemCoreClock
 .text.memset   0x08008320       0x10 C:/ST/STM32CubeIDE_2.2.0/STM32CubeIDE/plugins/com.st.stm32cube.ide.mcu.externaltools.gnu-tools-for-stm32.14.3.rel1.win32_1.0.100.202602081740/tools/bin/../lib/gcc/arm-none-eabi/14.3.1/../../../../arm-none-eabi/lib/thumb/v7e-m+dp/hard\libc_nano.a(libc_a-memset.o)
                0x08008320                memset
 .text.__libc_init_array
                0x08008330       0x48 C:/ST/STM32CubeIDE_2.2.0/STM32CubeIDE/plugins/com.st.stm32cube.ide.mcu.externaltools.gnu-tools-for-stm32.14.3.rel1.win32_1.0.100.202602081740/tools/bin/../lib/gcc/arm-none-eabi/14.3.1/../../../../arm-none-eabi/lib/thumb/v7e-m+dp/hard\libc_nano.a(libc_a-init.o)
                0x08008330                __libc_init_array
 *(.glue_7)
 .glue_7        0x08008378        0x0 linker stubs
 *(.glue_7t)
 .glue_7t       0x08008378        0x0 linker stubs
 *(.eh_frame)
 .eh_frame      0x08008378        0x0 C:/ST/STM32CubeIDE_2.2.0/STM32CubeIDE/plugins/com.st.stm32cube.ide.mcu.externaltools.gnu-tools-for-stm32.14.3.rel1.win32_1.0.100.202602081740/tools/bin/../lib/gcc/arm-none-eabi/14.3.1/thumb/v7e-m+dp/hard/crtbegin.o
 *(.init)
 .init          0x08008378        0x4 C:/ST/STM32CubeIDE_2.2.0/STM32CubeIDE/plugins/com.st.stm32cube.ide.mcu.externaltools.gnu-tools-for-stm32.14.3.rel1.win32_1.0.100.202602081740/tools/bin/../lib/gcc/arm-none-eabi/14.3.1/thumb/v7e-m+dp/hard/crti.o
                0x08008378                _init
 .init          0x0800837c        0x8 C:/ST/STM32CubeIDE_2.2.0/STM32CubeIDE/plugins/com.st.stm32cube.ide.mcu.externaltools.gnu-tools-for-stm32.14.3.rel1.win32_1.0.100.202602081740/tools/bin/../lib/gcc/arm-none-eabi/14.3.1/thumb/v7e-m+dp/hard/crtn.o
 *(.fini)
 .fini          0x08008384        0x4 C:/ST/STM32CubeIDE_2.2.0/STM32CubeIDE/plugins/com.st.stm32cube.ide.mcu.externaltools.gnu-tools-for-stm32.14.3.rel1.win32_1.0.100.202602081740/tools/bin/../lib/gcc/arm-none-eabi/14.3.1/thumb/v7e-m+dp/hard/crti.o
                0x08008384                _fini
 .fini          0x08008388        0x8 C:/ST/STM32CubeIDE_2.2.0/STM32CubeIDE/plugins/com.st.stm32cube.ide.mcu.externaltools.gnu-tools-for-stm32.14.3.rel1.win32_1.0.100.202602081740/tools/bin/../lib/gcc/arm-none-eabi/14.3.1/thumb/v7e-m+dp/hard/crtn.o
                0x08008390                        . = ALIGN (0x4)
                0x08008390                        _etext = .

.vfp11_veneer   0x08008390        0x0
 .vfp11_veneer  0x08008390        0x0 linker stubs

.v4_bx          0x08008390        0x0
 .v4_bx         0x08008390        0x0 linker stubs

.iplt           0x08008390        0x0
 .iplt          0x08008390        0x0 C:/ST/STM32CubeIDE_2.2.0/STM32CubeIDE/plugins/com.st.stm32cube.ide.mcu.externaltools.gnu-tools-for-stm32.14.3.rel1.win32_1.0.100.202602081740/tools/bin/../lib/gcc/arm-none-eabi/14.3.1/thumb/v7e-m+dp/hard/crtbegin.o

.rodata         0x08008390      0x280
                0x08008390                        . = ALIGN (0x4)
 *(.rodata)
 .rodata        0x08008390       0x18 ./Core/Src/icm45686_spi.o
 *(.rodata*)
 .rodata.LL_BDMA_CH_OFFSET_TAB
                0x080083a8        0x8 ./Core/Src/icm45686_spi.o
 .rodata.LL_DMA_STR_OFFSET_TAB
                0x080083b0        0x8 ./Core/Src/icm45686_spi.o
 .rodata.LL_BDMA_CH_OFFSET_TAB
                0x080083b8        0x8 ./Core/Src/main.o
 .rodata.LL_DMA_STR_OFFSET_TAB
                0x080083c0        0x8 ./Core/Src/main.o
 .rodata.LL_DMA_STR_OFFSET_TAB
                0x080083c8        0x8 ./Core/Src/uart_telemetry.o
 .rodata.g_crc16_ccitt_table
                0x080083d0      0x200 ./Core/Src/uart_telemetry.o
 .rodata.LL_RCC_PrescTable
                0x080085d0       0x10 ./Drivers/STM32H7xx_HAL_Driver/Src/stm32h7xx_ll_rcc.o
                0x080085d0                LL_RCC_PrescTable
 .rodata.USART_PRESCALER_TAB
                0x080085e0       0x30 ./Drivers/STM32H7xx_HAL_Driver/Src/stm32h7xx_ll_usart.o
                0x08008610                        . = ALIGN (0x4)

.ARM.extab
 *(.ARM.extab* .gnu.linkonce.armextab.*)

.ARM            0x08008610        0x0
                0x08008610                        __exidx_start = .
 *(.ARM.exidx*)
                0x08008610                        __exidx_end = .

.preinit_array  0x08008610        0x0
                0x08008610                        PROVIDE (__preinit_array_start = .)
 *(.preinit_array*)
                0x08008610                        PROVIDE (__preinit_array_end = .)

.init_array     0x08008610        0x4
                0x08008610                        PROVIDE (__init_array_start = .)
 *(SORT_BY_NAME(.init_array.*))
 *(.init_array*)
 .init_array    0x08008610        0x4 C:/ST/STM32CubeIDE_2.2.0/STM32CubeIDE/plugins/com.st.stm32cube.ide.mcu.externaltools.gnu-tools-for-stm32.14.3.rel1.win32_1.0.100.202602081740/tools/bin/../lib/gcc/arm-none-eabi/14.3.1/thumb/v7e-m+dp/hard/crtbegin.o
                0x08008614                        PROVIDE (__init_array_end = .)

.fini_array     0x08008614        0x4
                [!provide]                        PROVIDE (__fini_array_start = .)
 *(SORT_BY_NAME(.fini_array.*))
 *(.fini_array*)
 .fini_array    0x08008614        0x4 C:/ST/STM32CubeIDE_2.2.0/STM32CubeIDE/plugins/com.st.stm32cube.ide.mcu.externaltools.gnu-tools-for-stm32.14.3.rel1.win32_1.0.100.202602081740/tools/bin/../lib/gcc/arm-none-eabi/14.3.1/thumb/v7e-m+dp/hard/crtbegin.o
                [!provide]                        PROVIDE (__fini_array_end = .)
                0x08008618                        _sidata = LOADADDR (.data)

.rel.dyn        0x08008618        0x0
 .rel.iplt      0x08008618        0x0 C:/ST/STM32CubeIDE_2.2.0/STM32CubeIDE/plugins/com.st.stm32cube.ide.mcu.externaltools.gnu-tools-for-stm32.14.3.rel1.win32_1.0.100.202602081740/tools/bin/../lib/gcc/arm-none-eabi/14.3.1/thumb/v7e-m+dp/hard/crtbegin.o

.data           0x24000000      0x5a4 load address 0x08008618
                0x24000000                        . = ALIGN (0x4)
                0x24000000                        _sdata = .
 *(.data)
 *(.data*)
 .data.g_bus_spi1
                0x24000000       0xf0 ./Core/Src/icm45686_spi.o
                0x24000000                g_bus_spi1
 .data.g_bus_spi5
                0x240000f0       0xf0 ./Core/Src/icm45686_spi.o
                0x240000f0                g_bus_spi5
 .data.g_bus_spi4
                0x240001e0       0xf0 ./Core/Src/icm45686_spi.o
                0x240001e0                g_bus_spi4
 .data.g_bus_spi3
                0x240002d0       0xf0 ./Core/Src/icm45686_spi.o
                0x240002d0                g_bus_spi3
 .data.g_bus_spi2
                0x240003c0       0xf0 ./Core/Src/icm45686_spi.o
                0x240003c0                g_bus_spi2
 .data.g_bus_spi6
                0x240004b0       0xf0 ./Core/Src/icm45686_spi.o
                0x240004b0                g_bus_spi6
 .data.SystemCoreClock
                0x240005a0        0x4 ./Core/Src/system_stm32h7xx.o
                0x240005a0                SystemCoreClock
 *(.RamFunc)
 *(.RamFunc*)
                0x240005a4                        . = ALIGN (0x4)
                0x240005a4                        _edata = .

.igot.plt       0x240005a4        0x0 load address 0x08008bbc
 .igot.plt      0x240005a4        0x0 C:/ST/STM32CubeIDE_2.2.0/STM32CubeIDE/plugins/com.st.stm32cube.ide.mcu.externaltools.gnu-tools-for-stm32.14.3.rel1.win32_1.0.100.202602081740/tools/bin/../lib/gcc/arm-none-eabi/14.3.1/thumb/v7e-m+dp/hard/crtbegin.o
                0x240005a4                        . = ALIGN (0x4)

.bss            0x240005a8     0x403c load address 0x08008bbc
                0x240005a8                        _sbss = .
                0x240005a8                        __bss_start__ = _sbss
 *(.bss)
 .bss           0x240005a8       0x1c C:/ST/STM32CubeIDE_2.2.0/STM32CubeIDE/plugins/com.st.stm32cube.ide.mcu.externaltools.gnu-tools-for-stm32.14.3.rel1.win32_1.0.100.202602081740/tools/bin/../lib/gcc/arm-none-eabi/14.3.1/thumb/v7e-m+dp/hard/crtbegin.o
 *(.bss*)
 .bss.g_sensor_batches
                0x240005c4     0x3f90 ./Core/Src/icm45686_data.o
                0x240005c4                g_sensor_batches
 .bss.g_icm_parse_cyc_last
                0x24004554        0x4 ./Core/Src/icm45686_data.o
                0x24004554                g_icm_parse_cyc_last
 .bss.g_icm_parse_cyc_max
                0x24004558        0x4 ./Core/Src/icm45686_data.o
                0x24004558                g_icm_parse_cyc_max
 .bss.g_icm_parse_us_last
                0x2400455c        0x4 ./Core/Src/icm45686_data.o
                0x2400455c                g_icm_parse_us_last
 .bss.g_icm_parse_us_max
                0x24004560        0x4 ./Core/Src/icm45686_data.o
                0x24004560                g_icm_parse_us_max
 .bss.g_icm_events
                0x24004564        0x4 ./Core/Src/icm45686_spi.o
                0x24004564                g_icm_events
 .bss.g_icm_profile
                0x24004568       0x20 ./Core/Src/icm45686_spi.o
                0x24004568                g_icm_profile
 .bss.g_fifo_batch_ready
                0x24004588        0x1 ./Core/Src/icm45686_spi.o
                0x24004588                g_fifo_batch_ready
 .bss.g_dma_cycle_active
                0x24004589        0x1 ./Core/Src/icm45686_spi.o
                0x24004589                g_dma_cycle_active
 *fill*         0x2400458a        0x6 
 .bss.g_sensor_fault_mask
                0x24004590        0x8 ./Core/Src/icm45686_spi.o
                0x24004590                g_sensor_fault_mask
 .bss.g_dma_error_mask
                0x24004598        0x4 ./Core/Src/icm45686_spi.o
                0x24004598                g_dma_error_mask
 .bss.g_tim6_skip_count
                0x2400459c        0x4 ./Core/Src/icm45686_spi.o
                0x2400459c                g_tim6_skip_count
 .bss.g_clk_ok_mask
                0x240045a0        0x4 ./Core/Src/icm45686_spi.o
                0x240045a0                g_clk_ok_mask
 .bss.g_clk_fail_mask
                0x240045a4        0x4 ./Core/Src/icm45686_spi.o
                0x240045a4                g_clk_fail_mask
 .bss.s_q_head  0x240045a8        0x1 ./Core/Src/uart_telemetry.o
 .bss.s_q_tail  0x240045a9        0x1 ./Core/Src/uart_telemetry.o
 .bss.s_q_count
                0x240045aa        0x1 ./Core/Src/uart_telemetry.o
 .bss.s_dma_active
                0x240045ab        0x1 ./Core/Src/uart_telemetry.o
 .bss.s_frame_counter
                0x240045ac        0x2 ./Core/Src/uart_telemetry.o
 *fill*         0x240045ae        0x2 
 .bss.g_uart_drop_count
                0x240045b0        0x4 ./Core/Src/uart_telemetry.o
                0x240045b0                g_uart_drop_count
 .bss.g_uart_build_count
                0x240045b4        0x4 ./Core/Src/uart_telemetry.o
                0x240045b4                g_uart_build_count
 .bss.g_uart_enqueue_count
                0x240045b8        0x4 ./Core/Src/uart_telemetry.o
                0x240045b8                g_uart_enqueue_count
 .bss.g_uart_dma_start_count
                0x240045bc        0x4 ./Core/Src/uart_telemetry.o
                0x240045bc                g_uart_dma_start_count
 .bss.g_uart_dma_tc_count
                0x240045c0        0x4 ./Core/Src/uart_telemetry.o
                0x240045c0                g_uart_dma_tc_count
 .bss.g_uart_queue_high_watermark
                0x240045c4        0x1 ./Core/Src/uart_telemetry.o
                0x240045c4                g_uart_queue_high_watermark
 .bss.g_uart_queue_count
                0x240045c5        0x1 ./Core/Src/uart_telemetry.o
                0x240045c5                g_uart_queue_count
 *fill*         0x240045c6        0x2 
 .bss.g_uart_dma_te_count
                0x240045c8        0x4 ./Core/Src/uart_telemetry.o
                0x240045c8                g_uart_dma_te_count
 .bss.g_uart_dma_dme_count
                0x240045cc        0x4 ./Core/Src/uart_telemetry.o
                0x240045cc                g_uart_dma_dme_count
 .bss.g_uart_dma_fe_count
                0x240045d0        0x4 ./Core/Src/uart_telemetry.o
                0x240045d0                g_uart_dma_fe_count
 .bss.g_uart_build_cyc_last
                0x240045d4        0x4 ./Core/Src/uart_telemetry.o
                0x240045d4                g_uart_build_cyc_last
 .bss.g_uart_build_cyc_max
                0x240045d8        0x4 ./Core/Src/uart_telemetry.o
                0x240045d8                g_uart_build_cyc_max
 .bss.g_uart_build_us_last
                0x240045dc        0x4 ./Core/Src/uart_telemetry.o
                0x240045dc                g_uart_build_us_last
 .bss.g_uart_build_us_max
                0x240045e0        0x4 ./Core/Src/uart_telemetry.o
                0x240045e0                g_uart_build_us_max
 *(COMMON)
                0x240045e4                        . = ALIGN (0x4)
                0x240045e4                        _ebss = .
                0x240045e4                        __bss_end__ = _ebss

._user_heap_stack
                0x240045e4      0xa04 load address 0x08008bbc
                0x240045e8                        . = ALIGN (0x8)
 *fill*         0x240045e4        0x4 
                [!provide]                        PROVIDE (end = .)
                0x240045e8                        PROVIDE (_end = .)
                0x240047e8                        . = (. + _Min_Heap_Size)
 *fill*         0x240045e8      0x200 
                0x24004fe8                        . = (. + _Min_Stack_Size)
 *fill*         0x240047e8      0x800 
                0x24004fe8                        . = ALIGN (0x8)

.RAM_D1_DMA     0x24005000     0x5640 load address 0x08008bbc
                0x24005000                        . = ALIGN (0x20)
 *(.RAM_D1_DMA)
 .RAM_D1_DMA    0x24005000     0x5640 ./Core/Src/uart_telemetry.o
 *(.RAM_D1_DMA*)
                0x2400a640                        . = ALIGN (0x20)

.RAM_D2         0x30000000     0x3420
                0x30000000                        . = ALIGN (0x20)
 *(.RAM_D2)
 .RAM_D2        0x30000000     0x3401 ./Core/Src/icm45686_spi.o
                0x30000000                g_fifo_data
 *(.RAM_D2*)
                0x30003420                        . = ALIGN (0x20)
 *fill*         0x30003401       0x1f 

.RAM_D3         0x38000000      0x900
                0x38000000                        . = ALIGN (0x20)
 *(.RAM_D3)
 .RAM_D3        0x38000000      0x8e1 ./Core/Src/icm45686_spi.o
                0x38000000                g_fifo_data_spi6
 *(.RAM_D3*)
                0x38000900                        . = ALIGN (0x20)
 *fill*         0x380008e1       0x1f 

/DISCARD/
 libc.a(*)
 libm.a(*)
 libgcc.a(*)

.ARM.attributes
                0x00000000       0x2e
 *(.ARM.attributes)
 .ARM.attributes
                0x00000000       0x20 C:/ST/STM32CubeIDE_2.2.0/STM32CubeIDE/plugins/com.st.stm32cube.ide.mcu.externaltools.gnu-tools-for-stm32.14.3.rel1.win32_1.0.100.202602081740/tools/bin/../lib/gcc/arm-none-eabi/14.3.1/thumb/v7e-m+dp/hard/crti.o
 .ARM.attributes
                0x00000020       0x32 C:/ST/STM32CubeIDE_2.2.0/STM32CubeIDE/plugins/com.st.stm32cube.ide.mcu.externaltools.gnu-tools-for-stm32.14.3.rel1.win32_1.0.100.202602081740/tools/bin/../lib/gcc/arm-none-eabi/14.3.1/thumb/v7e-m+dp/hard/crtbegin.o
 .ARM.attributes
                0x00000052       0x32 ./Core/Src/icm45686_data.o
 .ARM.attributes
                0x00000084       0x32 ./Core/Src/icm45686_spi.o
 .ARM.attributes
                0x000000b6       0x32 ./Core/Src/main.o
 .ARM.attributes
                0x000000e8       0x32 ./Core/Src/stm32h7xx_it.o
 .ARM.attributes
                0x0000011a       0x32 ./Core/Src/system_stm32h7xx.o
 .ARM.attributes
                0x0000014c       0x32 ./Core/Src/uart_telemetry.o
 .ARM.attributes
                0x0000017e       0x21 ./Core/Startup/startup_stm32h723zgtx.o
 .ARM.attributes
                0x0000019f       0x32 ./Drivers/STM32H7xx_HAL_Driver/Src/stm32h7xx_ll_gpio.o
 .ARM.attributes
                0x000001d1       0x32 ./Drivers/STM32H7xx_HAL_Driver/Src/stm32h7xx_ll_rcc.o
 .ARM.attributes
                0x00000203       0x32 ./Drivers/STM32H7xx_HAL_Driver/Src/stm32h7xx_ll_spi.o
 .ARM.attributes
                0x00000235       0x32 ./Drivers/STM32H7xx_HAL_Driver/Src/stm32h7xx_ll_tim.o
 .ARM.attributes
                0x00000267       0x32 ./Drivers/STM32H7xx_HAL_Driver/Src/stm32h7xx_ll_usart.o
 .ARM.attributes
                0x00000299       0x32 ./Drivers/STM32H7xx_HAL_Driver/Src/stm32h7xx_ll_utils.o
 .ARM.attributes
                0x000002cb       0x32 C:/ST/STM32CubeIDE_2.2.0/STM32CubeIDE/plugins/com.st.stm32cube.ide.mcu.externaltools.gnu-tools-for-stm32.14.3.rel1.win32_1.0.100.202602081740/tools/bin/../lib/gcc/arm-none-eabi/14.3.1/../../../../arm-none-eabi/lib/thumb/v7e-m+dp/hard\libc_nano.a(libc_a-memset.o)
 .ARM.attributes
                0x000002fd       0x32 C:/ST/STM32CubeIDE_2.2.0/STM32CubeIDE/plugins/com.st.stm32cube.ide.mcu.externaltools.gnu-tools-for-stm32.14.3.rel1.win32_1.0.100.202602081740/tools/bin/../lib/gcc/arm-none-eabi/14.3.1/../../../../arm-none-eabi/lib/thumb/v7e-m+dp/hard\libc_nano.a(libc_a-init.o)
 .ARM.attributes
                0x0000032f       0x20 C:/ST/STM32CubeIDE_2.2.0/STM32CubeIDE/plugins/com.st.stm32cube.ide.mcu.externaltools.gnu-tools-for-stm32.14.3.rel1.win32_1.0.100.202602081740/tools/bin/../lib/gcc/arm-none-eabi/14.3.1/thumb/v7e-m+dp/hard/crtn.o
OUTPUT(Final version of MIIB.elf elf32-littlearm)
LOAD linker stubs
LOAD C:/ST/STM32CubeIDE_2.2.0/STM32CubeIDE/plugins/com.st.stm32cube.ide.mcu.externaltools.gnu-tools-for-stm32.14.3.rel1.win32_1.0.100.202602081740/tools/bin/../lib/gcc/arm-none-eabi/14.3.1/../../../../arm-none-eabi/lib/thumb/v7e-m+dp/hard\libc.a
LOAD C:/ST/STM32CubeIDE_2.2.0/STM32CubeIDE/plugins/com.st.stm32cube.ide.mcu.externaltools.gnu-tools-for-stm32.14.3.rel1.win32_1.0.100.202602081740/tools/bin/../lib/gcc/arm-none-eabi/14.3.1/../../../../arm-none-eabi/lib/thumb/v7e-m+dp/hard\libm.a
LOAD C:/ST/STM32CubeIDE_2.2.0/STM32CubeIDE/plugins/com.st.stm32cube.ide.mcu.externaltools.gnu-tools-for-stm32.14.3.rel1.win32_1.0.100.202602081740/tools/bin/../lib/gcc/arm-none-eabi/14.3.1/thumb/v7e-m+dp/hard\libgcc.a

.debug_info     0x00000000     0xde63
 .debug_info    0x00000000      0x691 ./Core/Src/icm45686_data.o
 .debug_info    0x00000691     0x26f5 ./Core/Src/icm45686_spi.o
 .debug_info    0x00002d86     0x3113 ./Core/Src/main.o
 .debug_info    0x00005e99      0xf43 ./Core/Src/stm32h7xx_it.o
 .debug_info    0x00006ddc      0xbf0 ./Core/Src/system_stm32h7xx.o
 .debug_info    0x000079cc      0xf9d ./Core/Src/uart_telemetry.o
 .debug_info    0x00008969       0x30 ./Core/Startup/startup_stm32h723zgtx.o
 .debug_info    0x00008999      0x88d ./Drivers/STM32H7xx_HAL_Driver/Src/stm32h7xx_ll_gpio.o
 .debug_info    0x00009226     0x15f8 ./Drivers/STM32H7xx_HAL_Driver/Src/stm32h7xx_ll_rcc.o
 .debug_info    0x0000a81e      0xa86 ./Drivers/STM32H7xx_HAL_Driver/Src/stm32h7xx_ll_spi.o
 .debug_info    0x0000b2a4     0x1317 ./Drivers/STM32H7xx_HAL_Driver/Src/stm32h7xx_ll_tim.o
 .debug_info    0x0000c5bb      0x96d ./Drivers/STM32H7xx_HAL_Driver/Src/stm32h7xx_ll_usart.o
 .debug_info    0x0000cf28      0xf3b ./Drivers/STM32H7xx_HAL_Driver/Src/stm32h7xx_ll_utils.o

.debug_abbrev   0x00000000     0x1ca6
 .debug_abbrev  0x00000000      0x1d7 ./Core/Src/icm45686_data.o
 .debug_abbrev  0x000001d7      0x3b4 ./Core/Src/icm45686_spi.o
 .debug_abbrev  0x0000058b      0x3aa ./Core/Src/main.o
 .debug_abbrev  0x00000935      0x197 ./Core/Src/stm32h7xx_it.o
 .debug_abbrev  0x00000acc      0x153 ./Core/Src/system_stm32h7xx.o
 .debug_abbrev  0x00000c1f      0x367 ./Core/Src/uart_telemetry.o
 .debug_abbrev  0x00000f86       0x24 ./Core/Startup/startup_stm32h723zgtx.o
 .debug_abbrev  0x00000faa      0x231 ./Drivers/STM32H7xx_HAL_Driver/Src/stm32h7xx_ll_gpio.o
 .debug_abbrev  0x000011db      0x21d ./Drivers/STM32H7xx_HAL_Driver/Src/stm32h7xx_ll_rcc.o
 .debug_abbrev  0x000013f8      0x233 ./Drivers/STM32H7xx_HAL_Driver/Src/stm32h7xx_ll_spi.o
 .debug_abbrev  0x0000162b      0x22f ./Drivers/STM32H7xx_HAL_Driver/Src/stm32h7xx_ll_tim.o
 .debug_abbrev  0x0000185a      0x1f9 ./Drivers/STM32H7xx_HAL_Driver/Src/stm32h7xx_ll_usart.o
 .debug_abbrev  0x00001a53      0x253 ./Drivers/STM32H7xx_HAL_Driver/Src/stm32h7xx_ll_utils.o

.debug_aranges  0x00000000     0x1368
 .debug_aranges
                0x00000000       0x30 ./Core/Src/icm45686_data.o
 .debug_aranges
                0x00000030      0x470 ./Core/Src/icm45686_spi.o
 .debug_aranges
                0x000004a0      0x390 ./Core/Src/main.o
 .debug_aranges
                0x00000830      0x2a0 ./Core/Src/stm32h7xx_it.o
 .debug_aranges
                0x00000ad0       0x30 ./Core/Src/system_stm32h7xx.o
 .debug_aranges
                0x00000b00       0xd8 ./Core/Src/uart_telemetry.o
 .debug_aranges
                0x00000bd8       0x28 ./Core/Startup/startup_stm32h723zgtx.o
 .debug_aranges
                0x00000c00       0x70 ./Drivers/STM32H7xx_HAL_Driver/Src/stm32h7xx_ll_gpio.o
 .debug_aranges
                0x00000c70      0x320 ./Drivers/STM32H7xx_HAL_Driver/Src/stm32h7xx_ll_rcc.o
 .debug_aranges
                0x00000f90       0xa0 ./Drivers/STM32H7xx_HAL_Driver/Src/stm32h7xx_ll_spi.o
 .debug_aranges
                0x00001030      0x148 ./Drivers/STM32H7xx_HAL_Driver/Src/stm32h7xx_ll_tim.o
 .debug_aranges
                0x00001178       0x88 ./Drivers/STM32H7xx_HAL_Driver/Src/stm32h7xx_ll_usart.o
 .debug_aranges
                0x00001200      0x168 ./Drivers/STM32H7xx_HAL_Driver/Src/stm32h7xx_ll_utils.o

.debug_rnglists
                0x00000000      0xea0
 .debug_rnglists
                0x00000000       0x21 ./Core/Src/icm45686_data.o
 .debug_rnglists
                0x00000021      0x35e ./Core/Src/icm45686_spi.o
 .debug_rnglists
                0x0000037f      0x2b2 ./Core/Src/main.o
 .debug_rnglists
                0x00000631      0x1f3 ./Core/Src/stm32h7xx_it.o
 .debug_rnglists
                0x00000824       0x21 ./Core/Src/system_stm32h7xx.o
 .debug_rnglists
                0x00000845       0xa3 ./Core/Src/uart_telemetry.o
 .debug_rnglists
                0x000008e8       0x19 ./Core/Startup/startup_stm32h723zgtx.o
 .debug_rnglists
                0x00000901       0x51 ./Drivers/STM32H7xx_HAL_Driver/Src/stm32h7xx_ll_gpio.o
 .debug_rnglists
                0x00000952      0x268 ./Drivers/STM32H7xx_HAL_Driver/Src/stm32h7xx_ll_rcc.o
 .debug_rnglists
                0x00000bba       0x76 ./Drivers/STM32H7xx_HAL_Driver/Src/stm32h7xx_ll_spi.o
 .debug_rnglists
                0x00000c30       0xfe ./Drivers/STM32H7xx_HAL_Driver/Src/stm32h7xx_ll_tim.o
 .debug_rnglists
                0x00000d2e       0x64 ./Drivers/STM32H7xx_HAL_Driver/Src/stm32h7xx_ll_usart.o
 .debug_rnglists
                0x00000d92      0x10e ./Drivers/STM32H7xx_HAL_Driver/Src/stm32h7xx_ll_utils.o

.debug_macro    0x00000000    0x2c1d7
 .debug_macro   0x00000000      0x2ad ./Core/Src/icm45686_data.o
 .debug_macro   0x000002ad      0xb26 ./Core/Src/icm45686_data.o
 .debug_macro   0x00000dd3       0x22 ./Core/Src/icm45686_data.o
 .debug_macro   0x00000df5       0x5b ./Core/Src/icm45686_data.o
 .debug_macro   0x00000e50       0x29 ./Core/Src/icm45686_data.o
 .debug_macro   0x00000e79       0x94 ./Core/Src/icm45686_data.o
 .debug_macro   0x00000f0d       0x43 ./Core/Src/icm45686_data.o
 .debug_macro   0x00000f50       0x34 ./Core/Src/icm45686_data.o
 .debug_macro   0x00000f84      0x190 ./Core/Src/icm45686_data.o
 .debug_macro   0x00001114       0x57 ./Core/Src/icm45686_data.o
 .debug_macro   0x0000116b      0x364 ./Core/Src/icm45686_data.o
 .debug_macro   0x000014cf       0x16 ./Core/Src/icm45686_data.o
 .debug_macro   0x000014e5       0x4a ./Core/Src/icm45686_data.o
 .debug_macro   0x0000152f       0x34 ./Core/Src/icm45686_data.o
 .debug_macro   0x00001563       0x10 ./Core/Src/icm45686_data.o
 .debug_macro   0x00001573       0x58 ./Core/Src/icm45686_data.o
 .debug_macro   0x000015cb       0x8e ./Core/Src/icm45686_data.o
 .debug_macro   0x00001659       0x1c ./Core/Src/icm45686_data.o
 .debug_macro   0x00001675      0x17e ./Core/Src/icm45686_data.o
 .debug_macro   0x000017f3       0x10 ./Core/Src/icm45686_data.o
 .debug_macro   0x00001803       0x3c ./Core/Src/icm45686_data.o
 .debug_macro   0x0000183f       0x20 ./Core/Src/icm45686_data.o
 .debug_macro   0x0000185f      0x103 ./Core/Src/icm45686_data.o
 .debug_macro   0x00001962       0x6a ./Core/Src/icm45686_data.o
 .debug_macro   0x000019cc      0x1df ./Core/Src/icm45686_data.o
 .debug_macro   0x00001bab       0x2e ./Core/Src/icm45686_data.o
 .debug_macro   0x00001bd9       0x3b ./Core/Src/icm45686_data.o
 .debug_macro   0x00001c14       0x1c ./Core/Src/icm45686_data.o
 .debug_macro   0x00001c30       0x22 ./Core/Src/icm45686_data.o
 .debug_macro   0x00001c52       0xfb ./Core/Src/icm45686_data.o
 .debug_macro   0x00001d4d     0x1305 ./Core/Src/icm45686_data.o
 .debug_macro   0x00003052      0x11f ./Core/Src/icm45686_data.o
 .debug_macro   0x00003171       0x27 ./Core/Src/icm45686_data.o
 .debug_macro   0x00003198    0x216c1 ./Core/Src/icm45686_data.o
 .debug_macro   0x00024859       0x6d ./Core/Src/icm45686_data.o
 .debug_macro   0x000248c6      0x7f5 ./Core/Src/icm45686_data.o
 .debug_macro   0x000250bb      0x2c6 ./Core/Src/icm45686_data.o
 .debug_macro   0x00025381      0x1b4 ./Core/Src/icm45686_data.o
 .debug_macro   0x00025535      0x19b ./Core/Src/icm45686_data.o
 .debug_macro   0x000256d0      0x9ba ./Core/Src/icm45686_data.o
 .debug_macro   0x0002608a       0xd0 ./Core/Src/icm45686_data.o
 .debug_macro   0x0002615a      0x351 ./Core/Src/icm45686_data.o
 .debug_macro   0x000264ab      0x3bb ./Core/Src/icm45686_data.o
 .debug_macro   0x00026866      0x28e ./Core/Src/icm45686_data.o
 .debug_macro   0x00026af4      0x1e0 ./Core/Src/icm45686_data.o
 .debug_macro   0x00026cd4       0x77 ./Core/Src/icm45686_data.o
 .debug_macro   0x00026d4b      0x1d0 ./Core/Src/icm45686_data.o
 .debug_macro   0x00026f1b      0x631 ./Core/Src/icm45686_data.o
 .debug_macro   0x0002754c      0xaa3 ./Core/Src/icm45686_data.o
 .debug_macro   0x00027fef      0x40f ./Core/Src/icm45686_data.o
 .debug_macro   0x000283fe      0x165 ./Core/Src/icm45686_data.o
 .debug_macro   0x00028563       0x22 ./Core/Src/icm45686_data.o
 .debug_macro   0x00028585      0x2a0 ./Core/Src/icm45686_data.o
 .debug_macro   0x00028825       0x76 ./Core/Src/icm45686_data.o
 .debug_macro   0x0002889b       0x40 ./Core/Src/icm45686_data.o
 .debug_macro   0x000288db      0x29b ./Core/Src/icm45686_spi.o
 .debug_macro   0x00028b76       0x8e ./Core/Src/icm45686_spi.o
 .debug_macro   0x00028c04       0x51 ./Core/Src/icm45686_spi.o
 .debug_macro   0x00028c55       0x61 ./Core/Src/icm45686_spi.o
 .debug_macro   0x00028cb6       0x16 ./Core/Src/icm45686_spi.o
 .debug_macro   0x00028ccc      0x272 ./Core/Src/main.o
 .debug_macro   0x00028f3e       0x58 ./Core/Src/main.o
 .debug_macro   0x00028f96      0x278 ./Core/Src/stm32h7xx_it.o
 .debug_macro   0x0002920e      0x182 ./Core/Src/system_stm32h7xx.o
 .debug_macro   0x00029390      0x2a4 ./Core/Src/uart_telemetry.o
 .debug_macro   0x00029634      0x10e ./Drivers/STM32H7xx_HAL_Driver/Src/stm32h7xx_ll_gpio.o
 .debug_macro   0x00029742      0x15f ./Drivers/STM32H7xx_HAL_Driver/Src/stm32h7xx_ll_gpio.o
 .debug_macro   0x000298a1      0x1b8 ./Drivers/STM32H7xx_HAL_Driver/Src/stm32h7xx_ll_rcc.o
 .debug_macro   0x00029a59      0x9c0 ./Drivers/STM32H7xx_HAL_Driver/Src/stm32h7xx_ll_rcc.o
 .debug_macro   0x0002a419      0x27b ./Drivers/STM32H7xx_HAL_Driver/Src/stm32h7xx_ll_spi.o
 .debug_macro   0x0002a694      0x62b ./Drivers/STM32H7xx_HAL_Driver/Src/stm32h7xx_ll_spi.o
 .debug_macro   0x0002acbf      0x183 ./Drivers/STM32H7xx_HAL_Driver/Src/stm32h7xx_ll_tim.o
 .debug_macro   0x0002ae42      0xa9d ./Drivers/STM32H7xx_HAL_Driver/Src/stm32h7xx_ll_tim.o
 .debug_macro   0x0002b8df      0x1fd ./Drivers/STM32H7xx_HAL_Driver/Src/stm32h7xx_ll_usart.o
 .debug_macro   0x0002badc      0x409 ./Drivers/STM32H7xx_HAL_Driver/Src/stm32h7xx_ll_usart.o
 .debug_macro   0x0002bee5      0x2f2 ./Drivers/STM32H7xx_HAL_Driver/Src/stm32h7xx_ll_utils.o

.debug_line     0x00000000     0xc460
 .debug_line    0x00000000      0xa3e ./Core/Src/icm45686_data.o
 .debug_line    0x00000a3e     0x228c ./Core/Src/icm45686_spi.o
 .debug_line    0x00002cca     0x1a59 ./Core/Src/main.o
 .debug_line    0x00004723     0x13f8 ./Core/Src/stm32h7xx_it.o
 .debug_line    0x00005b1b      0x83a ./Core/Src/system_stm32h7xx.o
 .debug_line    0x00006355      0xe84 ./Core/Src/uart_telemetry.o
 .debug_line    0x000071d9       0x7b ./Core/Startup/startup_stm32h723zgtx.o
 .debug_line    0x00007254      0x724 ./Drivers/STM32H7xx_HAL_Driver/Src/stm32h7xx_ll_gpio.o
 .debug_line    0x00007978     0x1dbd ./Drivers/STM32H7xx_HAL_Driver/Src/stm32h7xx_ll_rcc.o
 .debug_line    0x00009735      0x97d ./Drivers/STM32H7xx_HAL_Driver/Src/stm32h7xx_ll_spi.o
 .debug_line    0x0000a0b2      0xcd0 ./Drivers/STM32H7xx_HAL_Driver/Src/stm32h7xx_ll_tim.o
 .debug_line    0x0000ad82      0x91f ./Drivers/STM32H7xx_HAL_Driver/Src/stm32h7xx_ll_usart.o
 .debug_line    0x0000b6a1      0xdbf ./Drivers/STM32H7xx_HAL_Driver/Src/stm32h7xx_ll_utils.o

.debug_str      0x00000000    0xfbfe3
 .debug_str     0x00000000    0xfbfe3 ./Core/Src/icm45686_data.o
                              0xf1597 (size before relaxing)
 .debug_str     0x000fbfe3    0xf24e6 ./Core/Src/icm45686_spi.o
 .debug_str     0x000fbfe3    0xf30cc ./Core/Src/main.o
 .debug_str     0x000fbfe3    0xf1daa ./Core/Src/stm32h7xx_it.o
 .debug_str     0x000fbfe3    0xd3d6d ./Core/Src/system_stm32h7xx.o
 .debug_str     0x000fbfe3    0xf1b2f ./Core/Src/uart_telemetry.o
 .debug_str     0x000fbfe3       0xa1 ./Core/Startup/startup_stm32h723zgtx.o
 .debug_str     0x000fbfe3    0xd22e6 ./Drivers/STM32H7xx_HAL_Driver/Src/stm32h7xx_ll_gpio.o
 .debug_str     0x000fbfe3    0xdd308 ./Drivers/STM32H7xx_HAL_Driver/Src/stm32h7xx_ll_rcc.o
 .debug_str     0x000fbfe3    0xe1c08 ./Drivers/STM32H7xx_HAL_Driver/Src/stm32h7xx_ll_spi.o
 .debug_str     0x000fbfe3    0xd84e1 ./Drivers/STM32H7xx_HAL_Driver/Src/stm32h7xx_ll_tim.o
 .debug_str     0x000fbfe3    0xde8af ./Drivers/STM32H7xx_HAL_Driver/Src/stm32h7xx_ll_usart.o
 .debug_str     0x000fbfe3    0xe052e ./Drivers/STM32H7xx_HAL_Driver/Src/stm32h7xx_ll_utils.o

.comment        0x00000000       0x43
 .comment       0x00000000       0x43 ./Core/Src/icm45686_data.o
                                 0x44 (size before relaxing)
 .comment       0x00000043       0x44 ./Core/Src/icm45686_spi.o
 .comment       0x00000043       0x44 ./Core/Src/main.o
 .comment       0x00000043       0x44 ./Core/Src/stm32h7xx_it.o
 .comment       0x00000043       0x44 ./Core/Src/system_stm32h7xx.o
 .comment       0x00000043       0x44 ./Core/Src/uart_telemetry.o
 .comment       0x00000043       0x44 ./Drivers/STM32H7xx_HAL_Driver/Src/stm32h7xx_ll_gpio.o
 .comment       0x00000043       0x44 ./Drivers/STM32H7xx_HAL_Driver/Src/stm32h7xx_ll_rcc.o
 .comment       0x00000043       0x44 ./Drivers/STM32H7xx_HAL_Driver/Src/stm32h7xx_ll_spi.o
 .comment       0x00000043       0x44 ./Drivers/STM32H7xx_HAL_Driver/Src/stm32h7xx_ll_tim.o
 .comment       0x00000043       0x44 ./Drivers/STM32H7xx_HAL_Driver/Src/stm32h7xx_ll_usart.o
 .comment       0x00000043       0x44 ./Drivers/STM32H7xx_HAL_Driver/Src/stm32h7xx_ll_utils.o

.debug_frame    0x00000000     0x4e6c
 .debug_frame   0x00000000       0x84 ./Core/Src/icm45686_data.o
 .debug_frame   0x00000084     0x1314 ./Core/Src/icm45686_spi.o
 .debug_frame   0x00001398      0xeec ./Core/Src/main.o
 .debug_frame   0x00002284      0xa68 ./Core/Src/stm32h7xx_it.o
 .debug_frame   0x00002cec       0x6c ./Core/Src/system_stm32h7xx.o
 .debug_frame   0x00002d58      0x370 ./Core/Src/uart_telemetry.o
 .debug_frame   0x000030c8      0x19c ./Drivers/STM32H7xx_HAL_Driver/Src/stm32h7xx_ll_gpio.o
 .debug_frame   0x00003264      0xc5c ./Drivers/STM32H7xx_HAL_Driver/Src/stm32h7xx_ll_rcc.o
 .debug_frame   0x00003ec0      0x274 ./Drivers/STM32H7xx_HAL_Driver/Src/stm32h7xx_ll_spi.o
 .debug_frame   0x00004134      0x568 ./Drivers/STM32H7xx_HAL_Driver/Src/stm32h7xx_ll_tim.o
 .debug_frame   0x0000469c      0x20c ./Drivers/STM32H7xx_HAL_Driver/Src/stm32h7xx_ll_usart.o
 .debug_frame   0x000048a8      0x578 ./Drivers/STM32H7xx_HAL_Driver/Src/stm32h7xx_ll_utils.o
 .debug_frame   0x00004e20       0x20 C:/ST/STM32CubeIDE_2.2.0/STM32CubeIDE/plugins/com.st.stm32cube.ide.mcu.externaltools.gnu-tools-for-stm32.14.3.rel1.win32_1.0.100.202602081740/tools/bin/../lib/gcc/arm-none-eabi/14.3.1/../../../../arm-none-eabi/lib/thumb/v7e-m+dp/hard\libc_nano.a(libc_a-memset.o)
 .debug_frame   0x00004e40       0x2c C:/ST/STM32CubeIDE_2.2.0/STM32CubeIDE/plugins/com.st.stm32cube.ide.mcu.externaltools.gnu-tools-for-stm32.14.3.rel1.win32_1.0.100.202602081740/tools/bin/../lib/gcc/arm-none-eabi/14.3.1/../../../../arm-none-eabi/lib/thumb/v7e-m+dp/hard\libc_nano.a(libc_a-init.o)

.debug_line_str
                0x00000000       0x85
 .debug_line_str
                0x00000000       0x85 ./Core/Startup/startup_stm32h723zgtx.o