../Drivers/STM32H7xx_HAL_Driver/Inc/stm32h7xx_ll_dma.h:489:22:LL_DMA_EnableStream	24	static
../Drivers/STM32H7xx_HAL_Driver/Inc/stm32h7xx_ll_dma.h:511:22:LL_DMA_DisableStream	24	static
../Drivers/STM32H7xx_HAL_Driver/Inc/stm32h7xx_ll_dma.h:533:26:LL_DMA_IsEnabledStream	24	static
../Drivers/STM32H7xx_HAL_Driver/Inc/stm32h7xx_ll_dma.h:1051:22:LL_DMA_SetDataLength	32	static
../Drivers/STM32H7xx_HAL_Driver/Inc/stm32h7xx_ll_dma.h:1840:22:LL_DMA_SetMemoryAddress	32	static
../Drivers/STM32H7xx_HAL_Driver/Inc/stm32h7xx_ll_dma.h:1865:22:LL_DMA_SetPeriphAddress	32	static
../Drivers/STM32H7xx_HAL_Driver/Inc/stm32h7xx_ll_dma.h:2601:22:LL_DMA_ClearFlag_TC0	16	static
../Drivers/STM32H7xx_HAL_Driver/Inc/stm32h7xx_ll_dma.h:2612:22:LL_DMA_ClearFlag_TC1	16	static
../Drivers/STM32H7xx_HAL_Driver/Inc/stm32h7xx_ll_dma.h:2623:22:LL_DMA_ClearFlag_TC2	16	static
../Drivers/STM32H7xx_HAL_Driver/Inc/stm32h7xx_ll_dma.h:2634:22:LL_DMA_ClearFlag_TC3	16	static
../Drivers/STM32H7xx_HAL_Driver/Inc/stm32h7xx_ll_dma.h:2689:22:LL_DMA_ClearFlag_TE0	16	static
../Drivers/STM32H7xx_HAL_Driver/Inc/stm32h7xx_ll_dma.h:2700:22:LL_DMA_ClearFlag_TE1	16	static
../Drivers/STM32H7xx_HAL_Driver/Inc/stm32h7xx_ll_dma.h:2711:22:LL_DMA_ClearFlag_TE2	16	static
../Drivers/STM32H7xx_HAL_Driver/Inc/stm32h7xx_ll_dma.h:2722:22:LL_DMA_ClearFlag_TE3	16	static
../Drivers/STM32H7xx_HAL_Driver/Inc/stm32h7xx_ll_dma.h:3014:22:LL_DMA_EnableIT_TC	24	static
../Drivers/STM32H7xx_HAL_Driver/Inc/stm32h7xx_ll_spi.h:555:22:LL_SPI_Enable	16	static
../Drivers/STM32H7xx_HAL_Driver/Inc/stm32h7xx_ll_spi.h:567:22:LL_SPI_Disable	16	static
../Drivers/STM32H7xx_HAL_Driver/Inc/stm32h7xx_ll_spi.h:799:22:LL_SPI_SetTransferSize	16	static
../Drivers/STM32H7xx_HAL_Driver/Inc/stm32h7xx_ll_spi.h:997:22:LL_SPI_StartMasterTransfer	16	static
../Drivers/STM32H7xx_HAL_Driver/Inc/stm32h7xx_ll_spi.h:1698:26:LL_SPI_IsActiveFlag_RXP	16	static
../Drivers/STM32H7xx_HAL_Driver/Inc/stm32h7xx_ll_spi.h:1709:26:LL_SPI_IsActiveFlag_TXP	16	static
../Drivers/STM32H7xx_HAL_Driver/Inc/stm32h7xx_ll_spi.h:1731:26:LL_SPI_IsActiveFlag_EOT	16	static
../Drivers/STM32H7xx_HAL_Driver/Inc/stm32h7xx_ll_spi.h:1878:22:LL_SPI_ClearFlag_EOT	16	static
../Drivers/STM32H7xx_HAL_Driver/Inc/stm32h7xx_ll_spi.h:1889:22:LL_SPI_ClearFlag_TXTF	16	static
../Drivers/STM32H7xx_HAL_Driver/Inc/stm32h7xx_ll_spi.h:2356:22:LL_SPI_EnableDMAReq_RX	16	static
../Drivers/STM32H7xx_HAL_Driver/Inc/stm32h7xx_ll_spi.h:2367:22:LL_SPI_DisableDMAReq_RX	16	static
../Drivers/STM32H7xx_HAL_Driver/Inc/stm32h7xx_ll_spi.h:2389:22:LL_SPI_EnableDMAReq_TX	16	static
../Drivers/STM32H7xx_HAL_Driver/Inc/stm32h7xx_ll_spi.h:2400:22:LL_SPI_DisableDMAReq_TX	16	static
../Drivers/STM32H7xx_HAL_Driver/Inc/stm32h7xx_ll_spi.h:2421:26:LL_SPI_DMA_GetTxRegAddr	16	static
../Drivers/STM32H7xx_HAL_Driver/Inc/stm32h7xx_ll_spi.h:2432:26:LL_SPI_DMA_GetRxRegAddr	16	static
../Drivers/STM32H7xx_HAL_Driver/Inc/stm32h7xx_ll_spi.h:2450:25:LL_SPI_ReceiveData8	16	static
../Drivers/STM32H7xx_HAL_Driver/Inc/stm32h7xx_ll_spi.h:2489:22:LL_SPI_TransmitData8	16	static
../Drivers/STM32H7xx_HAL_Driver/Inc/stm32h7xx_ll_tim.h:1789:26:LL_TIM_GetCounter	16	static
../Drivers/STM32H7xx_HAL_Driver/Inc/stm32h7xx_ll_gpio.h:884:22:LL_GPIO_SetOutputPin	16	static
../Drivers/STM32H7xx_HAL_Driver/Inc/stm32h7xx_ll_gpio.h:913:22:LL_GPIO_ResetOutputPin	16	static
../Core/Src/icm45686_spi.c:134:16:Bus_FindNextOK	24	static
../Core/Src/icm45686_spi.c:151:20:SPI_WaitTX	16	static
../Core/Src/icm45686_spi.c:156:20:SPI_WaitRX	16	static
../Core/Src/icm45686_spi.c:161:20:SPI_Enable	16	static
../Core/Src/icm45686_spi.c:167:20:SPI_Disable	16	static
../Core/Src/icm45686_spi.c:175:13:Delay_ms	24	static
../Core/Src/icm45686_spi.c:186:6:ICM_BusesInit	16	static
../Core/Src/icm45686_spi.c:222:6:ICM_WriteReg	24	static
../Core/Src/icm45686_spi.c:244:9:ICM_ReadReg	24	static
../Core/Src/icm45686_spi.c:283:10:ICM_InitAllSensors	32	static
../Core/Src/icm45686_spi.c:358:13:BusBurstRead_Start	40	static
../Core/Src/icm45686_spi.c:421:13:BusFinalize	24	static
../Core/Src/icm45686_spi.c:473:13:BusBurstRead_Next	24	static
../Core/Src/icm45686_spi.c:502:6:ICM_StartBurstRead	16	static
../Core/Src/icm45686_spi.c:528:6:ICM_StartBurstRead_SPI1	8	static
../Core/Src/icm45686_spi.c:537:6:ICM_DMA_RxComplete_SPI1	8	static
../Core/Src/icm45686_spi.c:542:6:ICM_DMA_RxComplete_SPI4	8	static
../Core/Src/icm45686_spi.c:547:6:ICM_DMA_RxComplete_SPI5	8	static
