../Drivers/STM32H7xx_HAL_Driver/Inc/stm32h7xx_ll_bdma.h:502:22:LL_BDMA_EnableChannel	24	static
../Drivers/STM32H7xx_HAL_Driver/Inc/stm32h7xx_ll_bdma.h:524:22:LL_BDMA_DisableChannel	24	static
../Drivers/STM32H7xx_HAL_Driver/Inc/stm32h7xx_ll_bdma.h:546:26:LL_BDMA_IsEnabledChannel	24	static
../Drivers/STM32H7xx_HAL_Driver/Inc/stm32h7xx_ll_bdma.h:985:22:LL_BDMA_SetDataLength	32	static
../Drivers/STM32H7xx_HAL_Driver/Inc/stm32h7xx_ll_bdma.h:1194:22:LL_BDMA_SetMemoryAddress	32	static
../Drivers/STM32H7xx_HAL_Driver/Inc/stm32h7xx_ll_bdma.h:1219:22:LL_BDMA_SetPeriphAddress	32	static
../Drivers/STM32H7xx_HAL_Driver/Inc/stm32h7xx_ll_bdma.h:1987:22:LL_BDMA_ClearFlag_TC0	16	static
../Drivers/STM32H7xx_HAL_Driver/Inc/stm32h7xx_ll_bdma.h:1998:22:LL_BDMA_ClearFlag_TC1	16	static
../Drivers/STM32H7xx_HAL_Driver/Inc/stm32h7xx_ll_bdma.h:2075:22:LL_BDMA_ClearFlag_HT0	16	static
../Drivers/STM32H7xx_HAL_Driver/Inc/stm32h7xx_ll_bdma.h:2086:22:LL_BDMA_ClearFlag_HT1	16	static
../Drivers/STM32H7xx_HAL_Driver/Inc/stm32h7xx_ll_bdma.h:2163:22:LL_BDMA_ClearFlag_TE0	16	static
../Drivers/STM32H7xx_HAL_Driver/Inc/stm32h7xx_ll_bdma.h:2174:22:LL_BDMA_ClearFlag_TE1	16	static
../Drivers/STM32H7xx_HAL_Driver/Inc/stm32h7xx_ll_bdma.h:2267:22:LL_BDMA_EnableIT_TC	24	static
../Drivers/STM32H7xx_HAL_Driver/Inc/stm32h7xx_ll_bdma.h:2311:22:LL_BDMA_EnableIT_TE	24	static
../Drivers/STM32H7xx_HAL_Driver/Inc/stm32h7xx_ll_dma.h:489:22:LL_DMA_EnableStream	24	static
../Drivers/STM32H7xx_HAL_Driver/Inc/stm32h7xx_ll_dma.h:511:22:LL_DMA_DisableStream	24	static
../Drivers/STM32H7xx_HAL_Driver/Inc/stm32h7xx_ll_dma.h:533:26:LL_DMA_IsEnabledStream	24	static
../Drivers/STM32H7xx_HAL_Driver/Inc/stm32h7xx_ll_dma.h:1051:22:LL_DMA_SetDataLength	32	static
../Drivers/STM32H7xx_HAL_Driver/Inc/stm32h7xx_ll_dma.h:1840:22:LL_DMA_SetMemoryAddress	32	static
../Drivers/STM32H7xx_HAL_Driver/Inc/stm32h7xx_ll_dma.h:1865:22:LL_DMA_SetPeriphAddress	32	static
../Drivers/STM32H7xx_HAL_Driver/Inc/stm32h7xx_ll_dma.h:2513:22:LL_DMA_ClearFlag_HT0	16	static
../Drivers/STM32H7xx_HAL_Driver/Inc/stm32h7xx_ll_dma.h:2524:22:LL_DMA_ClearFlag_HT1	16	static
../Drivers/STM32H7xx_HAL_Driver/Inc/stm32h7xx_ll_dma.h:2535:22:LL_DMA_ClearFlag_HT2	16	static
../Drivers/STM32H7xx_HAL_Driver/Inc/stm32h7xx_ll_dma.h:2546:22:LL_DMA_ClearFlag_HT3	16	static
../Drivers/STM32H7xx_HAL_Driver/Inc/stm32h7xx_ll_dma.h:2557:22:LL_DMA_ClearFlag_HT4	16	static
../Drivers/STM32H7xx_HAL_Driver/Inc/stm32h7xx_ll_dma.h:2568:22:LL_DMA_ClearFlag_HT5	16	static
../Drivers/STM32H7xx_HAL_Driver/Inc/stm32h7xx_ll_dma.h:2579:22:LL_DMA_ClearFlag_HT6	16	static
../Drivers/STM32H7xx_HAL_Driver/Inc/stm32h7xx_ll_dma.h:2590:22:LL_DMA_ClearFlag_HT7	16	static
../Drivers/STM32H7xx_HAL_Driver/Inc/stm32h7xx_ll_dma.h:2601:22:LL_DMA_ClearFlag_TC0	16	static
../Drivers/STM32H7xx_HAL_Driver/Inc/stm32h7xx_ll_dma.h:2612:22:LL_DMA_ClearFlag_TC1	16	static
../Drivers/STM32H7xx_HAL_Driver/Inc/stm32h7xx_ll_dma.h:2623:22:LL_DMA_ClearFlag_TC2	16	static
../Drivers/STM32H7xx_HAL_Driver/Inc/stm32h7xx_ll_dma.h:2634:22:LL_DMA_ClearFlag_TC3	16	static
../Drivers/STM32H7xx_HAL_Driver/Inc/stm32h7xx_ll_dma.h:2645:22:LL_DMA_ClearFlag_TC4	16	static
../Drivers/STM32H7xx_HAL_Driver/Inc/stm32h7xx_ll_dma.h:2656:22:LL_DMA_ClearFlag_TC5	16	static
../Drivers/STM32H7xx_HAL_Driver/Inc/stm32h7xx_ll_dma.h:2667:22:LL_DMA_ClearFlag_TC6	16	static
../Drivers/STM32H7xx_HAL_Driver/Inc/stm32h7xx_ll_dma.h:2678:22:LL_DMA_ClearFlag_TC7	16	static
../Drivers/STM32H7xx_HAL_Driver/Inc/stm32h7xx_ll_dma.h:2689:22:LL_DMA_ClearFlag_TE0	16	static
../Drivers/STM32H7xx_HAL_Driver/Inc/stm32h7xx_ll_dma.h:2700:22:LL_DMA_ClearFlag_TE1	16	static
../Drivers/STM32H7xx_HAL_Driver/Inc/stm32h7xx_ll_dma.h:2711:22:LL_DMA_ClearFlag_TE2	16	static
../Drivers/STM32H7xx_HAL_Driver/Inc/stm32h7xx_ll_dma.h:2722:22:LL_DMA_ClearFlag_TE3	16	static
../Drivers/STM32H7xx_HAL_Driver/Inc/stm32h7xx_ll_dma.h:2733:22:LL_DMA_ClearFlag_TE4	16	static
../Drivers/STM32H7xx_HAL_Driver/Inc/stm32h7xx_ll_dma.h:2744:22:LL_DMA_ClearFlag_TE5	16	static
../Drivers/STM32H7xx_HAL_Driver/Inc/stm32h7xx_ll_dma.h:2755:22:LL_DMA_ClearFlag_TE6	16	static
../Drivers/STM32H7xx_HAL_Driver/Inc/stm32h7xx_ll_dma.h:2766:22:LL_DMA_ClearFlag_TE7	16	static
../Drivers/STM32H7xx_HAL_Driver/Inc/stm32h7xx_ll_dma.h:2777:22:LL_DMA_ClearFlag_DME0	16	static
../Drivers/STM32H7xx_HAL_Driver/Inc/stm32h7xx_ll_dma.h:2788:22:LL_DMA_ClearFlag_DME1	16	static
../Drivers/STM32H7xx_HAL_Driver/Inc/stm32h7xx_ll_dma.h:2799:22:LL_DMA_ClearFlag_DME2	16	static
../Drivers/STM32H7xx_HAL_Driver/Inc/stm32h7xx_ll_dma.h:2810:22:LL_DMA_ClearFlag_DME3	16	static
../Drivers/STM32H7xx_HAL_Driver/Inc/stm32h7xx_ll_dma.h:2821:22:LL_DMA_ClearFlag_DME4	16	static
../Drivers/STM32H7xx_HAL_Driver/Inc/stm32h7xx_ll_dma.h:2832:22:LL_DMA_ClearFlag_DME5	16	static
../Drivers/STM32H7xx_HAL_Driver/Inc/stm32h7xx_ll_dma.h:2843:22:LL_DMA_ClearFlag_DME6	16	static
../Drivers/STM32H7xx_HAL_Driver/Inc/stm32h7xx_ll_dma.h:2854:22:LL_DMA_ClearFlag_DME7	16	static
../Drivers/STM32H7xx_HAL_Driver/Inc/stm32h7xx_ll_dma.h:2865:22:LL_DMA_ClearFlag_FE0	16	static
../Drivers/STM32H7xx_HAL_Driver/Inc/stm32h7xx_ll_dma.h:2876:22:LL_DMA_ClearFlag_FE1	16	static
../Drivers/STM32H7xx_HAL_Driver/Inc/stm32h7xx_ll_dma.h:2887:22:LL_DMA_ClearFlag_FE2	16	static
../Drivers/STM32H7xx_HAL_Driver/Inc/stm32h7xx_ll_dma.h:2898:22:LL_DMA_ClearFlag_FE3	16	static
../Drivers/STM32H7xx_HAL_Driver/Inc/stm32h7xx_ll_dma.h:2909:22:LL_DMA_ClearFlag_FE4	16	static
../Drivers/STM32H7xx_HAL_Driver/Inc/stm32h7xx_ll_dma.h:2920:22:LL_DMA_ClearFlag_FE5	16	static
../Drivers/STM32H7xx_HAL_Driver/Inc/stm32h7xx_ll_dma.h:2931:22:LL_DMA_ClearFlag_FE6	16	static
../Drivers/STM32H7xx_HAL_Driver/Inc/stm32h7xx_ll_dma.h:2942:22:LL_DMA_ClearFlag_FE7	16	static
../Drivers/STM32H7xx_HAL_Driver/Inc/stm32h7xx_ll_dma.h:2992:22:LL_DMA_EnableIT_TE	24	static
../Drivers/STM32H7xx_HAL_Driver/Inc/stm32h7xx_ll_dma.h:3014:22:LL_DMA_EnableIT_TC	24	static
../Drivers/STM32H7xx_HAL_Driver/Inc/stm32h7xx_ll_spi.h:555:22:LL_SPI_Enable	16	static
../Drivers/STM32H7xx_HAL_Driver/Inc/stm32h7xx_ll_spi.h:567:22:LL_SPI_Disable	16	static
../Drivers/STM32H7xx_HAL_Driver/Inc/stm32h7xx_ll_spi.h:578:26:LL_SPI_IsEnabled	16	static
../Drivers/STM32H7xx_HAL_Driver/Inc/stm32h7xx_ll_spi.h:799:22:LL_SPI_SetTransferSize	16	static
../Drivers/STM32H7xx_HAL_Driver/Inc/stm32h7xx_ll_spi.h:929:22:LL_SPI_SetInternalSSLevel	16	static
../Drivers/STM32H7xx_HAL_Driver/Inc/stm32h7xx_ll_spi.h:997:22:LL_SPI_StartMasterTransfer	16	static
../Drivers/STM32H7xx_HAL_Driver/Inc/stm32h7xx_ll_spi.h:1698:26:LL_SPI_IsActiveFlag_RXP	16	static
../Drivers/STM32H7xx_HAL_Driver/Inc/stm32h7xx_ll_spi.h:1709:26:LL_SPI_IsActiveFlag_TXP	16	static
../Drivers/STM32H7xx_HAL_Driver/Inc/stm32h7xx_ll_spi.h:1731:26:LL_SPI_IsActiveFlag_EOT	16	static
../Drivers/STM32H7xx_HAL_Driver/Inc/stm32h7xx_ll_spi.h:1878:22:LL_SPI_ClearFlag_EOT	16	static
../Drivers/STM32H7xx_HAL_Driver/Inc/stm32h7xx_ll_spi.h:1889:22:LL_SPI_ClearFlag_TXTF	16	static
../Drivers/STM32H7xx_HAL_Driver/Inc/stm32h7xx_ll_spi.h:2018:22:LL_SPI_EnableIT_EOT	16	static
../Drivers/STM32H7xx_HAL_Driver/Inc/stm32h7xx_ll_spi.h:2139:22:LL_SPI_DisableIT_EOT	16	static
../Drivers/STM32H7xx_HAL_Driver/Inc/stm32h7xx_ll_spi.h:2356:22:LL_SPI_EnableDMAReq_RX	16	static
../Drivers/STM32H7xx_HAL_Driver/Inc/stm32h7xx_ll_spi.h:2367:22:LL_SPI_DisableDMAReq_RX	16	static
../Drivers/STM32H7xx_HAL_Driver/Inc/stm32h7xx_ll_spi.h:2389:22:LL_SPI_EnableDMAReq_TX	16	static
../Drivers/STM32H7xx_HAL_Driver/Inc/stm32h7xx_ll_spi.h:2400:22:LL_SPI_DisableDMAReq_TX	16	static
../Drivers/STM32H7xx_HAL_Driver/Inc/stm32h7xx_ll_spi.h:2421:26:LL_SPI_DMA_GetTxRegAddr	16	static
../Drivers/STM32H7xx_HAL_Driver/Inc/stm32h7xx_ll_spi.h:2432:26:LL_SPI_DMA_GetRxRegAddr	16	static
../Drivers/STM32H7xx_HAL_Driver/Inc/stm32h7xx_ll_spi.h:2450:25:LL_SPI_ReceiveData8	16	static
../Drivers/STM32H7xx_HAL_Driver/Inc/stm32h7xx_ll_spi.h:2489:22:LL_SPI_TransmitData8	16	static
../Drivers/STM32H7xx_HAL_Driver/Inc/stm32h7xx_ll_gpio.h:884:22:LL_GPIO_SetOutputPin	16	static
../Drivers/STM32H7xx_HAL_Driver/Inc/stm32h7xx_ll_gpio.h:913:22:LL_GPIO_ResetOutputPin	16	static
../Core/Src/icm45686_spi.c:255:13:ICM_BusesInit_PrecomputeDescriptors	24	static
../Core/Src/icm45686_spi.c:272:6:ICM_DWT_Init	4	static
../Core/Src/icm45686_spi.c:279:6:ICM_BusesInit	16	static
../Core/Src/icm45686_spi.c:429:6:ICM_WriteReg	24	static
../Core/Src/icm45686_spi.c:456:9:ICM_ReadReg	24	static
../Core/Src/icm45686_spi.c:493:13:ICM_WaitIRegReady	8	static
../Core/Src/icm45686_spi.c:498:6:ICM_WriteIReg	16	static
../Core/Src/icm45686_spi.c:510:9:ICM_ReadIReg	16	static
../Core/Src/icm45686_spi.c:534:13:ICM_WriteIRegBurst	24	static
../Core/Src/icm45686_spi.c:581:10:ICM_InitAllSensors	56	static
../Core/Src/icm45686_spi.c:834:6:ICM_StartBurstRead	16	static
../Core/Src/icm45686_spi.c:881:6:ICM_StartBurstRead_SPI1	8	static
../Core/Src/icm45686_spi.c:887:6:ICM_DMA_RxComplete_SPI1	8	static
../Core/Src/icm45686_spi.c:888:6:ICM_DMA_RxComplete_SPI5	8	static
../Core/Src/icm45686_spi.c:889:6:ICM_DMA_RxComplete_SPI4	8	static
../Core/Src/icm45686_spi.c:891:6:ICM_DMA_RxComplete_SPI2	8	static
../Core/Src/icm45686_spi.c:892:6:ICM_DMA_RxComplete_SPI3	8	static
../Core/Src/icm45686_spi.c:893:6:ICM_DMA_RxComplete_SPI6	8	static
../Core/Src/icm45686_spi.c:895:6:ICM_DMA_Error_SPI1	8	static
../Core/Src/icm45686_spi.c:902:6:ICM_DMA_Error_SPI5	8	static
../Core/Src/icm45686_spi.c:909:6:ICM_DMA_Error_SPI4	8	static
../Core/Src/icm45686_spi.c:917:6:ICM_DMA_Error_SPI2	8	static
../Core/Src/icm45686_spi.c:924:6:ICM_DMA_Error_SPI3	8	static
../Core/Src/icm45686_spi.c:931:6:ICM_DMA_Error_SPI6	8	static
../Core/Src/icm45686_spi.c:939:6:ICM_SPI_Eot_SPI1	8	static
../Core/Src/icm45686_spi.c:940:6:ICM_SPI_Eot_SPI5	8	static
../Core/Src/icm45686_spi.c:941:6:ICM_SPI_Eot_SPI4	8	static
../Core/Src/icm45686_spi.c:943:6:ICM_SPI_Eot_SPI2	8	static
../Core/Src/icm45686_spi.c:944:6:ICM_SPI_Eot_SPI3	8	static
../Core/Src/icm45686_spi.c:945:6:ICM_SPI_Eot_SPI6	8	static
../Core/Src/icm45686_spi.c:954:13:ICM_StartBusRead	40	static,ignoring_inline_asm
../Core/Src/icm45686_spi.c:1100:13:ICM_AdvanceSensor	24	static,ignoring_inline_asm
../Core/Src/icm45686_spi.c:1157:13:ICM_OnDmaRxComplete	16	static
../Core/Src/icm45686_spi.c:1207:13:ICM_OnSpiEot	16	static
../Core/Src/icm45686_spi.c:1228:13:ICM_FinishBus	16	static
../Core/Src/icm45686_spi.c:1236:13:ICM_TryCompleteBatch	8	static
../Core/Src/icm45686_spi.c:1260:13:ICM_MarkFault	32	static
../Core/Src/icm45686_spi.c:1274:13:ICM_RecoverBus	24	static
../Core/Src/icm45686_spi.c:1336:16:ICM_BusTimedOut	16	static
../Core/Src/icm45686_spi.c:1348:13:ICM_ServiceReintegration	24	static
../Core/Src/icm45686_spi.c:1369:6:ICM_WatchdogTick	48	static
../Core/Src/icm45686_spi.c:1397:13:ICM_SetEvent	40	static,ignoring_inline_asm
../Core/Src/icm45686_spi.c:1406:10:ICM_ConsumeEvents	32	static,ignoring_inline_asm
../Core/Src/icm45686_spi.c:1416:17:ICM_DWT_ElapsedUs	24	static
../Core/Src/icm45686_spi.c:1423:16:ICM_BusIndex	16	static
../Core/Src/icm45686_spi.c:1433:16:ICM_FindNextHealthy	24	static
../Core/Src/icm45686_spi.c:1443:13:ICM_ClearDmaFlags	16	static
../Core/Src/icm45686_spi.c:1507:13:ICM_SPI_EnsureDisabled	24	static
../Core/Src/icm45686_spi.c:1520:13:ICM_SPI_WaitEOT	24	static
../Core/Src/icm45686_spi.c:1528:13:ICM_SPI_DrainRx	24	static
../Core/Src/icm45686_spi.c:1552:13:ICM_DelayUs	24	static,ignoring_inline_asm
../Core/Src/icm45686_spi.c:1559:13:ICM_DelayMs	16	static
../Core/Src/icm45686_spi.c:1564:13:ICM_CS_Low	16	static
../Core/Src/icm45686_spi.c:1569:13:ICM_CS_High	16	static
