../Drivers/STM32H7xx_HAL_Driver/Inc/stm32h7xx_ll_dma.h:489:22:LL_DMA_EnableStream	24	static
../Drivers/STM32H7xx_HAL_Driver/Inc/stm32h7xx_ll_dma.h:511:22:LL_DMA_DisableStream	24	static
../Drivers/STM32H7xx_HAL_Driver/Inc/stm32h7xx_ll_dma.h:533:26:LL_DMA_IsEnabledStream	24	static
../Drivers/STM32H7xx_HAL_Driver/Inc/stm32h7xx_ll_dma.h:1051:22:LL_DMA_SetDataLength	32	static
../Drivers/STM32H7xx_HAL_Driver/Inc/stm32h7xx_ll_dma.h:1840:22:LL_DMA_SetMemoryAddress	32	static
../Drivers/STM32H7xx_HAL_Driver/Inc/stm32h7xx_ll_dma.h:1865:22:LL_DMA_SetPeriphAddress	32	static
../Drivers/STM32H7xx_HAL_Driver/Inc/stm32h7xx_ll_dma.h:2513:22:LL_DMA_ClearFlag_HT0	16	static
../Drivers/STM32H7xx_HAL_Driver/Inc/stm32h7xx_ll_dma.h:2524:22:LL_DMA_ClearFlag_HT1	16	static
../Drivers/STM32H7xx_HAL_Driver/Inc/stm32h7xx_ll_dma.h:2535:22:LL_DMA_ClearFlag_HT2	16	static
../Drivers/STM32H7xx_HAL_Driver/Inc/stm32h7xx_ll_dma.h:2546:22:LL_DMA_ClearFlag_HT3	16	static
../Drivers/STM32H7xx_HAL_Driver/Inc/stm32h7xx_ll_dma.h:2601:22:LL_DMA_ClearFlag_TC0	16	static
../Drivers/STM32H7xx_HAL_Driver/Inc/stm32h7xx_ll_dma.h:2612:22:LL_DMA_ClearFlag_TC1	16	static
../Drivers/STM32H7xx_HAL_Driver/Inc/stm32h7xx_ll_dma.h:2623:22:LL_DMA_ClearFlag_TC2	16	static
../Drivers/STM32H7xx_HAL_Driver/Inc/stm32h7xx_ll_dma.h:2634:22:LL_DMA_ClearFlag_TC3	16	static
../Drivers/STM32H7xx_HAL_Driver/Inc/stm32h7xx_ll_dma.h:2689:22:LL_DMA_ClearFlag_TE0	16	static
../Drivers/STM32H7xx_HAL_Driver/Inc/stm32h7xx_ll_dma.h:2700:22:LL_DMA_ClearFlag_TE1	16	static
../Drivers/STM32H7xx_HAL_Driver/Inc/stm32h7xx_ll_dma.h:2711:22:LL_DMA_ClearFlag_TE2	16	static
../Drivers/STM32H7xx_HAL_Driver/Inc/stm32h7xx_ll_dma.h:2722:22:LL_DMA_ClearFlag_TE3	16	static
../Drivers/STM32H7xx_HAL_Driver/Inc/stm32h7xx_ll_dma.h:2777:22:LL_DMA_ClearFlag_DME0	16	static
../Drivers/STM32H7xx_HAL_Driver/Inc/stm32h7xx_ll_dma.h:2788:22:LL_DMA_ClearFlag_DME1	16	static
../Drivers/STM32H7xx_HAL_Driver/Inc/stm32h7xx_ll_dma.h:2799:22:LL_DMA_ClearFlag_DME2	16	static
../Drivers/STM32H7xx_HAL_Driver/Inc/stm32h7xx_ll_dma.h:2810:22:LL_DMA_ClearFlag_DME3	16	static
../Drivers/STM32H7xx_HAL_Driver/Inc/stm32h7xx_ll_dma.h:2865:22:LL_DMA_ClearFlag_FE0	16	static
../Drivers/STM32H7xx_HAL_Driver/Inc/stm32h7xx_ll_dma.h:2876:22:LL_DMA_ClearFlag_FE1	16	static
../Drivers/STM32H7xx_HAL_Driver/Inc/stm32h7xx_ll_dma.h:2887:22:LL_DMA_ClearFlag_FE2	16	static
../Drivers/STM32H7xx_HAL_Driver/Inc/stm32h7xx_ll_dma.h:2898:22:LL_DMA_ClearFlag_FE3	16	static
../Drivers/STM32H7xx_HAL_Driver/Inc/stm32h7xx_ll_dma.h:2992:22:LL_DMA_EnableIT_TE	24	static
../Drivers/STM32H7xx_HAL_Driver/Inc/stm32h7xx_ll_dma.h:3014:22:LL_DMA_EnableIT_TC	24	static
../Drivers/STM32H7xx_HAL_Driver/Inc/stm32h7xx_ll_spi.h:555:22:LL_SPI_Enable	16	static
../Drivers/STM32H7xx_HAL_Driver/Inc/stm32h7xx_ll_spi.h:567:22:LL_SPI_Disable	16	static
../Drivers/STM32H7xx_HAL_Driver/Inc/stm32h7xx_ll_spi.h:578:26:LL_SPI_IsEnabled	16	static
../Drivers/STM32H7xx_HAL_Driver/Inc/stm32h7xx_ll_spi.h:799:22:LL_SPI_SetTransferSize	16	static
../Drivers/STM32H7xx_HAL_Driver/Inc/stm32h7xx_ll_spi.h:929:22:LL_SPI_SetInternalSSLevel	16	static
../Drivers/STM32H7xx_HAL_Driver/Inc/stm32h7xx_ll_spi.h:997:22:LL_SPI_StartMasterTransfer	16	static
../Drivers/STM32H7xx_HAL_Driver/Inc/stm32h7xx_ll_spi.h:1698:26:LL_SPI_IsActiveFlag_RXP	16	static
../Drivers/STM32H7xx_HAL_Driver/Inc/stm32h7xx_ll_spi.h:1709:26:LL_SPI_IsActiveFlag_TXP	16	static
../Drivers/STM32H7xx_HAL_Driver/Inc/stm32h7xx_ll_spi.h:1731:26:LL_SPI_IsActiveFlag_EOT	16	static
../Drivers/STM32H7xx_HAL_Driver/Inc/stm32h7xx_ll_spi.h:1878:22:LL_SPI_ClearFlag_EOT	16	static
../Drivers/STM32H7xx_HAL_Driver/Inc/stm32h7xx_ll_spi.h:1889:22:LL_SPI_ClearFlag_TXTF	16	static
../Drivers/STM32H7xx_HAL_Driver/Inc/stm32h7xx_ll_spi.h:2018:22:LL_SPI_EnableIT_EOT	16	static
../Drivers/STM32H7xx_HAL_Driver/Inc/stm32h7xx_ll_spi.h:2139:22:LL_SPI_DisableIT_EOT	16	static
../Drivers/STM32H7xx_HAL_Driver/Inc/stm32h7xx_ll_spi.h:2356:22:LL_SPI_EnableDMAReq_RX	16	static
../Drivers/STM32H7xx_HAL_Driver/Inc/stm32h7xx_ll_spi.h:2367:22:LL_SPI_DisableDMAReq_RX	16	static
../Drivers/STM32H7xx_HAL_Driver/Inc/stm32h7xx_ll_spi.h:2389:22:LL_SPI_EnableDMAReq_TX	16	static
../Drivers/STM32H7xx_HAL_Driver/Inc/stm32h7xx_ll_spi.h:2400:22:LL_SPI_DisableDMAReq_TX	16	static
../Drivers/STM32H7xx_HAL_Driver/Inc/stm32h7xx_ll_spi.h:2421:26:LL_SPI_DMA_GetTxRegAddr	16	static
../Drivers/STM32H7xx_HAL_Driver/Inc/stm32h7xx_ll_spi.h:2432:26:LL_SPI_DMA_GetRxRegAddr	16	static
../Drivers/STM32H7xx_HAL_Driver/Inc/stm32h7xx_ll_spi.h:2450:25:LL_SPI_ReceiveData8	16	static
../Drivers/STM32H7xx_HAL_Driver/Inc/stm32h7xx_ll_spi.h:2489:22:LL_SPI_TransmitData8	16	static
../Drivers/STM32H7xx_HAL_Driver/Inc/stm32h7xx_ll_gpio.h:884:22:LL_GPIO_SetOutputPin	16	static
../Drivers/STM32H7xx_HAL_Driver/Inc/stm32h7xx_ll_gpio.h:913:22:LL_GPIO_ResetOutputPin	16	static
../Core/Src/icm45686_spi.c:148:6:ICM_BusesInit	16	static
../Core/Src/icm45686_spi.c:195:6:ICM_WriteReg	24	static
../Core/Src/icm45686_spi.c:225:9:ICM_ReadReg	24	static
../Core/Src/icm45686_spi.c:273:16:ICM_WaitIRegDone	24	static
../Core/Src/icm45686_spi.c:305:6:ICM_WriteIReg	16	static
../Core/Src/icm45686_spi.c:329:9:ICM_ReadIReg	16	static
../Core/Src/icm45686_spi.c:361:10:ICM_InitAllSensors	40	static
../Core/Src/icm45686_spi.c:540:6:ICM_StartBurstRead	16	static
../Core/Src/icm45686_spi.c:574:6:ICM_StartBurstRead_SPI1	8	static
../Core/Src/icm45686_spi.c:579:6:ICM_DMA_RxComplete_SPI1	8	static
../Core/Src/icm45686_spi.c:580:6:ICM_DMA_RxComplete_SPI5	8	static
../Core/Src/icm45686_spi.c:581:6:ICM_DMA_RxComplete_SPI4	8	static
../Core/Src/icm45686_spi.c:582:6:ICM_DMA_Error_SPI1	8	static
../Core/Src/icm45686_spi.c:583:6:ICM_DMA_Error_SPI5	8	static
../Core/Src/icm45686_spi.c:584:6:ICM_DMA_Error_SPI4	8	static
../Core/Src/icm45686_spi.c:589:6:ICM_SPI_Eot_SPI1	8	static
../Core/Src/icm45686_spi.c:590:6:ICM_SPI_Eot_SPI5	8	static
../Core/Src/icm45686_spi.c:591:6:ICM_SPI_Eot_SPI4	8	static
../Core/Src/icm45686_spi.c:596:13:ICM_StartBusRead	40	static,ignoring_inline_asm
../Core/Src/icm45686_spi.c:666:13:ICM_NextSensor	16	static
../Core/Src/icm45686_spi.c:684:13:ICM_OnSpiEot	24	static,ignoring_inline_asm
../Core/Src/icm45686_spi.c:725:13:ICM_FinishBus	16	static
../Core/Src/icm45686_spi.c:731:13:ICM_TryCompleteBatch	4	static
../Core/Src/icm45686_spi.c:745:13:ICM_MarkFault	16	static
../Core/Src/icm45686_spi.c:751:13:ICM_CS_Low	16	static
../Core/Src/icm45686_spi.c:756:13:ICM_CS_High	16	static
../Core/Src/icm45686_spi.c:761:16:ICM_BusIndex	16	static
../Core/Src/icm45686_spi.c:768:16:ICM_FindNextHealthy	24	static
../Core/Src/icm45686_spi.c:778:13:ICM_ClearDmaFlags	16	static
../Core/Src/icm45686_spi.c:809:13:ICM_SPI_EnsureDisabled	16	static
../Core/Src/icm45686_spi.c:818:13:ICM_SPI_WaitEOT	16	static
../Core/Src/icm45686_spi.c:825:13:ICM_SPI_DrainRx	16	static
../Core/Src/icm45686_spi.c:835:13:ICM_DelayUs	24	static,ignoring_inline_asm
../Core/Src/icm45686_spi.c:841:13:ICM_DelayMs	16	static
