../Drivers/STM32H7xx_HAL_Driver/Inc/stm32h7xx_ll_dma.h:489:22:LL_DMA_EnableStream	24	static
../Drivers/STM32H7xx_HAL_Driver/Inc/stm32h7xx_ll_dma.h:511:22:LL_DMA_DisableStream	24	static
../Drivers/STM32H7xx_HAL_Driver/Inc/stm32h7xx_ll_dma.h:533:26:LL_DMA_IsEnabledStream	24	static
../Drivers/STM32H7xx_HAL_Driver/Inc/stm32h7xx_ll_dma.h:1051:22:LL_DMA_SetDataLength	32	static
../Drivers/STM32H7xx_HAL_Driver/Inc/stm32h7xx_ll_dma.h:1840:22:LL_DMA_SetMemoryAddress	32	static
../Drivers/STM32H7xx_HAL_Driver/Inc/stm32h7xx_ll_dma.h:1865:22:LL_DMA_SetPeriphAddress	32	static
../Drivers/STM32H7xx_HAL_Driver/Inc/stm32h7xx_ll_dma.h:2513:22:LL_DMA_ClearFlag_HT0	16	static
../Drivers/STM32H7xx_HAL_Driver/Inc/stm32h7xx_ll_dma.h:2524:22:LL_DMA_ClearFlag_HT1	16	static
../Drivers/STM32H7xx_HAL_Driver/Inc/stm32h7xx_ll_dma.h:2535:22:LL_DMA_ClearFlag_HT2	16	static
../Drivers/STM32H7xx_HAL_Driver/Inc/stm32h7xx_ll_dma.h:2546:22:LL_DMA_ClearFlag_HT3	16	static
../Drivers/STM32H7xx_HAL_Driver/Inc/stm32h7xx_ll_dma.h:2601:22:LL_DMA_ClearFlag_TC0	16	static
../Drivers/STM32H7xx_HAL_Driver/Inc/stm32h7xx_ll_dma.h:2612:22:LL_DMA_ClearFlag_TC1	16	static
../Drivers/STM32H7xx_HAL_Driver/Inc/stm32h7xx_ll_dma.h:2623:22:LL_DMA_ClearFlag_TC2	16	static
../Drivers/STM32H7xx_HAL_Driver/Inc/stm32h7xx_ll_dma.h:2634:22:LL_DMA_ClearFlag_TC3	16	static
../Drivers/STM32H7xx_HAL_Driver/Inc/stm32h7xx_ll_dma.h:2689:22:LL_DMA_ClearFlag_TE0	16	static
../Drivers/STM32H7xx_HAL_Driver/Inc/stm32h7xx_ll_dma.h:2700:22:LL_DMA_ClearFlag_TE1	16	static
../Drivers/STM32H7xx_HAL_Driver/Inc/stm32h7xx_ll_dma.h:2711:22:LL_DMA_ClearFlag_TE2	16	static
../Drivers/STM32H7xx_HAL_Driver/Inc/stm32h7xx_ll_dma.h:2722:22:LL_DMA_ClearFlag_TE3	16	static
../Drivers/STM32H7xx_HAL_Driver/Inc/stm32h7xx_ll_dma.h:3014:22:LL_DMA_EnableIT_TC	24	static
../Drivers/STM32H7xx_HAL_Driver/Inc/stm32h7xx_ll_spi.h:555:22:LL_SPI_Enable	16	static
../Drivers/STM32H7xx_HAL_Driver/Inc/stm32h7xx_ll_spi.h:567:22:LL_SPI_Disable	16	static
../Drivers/STM32H7xx_HAL_Driver/Inc/stm32h7xx_ll_spi.h:799:22:LL_SPI_SetTransferSize	16	static
../Drivers/STM32H7xx_HAL_Driver/Inc/stm32h7xx_ll_spi.h:997:22:LL_SPI_StartMasterTransfer	16	static
../Drivers/STM32H7xx_HAL_Driver/Inc/stm32h7xx_ll_spi.h:1709:26:LL_SPI_IsActiveFlag_TXP	16	static
../Drivers/STM32H7xx_HAL_Driver/Inc/stm32h7xx_ll_spi.h:1731:26:LL_SPI_IsActiveFlag_EOT	16	static
../Drivers/STM32H7xx_HAL_Driver/Inc/stm32h7xx_ll_spi.h:1878:22:LL_SPI_ClearFlag_EOT	16	static
../Drivers/STM32H7xx_HAL_Driver/Inc/stm32h7xx_ll_spi.h:1889:22:LL_SPI_ClearFlag_TXTF	16	static
../Drivers/STM32H7xx_HAL_Driver/Inc/stm32h7xx_ll_spi.h:2356:22:LL_SPI_EnableDMAReq_RX	16	static
../Drivers/STM32H7xx_HAL_Driver/Inc/stm32h7xx_ll_spi.h:2367:22:LL_SPI_DisableDMAReq_RX	16	static
../Drivers/STM32H7xx_HAL_Driver/Inc/stm32h7xx_ll_spi.h:2389:22:LL_SPI_EnableDMAReq_TX	16	static
../Drivers/STM32H7xx_HAL_Driver/Inc/stm32h7xx_ll_spi.h:2400:22:LL_SPI_DisableDMAReq_TX	16	static
../Drivers/STM32H7xx_HAL_Driver/Inc/stm32h7xx_ll_spi.h:2421:26:LL_SPI_DMA_GetTxRegAddr	16	static
../Drivers/STM32H7xx_HAL_Driver/Inc/stm32h7xx_ll_spi.h:2432:26:LL_SPI_DMA_GetRxRegAddr	16	static
../Drivers/STM32H7xx_HAL_Driver/Inc/stm32h7xx_ll_spi.h:2450:25:LL_SPI_ReceiveData8	16	static
../Drivers/STM32H7xx_HAL_Driver/Inc/stm32h7xx_ll_spi.h:2489:22:LL_SPI_TransmitData8	16	static
../Drivers/STM32H7xx_HAL_Driver/Inc/stm32h7xx_ll_gpio.h:884:22:LL_GPIO_SetOutputPin	16	static
../Drivers/STM32H7xx_HAL_Driver/Inc/stm32h7xx_ll_gpio.h:913:22:LL_GPIO_ResetOutputPin	16	static
../Core/Src/icm45686_spi.c:231:16:Bus_GetIdx	16	static
../Core/Src/icm45686_spi.c:243:16:Bus_FindNextOK	24	static
../Core/Src/icm45686_spi.c:263:20:SPI_WaitEOT	16	static
../Core/Src/icm45686_spi.c:274:20:SPI_EnableDMA	16	static
../Core/Src/icm45686_spi.c:289:20:SPI_DisableDMA	16	static
../Core/Src/icm45686_spi.c:310:13:Delay_ms	40	static
../Core/Src/icm45686_spi.c:346:6:ICM_BusesInit	16	static
../Core/Src/icm45686_spi.c:411:6:ICM_WriteReg	24	static
../Core/Src/icm45686_spi.c:460:9:ICM_ReadReg	24	static
../Core/Src/icm45686_spi.c:515:6:ICM_WriteIReg	16	static
../Core/Src/icm45686_spi.c:536:9:ICM_ReadIReg	16	static
../Core/Src/icm45686_spi.c:570:10:ICM_InitAllSensors	32	static
../Core/Src/icm45686_spi.c:699:13:BusBurstRead_Start	40	static
../Core/Src/icm45686_spi.c:787:13:BusFinalize	24	static
../Core/Src/icm45686_spi.c:847:13:BusBurstRead_Next	24	static
../Core/Src/icm45686_spi.c:883:6:ICM_StartBurstRead	16	static
../Core/Src/icm45686_spi.c:914:6:ICM_StartBurstRead_SPI1	8	static
../Core/Src/icm45686_spi.c:951:6:ICM_DMA_RxComplete_SPI1	8	static
../Core/Src/icm45686_spi.c:956:6:ICM_DMA_RxComplete_SPI5	8	static
../Core/Src/icm45686_spi.c:961:6:ICM_DMA_RxComplete_SPI4	8	static
