../Drivers/STM32H7xx_HAL_Driver/Inc/stm32h7xx_ll_dma.h:489:22:LL_DMA_EnableStream	24	static
../Drivers/STM32H7xx_HAL_Driver/Inc/stm32h7xx_ll_dma.h:511:22:LL_DMA_DisableStream	24	static
../Drivers/STM32H7xx_HAL_Driver/Inc/stm32h7xx_ll_dma.h:533:26:LL_DMA_IsEnabledStream	24	static
../Drivers/STM32H7xx_HAL_Driver/Inc/stm32h7xx_ll_dma.h:1051:22:LL_DMA_SetDataLength	32	static
../Drivers/STM32H7xx_HAL_Driver/Inc/stm32h7xx_ll_dma.h:1840:22:LL_DMA_SetMemoryAddress	32	static
../Drivers/STM32H7xx_HAL_Driver/Inc/stm32h7xx_ll_dma.h:1865:22:LL_DMA_SetPeriphAddress	32	static
../Drivers/STM32H7xx_HAL_Driver/Inc/stm32h7xx_ll_dma.h:2513:22:LL_DMA_ClearFlag_HT0	16	static
../Drivers/STM32H7xx_HAL_Driver/Inc/stm32h7xx_ll_dma.h:2524:22:LL_DMA_ClearFlag_HT1	16	static
../Drivers/STM32H7xx_HAL_Driver/Inc/stm32h7xx_ll_dma.h:2535:22:LL_DMA_ClearFlag_HT2	16	static
../Drivers/STM32H7xx_HAL_Driver/Inc/stm32h7xx_ll_dma.h:2546:22:LL_DMA_ClearFlag_HT3	16	static
../Drivers/STM32H7xx_HAL_Driver/Inc/stm32h7xx_ll_dma.h:2601:22:LL_DMA_ClearFlag_TC0	16	static
../Drivers/STM32H7xx_HAL_Driver/Inc/stm32h7xx_ll_dma.h:2612:22:LL_DMA_ClearFlag_TC1	16	static
../Drivers/STM32H7xx_HAL_Driver/Inc/stm32h7xx_ll_dma.h:2623:22:LL_DMA_ClearFlag_TC2	16	static
../Drivers/STM32H7xx_HAL_Driver/Inc/stm32h7xx_ll_dma.h:2634:22:LL_DMA_ClearFlag_TC3	16	static
../Drivers/STM32H7xx_HAL_Driver/Inc/stm32h7xx_ll_dma.h:2689:22:LL_DMA_ClearFlag_TE0	16	static
../Drivers/STM32H7xx_HAL_Driver/Inc/stm32h7xx_ll_dma.h:2700:22:LL_DMA_ClearFlag_TE1	16	static
../Drivers/STM32H7xx_HAL_Driver/Inc/stm32h7xx_ll_dma.h:2711:22:LL_DMA_ClearFlag_TE2	16	static
../Drivers/STM32H7xx_HAL_Driver/Inc/stm32h7xx_ll_dma.h:2722:22:LL_DMA_ClearFlag_TE3	16	static
../Drivers/STM32H7xx_HAL_Driver/Inc/stm32h7xx_ll_dma.h:2777:22:LL_DMA_ClearFlag_DME0	16	static
../Drivers/STM32H7xx_HAL_Driver/Inc/stm32h7xx_ll_dma.h:2788:22:LL_DMA_ClearFlag_DME1	16	static
../Drivers/STM32H7xx_HAL_Driver/Inc/stm32h7xx_ll_dma.h:2799:22:LL_DMA_ClearFlag_DME2	16	static
../Drivers/STM32H7xx_HAL_Driver/Inc/stm32h7xx_ll_dma.h:2810:22:LL_DMA_ClearFlag_DME3	16	static
../Drivers/STM32H7xx_HAL_Driver/Inc/stm32h7xx_ll_dma.h:2865:22:LL_DMA_ClearFlag_FE0	16	static
../Drivers/STM32H7xx_HAL_Driver/Inc/stm32h7xx_ll_dma.h:2876:22:LL_DMA_ClearFlag_FE1	16	static
../Drivers/STM32H7xx_HAL_Driver/Inc/stm32h7xx_ll_dma.h:2887:22:LL_DMA_ClearFlag_FE2	16	static
../Drivers/STM32H7xx_HAL_Driver/Inc/stm32h7xx_ll_dma.h:2898:22:LL_DMA_ClearFlag_FE3	16	static
../Drivers/STM32H7xx_HAL_Driver/Inc/stm32h7xx_ll_dma.h:2992:22:LL_DMA_EnableIT_TE	24	static
../Drivers/STM32H7xx_HAL_Driver/Inc/stm32h7xx_ll_dma.h:3014:22:LL_DMA_EnableIT_TC	24	static
../Drivers/STM32H7xx_HAL_Driver/Inc/stm32h7xx_ll_spi.h:555:22:LL_SPI_Enable	16	static
../Drivers/STM32H7xx_HAL_Driver/Inc/stm32h7xx_ll_spi.h:567:22:LL_SPI_Disable	16	static
../Drivers/STM32H7xx_HAL_Driver/Inc/stm32h7xx_ll_spi.h:578:26:LL_SPI_IsEnabled	16	static
../Drivers/STM32H7xx_HAL_Driver/Inc/stm32h7xx_ll_spi.h:799:22:LL_SPI_SetTransferSize	16	static
../Drivers/STM32H7xx_HAL_Driver/Inc/stm32h7xx_ll_spi.h:929:22:LL_SPI_SetInternalSSLevel	16	static
../Drivers/STM32H7xx_HAL_Driver/Inc/stm32h7xx_ll_spi.h:997:22:LL_SPI_StartMasterTransfer	16	static
../Drivers/STM32H7xx_HAL_Driver/Inc/stm32h7xx_ll_spi.h:1698:26:LL_SPI_IsActiveFlag_RXP	16	static
../Drivers/STM32H7xx_HAL_Driver/Inc/stm32h7xx_ll_spi.h:1709:26:LL_SPI_IsActiveFlag_TXP	16	static
../Drivers/STM32H7xx_HAL_Driver/Inc/stm32h7xx_ll_spi.h:1731:26:LL_SPI_IsActiveFlag_EOT	16	static
../Drivers/STM32H7xx_HAL_Driver/Inc/stm32h7xx_ll_spi.h:1878:22:LL_SPI_ClearFlag_EOT	16	static
../Drivers/STM32H7xx_HAL_Driver/Inc/stm32h7xx_ll_spi.h:1889:22:LL_SPI_ClearFlag_TXTF	16	static
../Drivers/STM32H7xx_HAL_Driver/Inc/stm32h7xx_ll_spi.h:2018:22:LL_SPI_EnableIT_EOT	16	static
../Drivers/STM32H7xx_HAL_Driver/Inc/stm32h7xx_ll_spi.h:2139:22:LL_SPI_DisableIT_EOT	16	static
../Drivers/STM32H7xx_HAL_Driver/Inc/stm32h7xx_ll_spi.h:2356:22:LL_SPI_EnableDMAReq_RX	16	static
../Drivers/STM32H7xx_HAL_Driver/Inc/stm32h7xx_ll_spi.h:2367:22:LL_SPI_DisableDMAReq_RX	16	static
../Drivers/STM32H7xx_HAL_Driver/Inc/stm32h7xx_ll_spi.h:2389:22:LL_SPI_EnableDMAReq_TX	16	static
../Drivers/STM32H7xx_HAL_Driver/Inc/stm32h7xx_ll_spi.h:2400:22:LL_SPI_DisableDMAReq_TX	16	static
../Drivers/STM32H7xx_HAL_Driver/Inc/stm32h7xx_ll_spi.h:2421:26:LL_SPI_DMA_GetTxRegAddr	16	static
../Drivers/STM32H7xx_HAL_Driver/Inc/stm32h7xx_ll_spi.h:2432:26:LL_SPI_DMA_GetRxRegAddr	16	static
../Drivers/STM32H7xx_HAL_Driver/Inc/stm32h7xx_ll_spi.h:2450:25:LL_SPI_ReceiveData8	16	static
../Drivers/STM32H7xx_HAL_Driver/Inc/stm32h7xx_ll_spi.h:2489:22:LL_SPI_TransmitData8	16	static
../Drivers/STM32H7xx_HAL_Driver/Inc/stm32h7xx_ll_gpio.h:884:22:LL_GPIO_SetOutputPin	16	static
../Drivers/STM32H7xx_HAL_Driver/Inc/stm32h7xx_ll_gpio.h:913:22:LL_GPIO_ResetOutputPin	16	static
../Core/Src/icm45686_spi.c:117:6:ICM_BusesInit	16	static
../Core/Src/icm45686_spi.c:163:6:ICM_WriteReg	24	static
../Core/Src/icm45686_spi.c:190:9:ICM_ReadReg	24	static
../Core/Src/icm45686_spi.c:237:13:ICM_WaitIRegReady	8	static
../Core/Src/icm45686_spi.c:242:6:ICM_WriteIReg	16	static
../Core/Src/icm45686_spi.c:254:9:ICM_ReadIReg	16	static
../Core/Src/icm45686_spi.c:264:10:ICM_InitAllSensors	32	static
../Core/Src/icm45686_spi.c:426:6:ICM_StartBurstRead	16	static
../Core/Src/icm45686_spi.c:460:6:ICM_StartBurstRead_SPI1	8	static
../Core/Src/icm45686_spi.c:462:6:ICM_DMA_RxComplete_SPI1	8	static
../Core/Src/icm45686_spi.c:463:6:ICM_DMA_RxComplete_SPI5	8	static
../Core/Src/icm45686_spi.c:464:6:ICM_DMA_RxComplete_SPI4	8	static
../Core/Src/icm45686_spi.c:465:6:ICM_DMA_Error_SPI1	8	static
../Core/Src/icm45686_spi.c:466:6:ICM_DMA_Error_SPI5	8	static
../Core/Src/icm45686_spi.c:467:6:ICM_DMA_Error_SPI4	8	static
../Core/Src/icm45686_spi.c:469:6:ICM_SPI_Eot_SPI1	8	static
../Core/Src/icm45686_spi.c:470:6:ICM_SPI_Eot_SPI5	8	static
../Core/Src/icm45686_spi.c:471:6:ICM_SPI_Eot_SPI4	8	static
../Core/Src/icm45686_spi.c:473:13:ICM_StartBusRead	40	static,ignoring_inline_asm
../Core/Src/icm45686_spi.c:538:13:ICM_NextSensor	16	static
../Core/Src/icm45686_spi.c:551:13:ICM_OnSpiEot	24	static,ignoring_inline_asm
../Core/Src/icm45686_spi.c:585:13:ICM_FinishBus	16	static
../Core/Src/icm45686_spi.c:591:13:ICM_TryCompleteBatch	4	static
../Core/Src/icm45686_spi.c:602:13:ICM_MarkFault	16	static
../Core/Src/icm45686_spi.c:608:13:ICM_CS_Low	16	static
../Core/Src/icm45686_spi.c:613:13:ICM_CS_High	16	static
../Core/Src/icm45686_spi.c:618:16:ICM_BusIndex	16	static
../Core/Src/icm45686_spi.c:625:16:ICM_FindNextHealthy	24	static
../Core/Src/icm45686_spi.c:635:13:ICM_ClearDmaFlags	16	static
../Core/Src/icm45686_spi.c:666:13:ICM_SPI_EnsureDisabled	16	static
../Core/Src/icm45686_spi.c:675:13:ICM_SPI_WaitEOT	16	static
../Core/Src/icm45686_spi.c:682:13:ICM_SPI_DrainRx	16	static
../Core/Src/icm45686_spi.c:692:13:ICM_DelayUs	24	static,ignoring_inline_asm
../Core/Src/icm45686_spi.c:698:13:ICM_DelayMs	16	static
