../Drivers/CMSIS/Include/core_cm7.h:1871:22:__NVIC_SetPriorityGrouping	1
../Drivers/CMSIS/Include/core_cm7.h:1890:26:__NVIC_GetPriorityGrouping	1
../Drivers/CMSIS/Include/core_cm7.h:1902:22:__NVIC_EnableIRQ	2
../Drivers/CMSIS/Include/core_cm7.h:2032:22:__NVIC_SetPriority	2
../Drivers/CMSIS/Include/core_cm7.h:2079:26:NVIC_EncodePriority	2
../Drivers/STM32H7xx_HAL_Driver/Inc/stm32h7xx_ll_bdma.h:616:22:LL_BDMA_SetDataTransferDirection	1
../Drivers/STM32H7xx_HAL_Driver/Inc/stm32h7xx_ll_bdma.h:671:22:LL_BDMA_SetMode	1
../Drivers/STM32H7xx_HAL_Driver/Inc/stm32h7xx_ll_bdma.h:722:22:LL_BDMA_SetPeriphIncMode	1
../Drivers/STM32H7xx_HAL_Driver/Inc/stm32h7xx_ll_bdma.h:773:22:LL_BDMA_SetMemoryIncMode	1
../Drivers/STM32H7xx_HAL_Driver/Inc/stm32h7xx_ll_bdma.h:825:22:LL_BDMA_SetPeriphSize	1
../Drivers/STM32H7xx_HAL_Driver/Inc/stm32h7xx_ll_bdma.h:878:22:LL_BDMA_SetMemorySize	1
../Drivers/STM32H7xx_HAL_Driver/Inc/stm32h7xx_ll_bdma.h:932:22:LL_BDMA_SetChannelPriorityLevel	1
../Drivers/STM32H7xx_HAL_Driver/Inc/stm32h7xx_ll_bdma.h:1452:22:LL_BDMA_SetPeriphRequest	1
../Drivers/STM32H7xx_HAL_Driver/Inc/stm32h7xx_ll_dma.h:602:22:LL_DMA_SetDataTransferDirection	1
../Drivers/STM32H7xx_HAL_Driver/Inc/stm32h7xx_ll_dma.h:654:22:LL_DMA_SetMode	1
../Drivers/STM32H7xx_HAL_Driver/Inc/stm32h7xx_ll_dma.h:705:22:LL_DMA_SetPeriphIncMode	1
../Drivers/STM32H7xx_HAL_Driver/Inc/stm32h7xx_ll_dma.h:754:22:LL_DMA_SetMemoryIncMode	1
../Drivers/STM32H7xx_HAL_Driver/Inc/stm32h7xx_ll_dma.h:804:22:LL_DMA_SetPeriphSize	1
../Drivers/STM32H7xx_HAL_Driver/Inc/stm32h7xx_ll_dma.h:855:22:LL_DMA_SetMemorySize	1
../Drivers/STM32H7xx_HAL_Driver/Inc/stm32h7xx_ll_dma.h:956:22:LL_DMA_SetStreamPriorityLevel	1
../Drivers/STM32H7xx_HAL_Driver/Inc/stm32h7xx_ll_dma.h:1238:22:LL_DMA_SetPeriphRequest	3
../Drivers/STM32H7xx_HAL_Driver/Inc/stm32h7xx_ll_dma.h:1668:22:LL_DMA_DisableFifoMode	1
../Drivers/STM32H7xx_HAL_Driver/Inc/stm32h7xx_ll_rcc.h:1666:22:LL_RCC_HSE_Enable	1
../Drivers/STM32H7xx_HAL_Driver/Inc/stm32h7xx_ll_rcc.h:1686:26:LL_RCC_HSE_IsReady	2
../Drivers/STM32H7xx_HAL_Driver/Inc/stm32h7xx_ll_rcc.h:2405:22:LL_RCC_SetSysClkSource	1
../Drivers/STM32H7xx_HAL_Driver/Inc/stm32h7xx_ll_rcc.h:2419:26:LL_RCC_GetSysClkSource	1
../Drivers/STM32H7xx_HAL_Driver/Inc/stm32h7xx_ll_rcc.h:2489:22:LL_RCC_SetSysPrescaler	1
../Drivers/STM32H7xx_HAL_Driver/Inc/stm32h7xx_ll_rcc.h:2513:22:LL_RCC_SetAHBPrescaler	1
../Drivers/STM32H7xx_HAL_Driver/Inc/stm32h7xx_ll_rcc.h:2533:22:LL_RCC_SetAPB1Prescaler	1
../Drivers/STM32H7xx_HAL_Driver/Inc/stm32h7xx_ll_rcc.h:2553:22:LL_RCC_SetAPB2Prescaler	1
../Drivers/STM32H7xx_HAL_Driver/Inc/stm32h7xx_ll_rcc.h:2573:22:LL_RCC_SetAPB3Prescaler	1
../Drivers/STM32H7xx_HAL_Driver/Inc/stm32h7xx_ll_rcc.h:2593:22:LL_RCC_SetAPB4Prescaler	1
../Drivers/STM32H7xx_HAL_Driver/Inc/stm32h7xx_ll_rcc.h:2895:22:LL_RCC_SetClockSource	1
../Drivers/STM32H7xx_HAL_Driver/Inc/stm32h7xx_ll_rcc.h:2924:22:LL_RCC_SetUSARTClockSource	1
../Drivers/STM32H7xx_HAL_Driver/Inc/stm32h7xx_ll_rcc.h:3273:22:LL_RCC_SetSPIClockSource	1
../Drivers/STM32H7xx_HAL_Driver/Inc/stm32h7xx_ll_rcc.h:4298:22:LL_RCC_PLL_SetSource	1
../Drivers/STM32H7xx_HAL_Driver/Inc/stm32h7xx_ll_rcc.h:4322:22:LL_RCC_PLL1_Enable	1
../Drivers/STM32H7xx_HAL_Driver/Inc/stm32h7xx_ll_rcc.h:4343:26:LL_RCC_PLL1_IsReady	2
../Drivers/STM32H7xx_HAL_Driver/Inc/stm32h7xx_ll_rcc.h:4354:22:LL_RCC_PLL1P_Enable	1
../Drivers/STM32H7xx_HAL_Driver/Inc/stm32h7xx_ll_rcc.h:4376:22:LL_RCC_PLL1R_Enable	1
../Drivers/STM32H7xx_HAL_Driver/Inc/stm32h7xx_ll_rcc.h:4386:22:LL_RCC_PLL1FRACN_Enable	1
../Drivers/STM32H7xx_HAL_Driver/Inc/stm32h7xx_ll_rcc.h:4483:22:LL_RCC_PLL1_SetVCOOutputRange	1
../Drivers/STM32H7xx_HAL_Driver/Inc/stm32h7xx_ll_rcc.h:4499:22:LL_RCC_PLL1_SetVCOInputRange	1
../Drivers/STM32H7xx_HAL_Driver/Inc/stm32h7xx_ll_rcc.h:4570:22:LL_RCC_PLL1_SetN	1
../Drivers/STM32H7xx_HAL_Driver/Inc/stm32h7xx_ll_rcc.h:4581:22:LL_RCC_PLL1_SetM	1
../Drivers/STM32H7xx_HAL_Driver/Inc/stm32h7xx_ll_rcc.h:4594:22:LL_RCC_PLL1_SetP	1
../Drivers/STM32H7xx_HAL_Driver/Inc/stm32h7xx_ll_rcc.h:4605:22:LL_RCC_PLL1_SetQ	1
../Drivers/STM32H7xx_HAL_Driver/Inc/stm32h7xx_ll_rcc.h:4616:22:LL_RCC_PLL1_SetR	1
../Drivers/STM32H7xx_HAL_Driver/Inc/stm32h7xx_ll_rcc.h:4626:22:LL_RCC_PLL1_SetFRACN	1
../Drivers/STM32H7xx_HAL_Driver/Inc/stm32h7xx_ll_rcc.h:4636:22:LL_RCC_PLL2_Enable	1
../Drivers/STM32H7xx_HAL_Driver/Inc/stm32h7xx_ll_rcc.h:4657:26:LL_RCC_PLL2_IsReady	2
../Drivers/STM32H7xx_HAL_Driver/Inc/stm32h7xx_ll_rcc.h:4668:22:LL_RCC_PLL2P_Enable	1
../Drivers/STM32H7xx_HAL_Driver/Inc/stm32h7xx_ll_rcc.h:4679:22:LL_RCC_PLL2Q_Enable	1
../Drivers/STM32H7xx_HAL_Driver/Inc/stm32h7xx_ll_rcc.h:4700:22:LL_RCC_PLL2FRACN_Enable	1
../Drivers/STM32H7xx_HAL_Driver/Inc/stm32h7xx_ll_rcc.h:4797:22:LL_RCC_PLL2_SetVCOOutputRange	1
../Drivers/STM32H7xx_HAL_Driver/Inc/stm32h7xx_ll_rcc.h:4813:22:LL_RCC_PLL2_SetVCOInputRange	1
../Drivers/STM32H7xx_HAL_Driver/Inc/stm32h7xx_ll_rcc.h:4884:22:LL_RCC_PLL2_SetN	1
../Drivers/STM32H7xx_HAL_Driver/Inc/stm32h7xx_ll_rcc.h:4895:22:LL_RCC_PLL2_SetM	1
../Drivers/STM32H7xx_HAL_Driver/Inc/stm32h7xx_ll_rcc.h:4906:22:LL_RCC_PLL2_SetP	1
../Drivers/STM32H7xx_HAL_Driver/Inc/stm32h7xx_ll_rcc.h:4917:22:LL_RCC_PLL2_SetQ	1
../Drivers/STM32H7xx_HAL_Driver/Inc/stm32h7xx_ll_rcc.h:4928:22:LL_RCC_PLL2_SetR	1
../Drivers/STM32H7xx_HAL_Driver/Inc/stm32h7xx_ll_rcc.h:4938:22:LL_RCC_PLL2_SetFRACN	1
../Drivers/STM32H7xx_HAL_Driver/Inc/stm32h7xx_ll_bus.h:872:22:LL_AHB1_GRP1_EnableClock	1
../Drivers/STM32H7xx_HAL_Driver/Inc/stm32h7xx_ll_bus.h:1384:22:LL_AHB4_GRP1_EnableClock	1
../Drivers/STM32H7xx_HAL_Driver/Inc/stm32h7xx_ll_bus.h:1862:22:LL_APB1_GRP1_EnableClock	1
../Drivers/STM32H7xx_HAL_Driver/Inc/stm32h7xx_ll_bus.h:2480:22:LL_APB2_GRP1_EnableClock	1
../Drivers/STM32H7xx_HAL_Driver/Inc/stm32h7xx_ll_bus.h:2814:22:LL_APB4_GRP1_EnableClock	1
../Drivers/STM32H7xx_HAL_Driver/Inc/stm32h7xx_ll_system.h:2333:22:LL_FLASH_SetLatency	1
../Drivers/STM32H7xx_HAL_Driver/Inc/stm32h7xx_ll_system.h:2351:26:LL_FLASH_GetLatency	1
../Drivers/STM32H7xx_HAL_Driver/Inc/stm32h7xx_ll_cortex.h:494:22:LL_MPU_Enable	1
../Drivers/STM32H7xx_HAL_Driver/Inc/stm32h7xx_ll_cortex.h:509:22:LL_MPU_Disable	1
../Drivers/STM32H7xx_HAL_Driver/Inc/stm32h7xx_ll_cortex.h:550:22:LL_MPU_EnableRegion	1
../Drivers/STM32H7xx_HAL_Driver/Inc/stm32h7xx_ll_cortex.h:605:22:LL_MPU_ConfigRegion	1
../Drivers/STM32H7xx_HAL_Driver/Inc/stm32h7xx_ll_pwr.h:1012:22:LL_PWR_ConfigSupply	1
../Drivers/STM32H7xx_HAL_Driver/Inc/stm32h7xx_ll_pwr.h:1575:22:LL_PWR_SetRegulVoltageScaling	1
../Drivers/STM32H7xx_HAL_Driver/Inc/stm32h7xx_ll_pwr.h:2108:26:LL_PWR_IsActiveFlag_VOS	2
../Drivers/STM32H7xx_HAL_Driver/Inc/stm32h7xx_ll_spi.h:567:22:LL_SPI_Disable	1
../Drivers/STM32H7xx_HAL_Driver/Inc/stm32h7xx_ll_spi.h:1116:22:LL_SPI_SetStandard	1
../Drivers/STM32H7xx_HAL_Driver/Inc/stm32h7xx_ll_spi.h:1466:22:LL_SPI_SetFIFOThreshold	1
../Drivers/STM32H7xx_HAL_Driver/Inc/stm32h7xx_ll_spi.h:1668:22:LL_SPI_DisableNSSPulseMgt	1
../Drivers/STM32H7xx_HAL_Driver/Inc/stm32h7xx_ll_tim.h:1523:22:LL_TIM_EnableCounter	1
../Drivers/STM32H7xx_HAL_Driver/Inc/stm32h7xx_ll_tim.h:1714:22:LL_TIM_DisableARRPreload	1
../Drivers/STM32H7xx_HAL_Driver/Inc/stm32h7xx_ll_tim.h:3348:22:LL_TIM_SetTriggerOutput	1
../Drivers/STM32H7xx_HAL_Driver/Inc/stm32h7xx_ll_tim.h:3457:22:LL_TIM_DisableMasterSlaveMode	1
../Drivers/STM32H7xx_HAL_Driver/Inc/stm32h7xx_ll_tim.h:4566:22:LL_TIM_EnableIT_UPDATE	1
../Drivers/STM32H7xx_HAL_Driver/Inc/stm32h7xx_ll_usart.h:635:22:LL_USART_Enable	1
../Drivers/STM32H7xx_HAL_Driver/Inc/stm32h7xx_ll_usart.h:686:22:LL_USART_DisableFIFO	1
../Drivers/STM32H7xx_HAL_Driver/Inc/stm32h7xx_ll_usart.h:719:22:LL_USART_SetTXFIFOThreshold	2
../Drivers/STM32H7xx_HAL_Driver/Inc/stm32h7xx_ll_usart.h:758:22:LL_USART_SetRXFIFOThreshold	2
../Drivers/STM32H7xx_HAL_Driver/Inc/stm32h7xx_ll_usart.h:2674:22:LL_USART_ConfigAsyncMode	1
../Drivers/STM32H7xx_HAL_Driver/Inc/stm32h7xx_ll_usart.h:3194:26:LL_USART_IsActiveFlag_TEACK	2
../Drivers/STM32H7xx_HAL_Driver/Inc/stm32h7xx_ll_usart.h:3205:26:LL_USART_IsActiveFlag_REACK	2
../Drivers/STM32H7xx_HAL_Driver/Inc/stm32h7xx_ll_gpio.h:884:22:LL_GPIO_SetOutputPin	1
../Core/Src/main.c:84:5:main	2
../Core/Src/main.c:186:6:SystemClock_Config	6
../Core/Src/main.c:249:6:PeriphCommonClock_Config	2
../Core/Src/main.c:276:13:MX_SPI1_Init	1
../Core/Src/main.c:380:13:MX_SPI2_Init	1
../Core/Src/main.c:492:13:MX_SPI3_Init	1
../Core/Src/main.c:604:13:MX_SPI4_Init	1
../Core/Src/main.c:708:13:MX_SPI5_Init	1
../Core/Src/main.c:812:13:MX_SPI6_Init	1
../Core/Src/main.c:920:13:MX_TIM6_Init	1
../Core/Src/main.c:957:13:MX_TIM7_Init	1
../Core/Src/main.c:990:13:MX_USART1_UART_Init	3
../Core/Src/main.c:1095:13:MX_BDMA_Init	1
../Core/Src/main.c:1115:13:MX_DMA_Init	1
../Core/Src/main.c:1168:13:MX_GPIO_Init	1
../Core/Src/main.c:1322:6:MPU_Config	1
../Core/Src/main.c:1343:6:Error_Handler	1
