../Drivers/STM32H7xx_HAL_Driver/Inc/stm32h7xx_ll_dma.h:2161:26:LL_DMA_IsActiveFlag_TC0	16	static
../Drivers/STM32H7xx_HAL_Driver/Inc/stm32h7xx_ll_dma.h:2172:26:LL_DMA_IsActiveFlag_TC1	16	static
../Drivers/STM32H7xx_HAL_Driver/Inc/stm32h7xx_ll_dma.h:2183:26:LL_DMA_IsActiveFlag_TC2	16	static
../Drivers/STM32H7xx_HAL_Driver/Inc/stm32h7xx_ll_dma.h:2194:26:LL_DMA_IsActiveFlag_TC3	16	static
../Drivers/STM32H7xx_HAL_Driver/Inc/stm32h7xx_ll_dma.h:2249:26:LL_DMA_IsActiveFlag_TE0	16	static
../Drivers/STM32H7xx_HAL_Driver/Inc/stm32h7xx_ll_dma.h:2260:26:LL_DMA_IsActiveFlag_TE1	16	static
../Drivers/STM32H7xx_HAL_Driver/Inc/stm32h7xx_ll_dma.h:2271:26:LL_DMA_IsActiveFlag_TE2	16	static
../Drivers/STM32H7xx_HAL_Driver/Inc/stm32h7xx_ll_dma.h:2282:26:LL_DMA_IsActiveFlag_TE3	16	static
../Drivers/STM32H7xx_HAL_Driver/Inc/stm32h7xx_ll_dma.h:2348:26:LL_DMA_IsActiveFlag_DME1	16	static
../Drivers/STM32H7xx_HAL_Driver/Inc/stm32h7xx_ll_dma.h:2436:26:LL_DMA_IsActiveFlag_FE1	16	static
../Drivers/STM32H7xx_HAL_Driver/Inc/stm32h7xx_ll_dma.h:2601:22:LL_DMA_ClearFlag_TC0	16	static
../Drivers/STM32H7xx_HAL_Driver/Inc/stm32h7xx_ll_dma.h:2612:22:LL_DMA_ClearFlag_TC1	16	static
../Drivers/STM32H7xx_HAL_Driver/Inc/stm32h7xx_ll_dma.h:2623:22:LL_DMA_ClearFlag_TC2	16	static
../Drivers/STM32H7xx_HAL_Driver/Inc/stm32h7xx_ll_dma.h:2634:22:LL_DMA_ClearFlag_TC3	16	static
../Drivers/STM32H7xx_HAL_Driver/Inc/stm32h7xx_ll_dma.h:2689:22:LL_DMA_ClearFlag_TE0	16	static
../Drivers/STM32H7xx_HAL_Driver/Inc/stm32h7xx_ll_dma.h:2700:22:LL_DMA_ClearFlag_TE1	16	static
../Drivers/STM32H7xx_HAL_Driver/Inc/stm32h7xx_ll_dma.h:2711:22:LL_DMA_ClearFlag_TE2	16	static
../Drivers/STM32H7xx_HAL_Driver/Inc/stm32h7xx_ll_dma.h:2722:22:LL_DMA_ClearFlag_TE3	16	static
../Drivers/STM32H7xx_HAL_Driver/Inc/stm32h7xx_ll_dma.h:2788:22:LL_DMA_ClearFlag_DME1	16	static
../Drivers/STM32H7xx_HAL_Driver/Inc/stm32h7xx_ll_dma.h:2876:22:LL_DMA_ClearFlag_FE1	16	static
../Drivers/STM32H7xx_HAL_Driver/Inc/stm32h7xx_ll_spi.h:1731:26:LL_SPI_IsActiveFlag_EOT	16	static
../Drivers/STM32H7xx_HAL_Driver/Inc/stm32h7xx_ll_spi.h:1786:26:LL_SPI_IsActiveFlag_OVR	16	static
../Drivers/STM32H7xx_HAL_Driver/Inc/stm32h7xx_ll_spi.h:1911:22:LL_SPI_ClearFlag_OVR	16	static
../Drivers/STM32H7xx_HAL_Driver/Inc/stm32h7xx_ll_spi.h:2260:26:LL_SPI_IsEnabledIT_EOT	16	static
../Drivers/STM32H7xx_HAL_Driver/Inc/stm32h7xx_ll_tim.h:4203:22:LL_TIM_ClearFlag_UPDATE	16	static
../Drivers/STM32H7xx_HAL_Driver/Inc/stm32h7xx_ll_tim.h:4214:26:LL_TIM_IsActiveFlag_UPDATE	16	static
../Core/Src/stm32h7xx_it.c:34:6:NMI_Handler	4	static
../Core/Src/stm32h7xx_it.c:39:6:HardFault_Handler	4	static
../Core/Src/stm32h7xx_it.c:44:6:MemManage_Handler	4	static
../Core/Src/stm32h7xx_it.c:49:6:BusFault_Handler	4	static
../Core/Src/stm32h7xx_it.c:54:6:UsageFault_Handler	4	static
../Core/Src/stm32h7xx_it.c:59:6:SVC_Handler	4	static
../Core/Src/stm32h7xx_it.c:63:6:DebugMon_Handler	4	static
../Core/Src/stm32h7xx_it.c:67:6:PendSV_Handler	4	static
../Core/Src/stm32h7xx_it.c:71:6:SysTick_Handler	4	static
../Core/Src/stm32h7xx_it.c:89:6:DMA1_Stream1_IRQHandler	8	static
../Core/Src/stm32h7xx_it.c:139:6:DMA1_Stream2_IRQHandler	8	static
../Core/Src/stm32h7xx_it.c:158:6:DMA1_Stream3_IRQHandler	8	static
../Core/Src/stm32h7xx_it.c:177:6:TIM6_DAC_IRQHandler	8	static
../Core/Src/stm32h7xx_it.c:197:6:TIM7_IRQHandler	8	static
../Core/Src/stm32h7xx_it.c:209:6:DMA2_Stream0_IRQHandler	8	static
../Core/Src/stm32h7xx_it.c:228:6:DMA2_Stream1_IRQHandler	8	static
../Core/Src/stm32h7xx_it.c:244:6:DMA2_Stream2_IRQHandler	8	static
../Core/Src/stm32h7xx_it.c:263:6:DMA2_Stream3_IRQHandler	8	static
../Core/Src/stm32h7xx_it.c:288:6:SPI1_IRQHandler	8	static
../Core/Src/stm32h7xx_it.c:303:6:SPI4_IRQHandler	8	static
../Core/Src/stm32h7xx_it.c:317:6:SPI5_IRQHandler	8	static
../Core/Src/stm32h7xx_it.c:334:6:SPI2_IRQHandler	4	static
../Core/Src/stm32h7xx_it.c:335:6:SPI3_IRQHandler	4	static
../Core/Src/stm32h7xx_it.c:336:6:SPI6_IRQHandler	4	static
../Core/Src/stm32h7xx_it.c:338:6:DMA1_Stream0_IRQHandler	4	static
../Core/Src/stm32h7xx_it.c:339:6:DMA1_Stream4_IRQHandler	4	static
../Core/Src/stm32h7xx_it.c:340:6:DMA1_Stream5_IRQHandler	4	static
../Core/Src/stm32h7xx_it.c:341:6:DMA1_Stream6_IRQHandler	4	static
../Core/Src/stm32h7xx_it.c:342:6:DMA1_Stream7_IRQHandler	4	static
../Core/Src/stm32h7xx_it.c:344:6:BDMA_Channel0_IRQHandler	4	static
../Core/Src/stm32h7xx_it.c:345:6:BDMA_Channel1_IRQHandler	4	static
