../Drivers/STM32H7xx_HAL_Driver/Inc/stm32h7xx_ll_dma.h:489:22:LL_DMA_EnableStream	24	static
../Drivers/STM32H7xx_HAL_Driver/Inc/stm32h7xx_ll_dma.h:511:22:LL_DMA_DisableStream	24	static
../Drivers/STM32H7xx_HAL_Driver/Inc/stm32h7xx_ll_dma.h:533:26:LL_DMA_IsEnabledStream	24	static
../Drivers/STM32H7xx_HAL_Driver/Inc/stm32h7xx_ll_dma.h:1051:22:LL_DMA_SetDataLength	32	static
../Drivers/STM32H7xx_HAL_Driver/Inc/stm32h7xx_ll_dma.h:1840:22:LL_DMA_SetMemoryAddress	32	static
../Drivers/STM32H7xx_HAL_Driver/Inc/stm32h7xx_ll_dma.h:1865:22:LL_DMA_SetPeriphAddress	32	static
../Drivers/STM32H7xx_HAL_Driver/Inc/stm32h7xx_ll_dma.h:2612:22:LL_DMA_ClearFlag_TC1	16	static
../Drivers/STM32H7xx_HAL_Driver/Inc/stm32h7xx_ll_dma.h:2700:22:LL_DMA_ClearFlag_TE1	16	static
../Drivers/STM32H7xx_HAL_Driver/Inc/stm32h7xx_ll_dma.h:2788:22:LL_DMA_ClearFlag_DME1	16	static
../Drivers/STM32H7xx_HAL_Driver/Inc/stm32h7xx_ll_dma.h:2876:22:LL_DMA_ClearFlag_FE1	16	static
../Drivers/STM32H7xx_HAL_Driver/Inc/stm32h7xx_ll_dma.h:2992:22:LL_DMA_EnableIT_TE	24	static
../Drivers/STM32H7xx_HAL_Driver/Inc/stm32h7xx_ll_dma.h:3014:22:LL_DMA_EnableIT_TC	24	static
../Drivers/STM32H7xx_HAL_Driver/Inc/stm32h7xx_ll_dma.h:3036:22:LL_DMA_EnableIT_DME	24	static
../Drivers/STM32H7xx_HAL_Driver/Inc/stm32h7xx_ll_dma.h:3058:22:LL_DMA_EnableIT_FE	24	static
../Drivers/STM32H7xx_HAL_Driver/Inc/stm32h7xx_ll_usart.h:4150:22:LL_USART_EnableDMAReq_TX	40	static,ignoring_inline_asm
../Drivers/STM32H7xx_HAL_Driver/Inc/stm32h7xx_ll_usart.h:4220:26:LL_USART_DMA_GetRegAddr	24	static
../Core/Src/uart_telemetry.c:102:17:CRC16_CCITT	32	static
../Core/Src/uart_telemetry.c:131:24:UART_ToU20	16	static
../Core/Src/uart_telemetry.c:140:13:UART_PackIMU19	40	static
../Core/Src/uart_telemetry.c:181:13:UART_ClearIMU19	24	static
../Core/Src/uart_telemetry.c:210:13:UART_BuildPacket	24	static
../Core/Src/uart_telemetry.c:263:13:UART_StartDMAFromBuffer	16	static
../Core/Src/uart_telemetry.c:299:6:UART_Telemetry_Init	16	static
../Core/Src/uart_telemetry.c:370:6:UART_BuildAndSendSyncFrame	32	static,ignoring_inline_asm
../Core/Src/uart_telemetry.c:454:6:UART_DMA_TxComplete	8	static
